<?xml version="1.0" encoding="UTF-8"?><ANSIString2root><ANSIString2_1elm ANSIString2_2attr="ANSIString2_2val0"><ANSIString2_3elm>ANSIString2_3val</ANSIString2_3elm></ANSIString2_1elm><ANSIString2_1elm ANSIString2_2attr="ANSIString2_2val1"><ANSIString2_3elm>ANSIString2_3val</ANSIString2_3elm></ANSIString2_1elm><ANSIString2_1elm ANSIString2_2attr="ANSIString2_2val2"><ANSIString2_3elm>ANSIString2_3val</ANSIString2_3elm></ANSIString2_1elm><ANSIString2_1elm ANSIString2_2attr="ANSIString2_2val3"><ANSIString2_3elm>ANSIString2_3val</ANSIString2_3elm></ANSIString2_1elm><ANSIString2_1elm ANSIString2_2attr="ANSIString2_2val4"><ANSIString2_3elm>ANSIString2_3val</ANSIString2_3elm></ANSIString2_1elm><!--啊☆抎駡U郂 comment--></ANSIString2root>