Name : zh_CN
Country : CN
Language : zh
Variant : 
DisplayName : 中文 (中国)
DisplayCountry : 中国
DisplayLanguage : 中文
DisplayVariant : 
ISO3Country : CHN
ISO3Language : zho
Encoding : Cp1383
