<TABLE border=1>
<TBODY>
<TR>
<TD>Version</TD><TD>1.0</TD></TR>
<TR>
<TD>Encoding</TD><TD>UTF-8</TD></TR>
<TR>
<TD>Standalone</TD><TD>false</TD></TR>
</TBODY></TABLE><BR>
<TABLE border=1>
<TBODY>
<TR>
<TD>Element(QName)</TD><TD>飲料數據</TD></TR>
<TR>
<TD>Element(Local Name)</TD><TD>飲料數據</TD></TR>
<TABLE border=1>
<TBODY>
<TR>
<TD>Element(QName)</TD><TD>飲料</TD></TR>
<TR>
<TD>Element(Local Name)</TD><TD>飲料</TD></TR>
<TABLE border=1>
<TBODY>
<TR>
<TD>Element(QName)</TD><TD>名稱</TD></TR>
<TR>
<TD>Element(Local Name)</TD><TD>名稱</TD></TR>
<TR>
<TD>Content</TD><TD>名稱A</TD></TR>
</TBODY></TABLE><BR>
<TABLE border=1>
<TBODY>
<TR>
<TD>Element(QName)</TD><TD>種類</TD></TR>
<TR>
<TD>Element(Local Name)</TD><TD>種類</TD></TR>
<TR>
<TD>Content</TD><TD>飲料SD</TD></TR>
</TBODY></TABLE><BR>
<TABLE border=1>
<TBODY>
<TR>
<TD>Element(QName)</TD><TD>公司</TD></TR>
<TR>
<TD>Element(Local Name)</TD><TD>公司</TD></TR>
<TR>
<TD>Content</TD><TD>公司CC</TD></TR>
</TBODY></TABLE><BR>
<TABLE border=1>
<TBODY>
<TR>
<TD>Element(QName)</TD><TD>價格</TD></TR>
<TR>
<TD>Element(Local Name)</TD><TD>價格</TD></TR>
<TR>
<TD>Attribute(QName)</TD><TD>貨幣</TD></TR>
<TR>
<TD>Attribute(Local Name)</TD><TD>貨幣</TD></TR>
<TR>
<TD>Attribute(Type)</TD><TD>CDATA</TD></TR>
<TR>
<TD>Attribute(Value)</TD><TD>日圓</TD></TR>
<TR>
<TD>Attribute(Prefix)</TD><TD>-</TD></TR>
<TR>
<TD>Attribute(Namespace)</TD><TD>null</TD></TR>
<TR>
<TD>Content</TD><TD>120</TD></TR>
</TBODY></TABLE><BR>
<TABLE border=1>
<TBODY>
<TR>
<TD>Element(QName)</TD><TD>含量</TD></TR>
<TR>
<TD>Element(Local Name)</TD><TD>含量</TD></TR>
<TR>
<TD>Attribute(QName)</TD><TD>單位</TD></TR>
<TR>
<TD>Attribute(Local Name)</TD><TD>單位</TD></TR>
<TR>
<TD>Attribute(Type)</TD><TD>CDATA</TD></TR>
<TR>
<TD>Attribute(Value)</TD><TD>ml</TD></TR>
<TR>
<TD>Attribute(Prefix)</TD><TD>-</TD></TR>
<TR>
<TD>Attribute(Namespace)</TD><TD>null</TD></TR>
<TR>
<TD>Content</TD><TD>350</TD></TR>
</TBODY></TABLE><BR>
</TBODY></TABLE><BR>
<TABLE border=1>
<TBODY>
<TR>
<TD>Element(QName)</TD><TD>飲料</TD></TR>
<TR>
<TD>Element(Local Name)</TD><TD>飲料</TD></TR>
<TABLE border=1>
<TBODY>
<TR>
<TD>Element(QName)</TD><TD>名稱</TD></TR>
<TR>
<TD>Element(Local Name)</TD><TD>名稱</TD></TR>
<TR>
<TD>Content</TD><TD>名稱D</TD></TR>
</TBODY></TABLE><BR>
<TABLE border=1>
<TBODY>
<TR>
<TD>Element(QName)</TD><TD>種類</TD></TR>
<TR>
<TD>Element(Local Name)</TD><TD>種類</TD></TR>
<TR>
<TD>Content</TD><TD>飲料SD</TD></TR>
</TBODY></TABLE><BR>
<TABLE border=1>
<TBODY>
<TR>
<TD>Element(QName)</TD><TD>公司</TD></TR>
<TR>
<TD>Element(Local Name)</TD><TD>公司</TD></TR>
<TR>
<TD>Content</TD><TD>公司S2</TD></TR>
</TBODY></TABLE><BR>
<TABLE border=1>
<TBODY>
<TR>
<TD>Element(QName)</TD><TD>價格</TD></TR>
<TR>
<TD>Element(Local Name)</TD><TD>價格</TD></TR>
<TR>
<TD>Attribute(QName)</TD><TD>貨幣</TD></TR>
<TR>
<TD>Attribute(Local Name)</TD><TD>貨幣</TD></TR>
<TR>
<TD>Attribute(Type)</TD><TD>CDATA</TD></TR>
<TR>
<TD>Attribute(Value)</TD><TD>日圓</TD></TR>
<TR>
<TD>Attribute(Prefix)</TD><TD>-</TD></TR>
<TR>
<TD>Attribute(Namespace)</TD><TD>null</TD></TR>
<TR>
<TD>Content</TD><TD>120</TD></TR>
</TBODY></TABLE><BR>
<TABLE border=1>
<TBODY>
<TR>
<TD>Element(QName)</TD><TD>含量</TD></TR>
<TR>
<TD>Element(Local Name)</TD><TD>含量</TD></TR>
<TR>
<TD>Attribute(QName)</TD><TD>單位</TD></TR>
<TR>
<TD>Attribute(Local Name)</TD><TD>單位</TD></TR>
<TR>
<TD>Attribute(Type)</TD><TD>CDATA</TD></TR>
<TR>
<TD>Attribute(Value)</TD><TD>ml</TD></TR>
<TR>
<TD>Attribute(Prefix)</TD><TD>-</TD></TR>
<TR>
<TD>Attribute(Namespace)</TD><TD>null</TD></TR>
<TR>
<TD>Content</TD><TD>350</TD></TR>
</TBODY></TABLE><BR>
</TBODY></TABLE><BR>
<TABLE border=1>
<TBODY>
<TR>
<TD>Element(QName)</TD><TD>飲料</TD></TR>
<TR>
<TD>Element(Local Name)</TD><TD>飲料</TD></TR>
<TABLE border=1>
<TBODY>
<TR>
<TD>Element(QName)</TD><TD>名稱</TD></TR>
<TR>
<TD>Element(Local Name)</TD><TD>名稱</TD></TR>
<TR>
<TD>Content</TD><TD>名稱S</TD></TR>
</TBODY></TABLE><BR>
<TABLE border=1>
<TBODY>
<TR>
<TD>Element(QName)</TD><TD>種類</TD></TR>
<TR>
<TD>Element(Local Name)</TD><TD>種類</TD></TR>
<TR>
<TD>Content</TD><TD>飲料SD</TD></TR>
</TBODY></TABLE><BR>
<TABLE border=1>
<TBODY>
<TR>
<TD>Element(QName)</TD><TD>公司</TD></TR>
<TR>
<TD>Element(Local Name)</TD><TD>公司</TD></TR>
<TR>
<TD>Content</TD><TD>公司J</TD></TR>
</TBODY></TABLE><BR>
<TABLE border=1>
<TBODY>
<TR>
<TD>Element(QName)</TD><TD>價格</TD></TR>
<TR>
<TD>Element(Local Name)</TD><TD>價格</TD></TR>
<TR>
<TD>Attribute(QName)</TD><TD>貨幣</TD></TR>
<TR>
<TD>Attribute(Local Name)</TD><TD>貨幣</TD></TR>
<TR>
<TD>Attribute(Type)</TD><TD>CDATA</TD></TR>
<TR>
<TD>Attribute(Value)</TD><TD>日圓</TD></TR>
<TR>
<TD>Attribute(Prefix)</TD><TD>-</TD></TR>
<TR>
<TD>Attribute(Namespace)</TD><TD>null</TD></TR>
<TR>
<TD>Content</TD><TD>140</TD></TR>
</TBODY></TABLE><BR>
<TABLE border=1>
<TBODY>
<TR>
<TD>Element(QName)</TD><TD>含量</TD></TR>
<TR>
<TD>Element(Local Name)</TD><TD>含量</TD></TR>
<TR>
<TD>Attribute(QName)</TD><TD>單位</TD></TR>
<TR>
<TD>Attribute(Local Name)</TD><TD>單位</TD></TR>
<TR>
<TD>Attribute(Type)</TD><TD>CDATA</TD></TR>
<TR>
<TD>Attribute(Value)</TD><TD>ml</TD></TR>
<TR>
<TD>Attribute(Prefix)</TD><TD>-</TD></TR>
<TR>
<TD>Attribute(Namespace)</TD><TD>null</TD></TR>
<TR>
<TD>Content</TD><TD>500</TD></TR>
</TBODY></TABLE><BR>
</TBODY></TABLE><BR>
<TABLE border=1>
<TBODY>
<TR>
<TD>Element(QName)</TD><TD>飲料</TD></TR>
<TR>
<TD>Element(Local Name)</TD><TD>飲料</TD></TR>
<TABLE border=1>
<TBODY>
<TR>
<TD>Element(QName)</TD><TD>名稱</TD></TR>
<TR>
<TD>Element(Local Name)</TD><TD>名稱</TD></TR>
<TR>
<TD>Content</TD><TD>名稱DV</TD></TR>
</TBODY></TABLE><BR>
<TABLE border=1>
<TBODY>
<TR>
<TD>Element(QName)</TD><TD>種類</TD></TR>
<TR>
<TD>Element(Local Name)</TD><TD>種類</TD></TR>
<TR>
<TD>Content</TD><TD>飲料VD</TD></TR>
</TBODY></TABLE><BR>
<TABLE border=1>
<TBODY>
<TR>
<TD>Element(QName)</TD><TD>公司</TD></TR>
<TR>
<TD>Element(Local Name)</TD><TD>公司</TD></TR>
<TR>
<TD>Content</TD><TD>公司S2</TD></TR>
</TBODY></TABLE><BR>
<TABLE border=1>
<TBODY>
<TR>
<TD>Element(QName)</TD><TD>價格</TD></TR>
<TR>
<TD>Element(Local Name)</TD><TD>價格</TD></TR>
<TR>
<TD>Attribute(QName)</TD><TD>貨幣</TD></TR>
<TR>
<TD>Attribute(Local Name)</TD><TD>貨幣</TD></TR>
<TR>
<TD>Attribute(Type)</TD><TD>CDATA</TD></TR>
<TR>
<TD>Attribute(Value)</TD><TD>日圓</TD></TR>
<TR>
<TD>Attribute(Prefix)</TD><TD>-</TD></TR>
<TR>
<TD>Attribute(Namespace)</TD><TD>null</TD></TR>
<TR>
<TD>Content</TD><TD>120</TD></TR>
</TBODY></TABLE><BR>
<TABLE border=1>
<TBODY>
<TR>
<TD>Element(QName)</TD><TD>含量</TD></TR>
<TR>
<TD>Element(Local Name)</TD><TD>含量</TD></TR>
<TR>
<TD>Attribute(QName)</TD><TD>單位</TD></TR>
<TR>
<TD>Attribute(Local Name)</TD><TD>單位</TD></TR>
<TR>
<TD>Attribute(Type)</TD><TD>CDATA</TD></TR>
<TR>
<TD>Attribute(Value)</TD><TD>ml</TD></TR>
<TR>
<TD>Attribute(Prefix)</TD><TD>-</TD></TR>
<TR>
<TD>Attribute(Namespace)</TD><TD>null</TD></TR>
<TR>
<TD>Content</TD><TD>210</TD></TR>
</TBODY></TABLE><BR>
</TBODY></TABLE><BR>
<TABLE border=1>
<TBODY>
<TR>
<TD>Element(QName)</TD><TD>飲料</TD></TR>
<TR>
<TD>Element(Local Name)</TD><TD>飲料</TD></TR>
<TABLE border=1>
<TBODY>
<TR>
<TD>Element(QName)</TD><TD>名稱</TD></TR>
<TR>
<TD>Element(Local Name)</TD><TD>名稱</TD></TR>
<TR>
<TD>Content</TD><TD>名稱SK</TD></TR>
</TBODY></TABLE><BR>
<TABLE border=1>
<TBODY>
<TR>
<TD>Element(QName)</TD><TD>種類</TD></TR>
<TR>
<TD>Element(Local Name)</TD><TD>種類</TD></TR>
<TR>
<TD>Content</TD><TD>飲料JT</TD></TR>
</TBODY></TABLE><BR>
<TABLE border=1>
<TBODY>
<TR>
<TD>Element(QName)</TD><TD>公司</TD></TR>
<TR>
<TD>Element(Local Name)</TD><TD>公司</TD></TR>
<TR>
<TD>Content</TD><TD>公司CC</TD></TR>
</TBODY></TABLE><BR>
<TABLE border=1>
<TBODY>
<TR>
<TD>Element(QName)</TD><TD>價格</TD></TR>
<TR>
<TD>Element(Local Name)</TD><TD>價格</TD></TR>
<TR>
<TD>Attribute(QName)</TD><TD>貨幣</TD></TR>
<TR>
<TD>Attribute(Local Name)</TD><TD>貨幣</TD></TR>
<TR>
<TD>Attribute(Type)</TD><TD>CDATA</TD></TR>
<TR>
<TD>Attribute(Value)</TD><TD>日圓</TD></TR>
<TR>
<TD>Attribute(Prefix)</TD><TD>-</TD></TR>
<TR>
<TD>Attribute(Namespace)</TD><TD>null</TD></TR>
<TR>
<TD>Content</TD><TD>150</TD></TR>
</TBODY></TABLE><BR>
<TABLE border=1>
<TBODY>
<TR>
<TD>Element(QName)</TD><TD>含量</TD></TR>
<TR>
<TD>Element(Local Name)</TD><TD>含量</TD></TR>
<TR>
<TD>Attribute(QName)</TD><TD>單位</TD></TR>
<TR>
<TD>Attribute(Local Name)</TD><TD>單位</TD></TR>
<TR>
<TD>Attribute(Type)</TD><TD>CDATA</TD></TR>
<TR>
<TD>Attribute(Value)</TD><TD>ml</TD></TR>
<TR>
<TD>Attribute(Prefix)</TD><TD>-</TD></TR>
<TR>
<TD>Attribute(Namespace)</TD><TD>null</TD></TR>
<TR>
<TD>Content</TD><TD>500</TD></TR>
</TBODY></TABLE><BR>
</TBODY></TABLE><BR>
<TABLE border=1>
<TBODY>
<TR>
<TD>Element(QName)</TD><TD>飲料</TD></TR>
<TR>
<TD>Element(Local Name)</TD><TD>飲料</TD></TR>
<TABLE border=1>
<TBODY>
<TR>
<TD>Element(QName)</TD><TD>名稱</TD></TR>
<TR>
<TD>Element(Local Name)</TD><TD>名稱</TD></TR>
<TR>
<TD>Content</TD><TD>名稱K</TD></TR>
</TBODY></TABLE><BR>
<TABLE border=1>
<TBODY>
<TR>
<TD>Element(QName)</TD><TD>種類</TD></TR>
<TR>
<TD>Element(Local Name)</TD><TD>種類</TD></TR>
<TR>
<TD>Content</TD><TD>飲料V</TD></TR>
</TBODY></TABLE><BR>
<TABLE border=1>
<TBODY>
<TR>
<TD>Element(QName)</TD><TD>公司</TD></TR>
<TR>
<TD>Element(Local Name)</TD><TD>公司</TD></TR>
<TR>
<TD>Content</TD><TD>公司K</TD></TR>
</TBODY></TABLE><BR>
<TABLE border=1>
<TBODY>
<TR>
<TD>Element(QName)</TD><TD>價格</TD></TR>
<TR>
<TD>Element(Local Name)</TD><TD>價格</TD></TR>
<TR>
<TD>Attribute(QName)</TD><TD>貨幣</TD></TR>
<TR>
<TD>Attribute(Local Name)</TD><TD>貨幣</TD></TR>
<TR>
<TD>Attribute(Type)</TD><TD>CDATA</TD></TR>
<TR>
<TD>Attribute(Value)</TD><TD>日圓</TD></TR>
<TR>
<TD>Attribute(Prefix)</TD><TD>-</TD></TR>
<TR>
<TD>Attribute(Namespace)</TD><TD>null</TD></TR>
<TR>
<TD>Content</TD><TD>120</TD></TR>
</TBODY></TABLE><BR>
<TABLE border=1>
<TBODY>
<TR>
<TD>Element(QName)</TD><TD>含量</TD></TR>
<TR>
<TD>Element(Local Name)</TD><TD>含量</TD></TR>
<TR>
<TD>Attribute(QName)</TD><TD>單位</TD></TR>
<TR>
<TD>Attribute(Local Name)</TD><TD>單位</TD></TR>
<TR>
<TD>Attribute(Type)</TD><TD>CDATA</TD></TR>
<TR>
<TD>Attribute(Value)</TD><TD>g</TD></TR>
<TR>
<TD>Attribute(Prefix)</TD><TD>-</TD></TR>
<TR>
<TD>Attribute(Namespace)</TD><TD>null</TD></TR>
<TR>
<TD>Content</TD><TD>160</TD></TR>
</TBODY></TABLE><BR>
</TBODY></TABLE><BR>
<TABLE border=1>
<TBODY>
<TR>
<TD>Element(QName)</TD><TD>飲料</TD></TR>
<TR>
<TD>Element(Local Name)</TD><TD>飲料</TD></TR>
<TABLE border=1>
<TBODY>
<TR>
<TD>Element(QName)</TD><TD>名稱</TD></TR>
<TR>
<TD>Element(Local Name)</TD><TD>名稱</TD></TR>
<TR>
<TD>Content</TD><TD>名稱C</TD></TR>
</TBODY></TABLE><BR>
<TABLE border=1>
<TBODY>
<TR>
<TD>Element(QName)</TD><TD>種類</TD></TR>
<TR>
<TD>Element(Local Name)</TD><TD>種類</TD></TR>
<TR>
<TD>Content</TD><TD>飲料S2</TD></TR>
</TBODY></TABLE><BR>
<TABLE border=1>
<TBODY>
<TR>
<TD>Element(QName)</TD><TD>公司</TD></TR>
<TR>
<TD>Element(Local Name)</TD><TD>公司</TD></TR>
<TR>
<TD>Content</TD><TD>公司K</TD></TR>
</TBODY></TABLE><BR>
<TABLE border=1>
<TBODY>
<TR>
<TD>Element(QName)</TD><TD>價格</TD></TR>
<TR>
<TD>Element(Local Name)</TD><TD>價格</TD></TR>
<TR>
<TD>Attribute(QName)</TD><TD>貨幣</TD></TR>
<TR>
<TD>Attribute(Local Name)</TD><TD>貨幣</TD></TR>
<TR>
<TD>Attribute(Type)</TD><TD>CDATA</TD></TR>
<TR>
<TD>Attribute(Value)</TD><TD>日圓</TD></TR>
<TR>
<TD>Attribute(Prefix)</TD><TD>-</TD></TR>
<TR>
<TD>Attribute(Namespace)</TD><TD>null</TD></TR>
<TR>
<TD>Content</TD><TD>120</TD></TR>
</TBODY></TABLE><BR>
<TABLE border=1>
<TBODY>
<TR>
<TD>Element(QName)</TD><TD>含量</TD></TR>
<TR>
<TD>Element(Local Name)</TD><TD>含量</TD></TR>
<TR>
<TD>Attribute(QName)</TD><TD>單位</TD></TR>
<TR>
<TD>Attribute(Local Name)</TD><TD>單位</TD></TR>
<TR>
<TD>Attribute(Type)</TD><TD>CDATA</TD></TR>
<TR>
<TD>Attribute(Value)</TD><TD>g</TD></TR>
<TR>
<TD>Attribute(Prefix)</TD><TD>-</TD></TR>
<TR>
<TD>Attribute(Namespace)</TD><TD>null</TD></TR>
<TR>
<TD>Content</TD><TD>190</TD></TR>
</TBODY></TABLE><BR>
</TBODY></TABLE><BR>
<TABLE border=1>
<TBODY>
<TR>
<TD>Element(QName)</TD><TD>飲料</TD></TR>
<TR>
<TD>Element(Local Name)</TD><TD>飲料</TD></TR>
<TABLE border=1>
<TBODY>
<TR>
<TD>Element(QName)</TD><TD>名稱</TD></TR>
<TR>
<TD>Element(Local Name)</TD><TD>名稱</TD></TR>
<TR>
<TD>Content</TD><TD>名稱DP</TD></TR>
</TBODY></TABLE><BR>
<TABLE border=1>
<TBODY>
<TR>
<TD>Element(QName)</TD><TD>種類</TD></TR>
<TR>
<TD>Element(Local Name)</TD><TD>種類</TD></TR>
<TR>
<TD>Content</TD><TD>飲料S</TD></TR>
</TBODY></TABLE><BR>
<TABLE border=1>
<TBODY>
<TR>
<TD>Element(QName)</TD><TD>公司</TD></TR>
<TR>
<TD>Element(Local Name)</TD><TD>公司</TD></TR>
<TR>
<TD>Content</TD><TD>公司C</TD></TR>
</TBODY></TABLE><BR>
<TABLE border=1>
<TBODY>
<TR>
<TD>Element(QName)</TD><TD>價格</TD></TR>
<TR>
<TD>Element(Local Name)</TD><TD>價格</TD></TR>
<TR>
<TD>Attribute(QName)</TD><TD>貨幣</TD></TR>
<TR>
<TD>Attribute(Local Name)</TD><TD>貨幣</TD></TR>
<TR>
<TD>Attribute(Type)</TD><TD>CDATA</TD></TR>
<TR>
<TD>Attribute(Value)</TD><TD>日圓</TD></TR>
<TR>
<TD>Attribute(Prefix)</TD><TD>-</TD></TR>
<TR>
<TD>Attribute(Namespace)</TD><TD>null</TD></TR>
<TR>
<TD>Content</TD><TD>120</TD></TR>
</TBODY></TABLE><BR>
<TABLE border=1>
<TBODY>
<TR>
<TD>Element(QName)</TD><TD>含量</TD></TR>
<TR>
<TD>Element(Local Name)</TD><TD>含量</TD></TR>
<TR>
<TD>Attribute(QName)</TD><TD>單位</TD></TR>
<TR>
<TD>Attribute(Local Name)</TD><TD>單位</TD></TR>
<TR>
<TD>Attribute(Type)</TD><TD>CDATA</TD></TR>
<TR>
<TD>Attribute(Value)</TD><TD>ml</TD></TR>
<TR>
<TD>Attribute(Prefix)</TD><TD>-</TD></TR>
<TR>
<TD>Attribute(Namespace)</TD><TD>null</TD></TR>
<TR>
<TD>Content</TD><TD>350</TD></TR>
</TBODY></TABLE><BR>
</TBODY></TABLE><BR>
<TABLE border=1>
<TBODY>
<TR>
<TD>Element(QName)</TD><TD>飲料</TD></TR>
<TR>
<TD>Element(Local Name)</TD><TD>飲料</TD></TR>
<TABLE border=1>
<TBODY>
<TR>
<TD>Element(QName)</TD><TD>名稱</TD></TR>
<TR>
<TD>Element(Local Name)</TD><TD>名稱</TD></TR>
<TR>
<TD>Content</TD><TD>名稱RB</TD></TR>
</TBODY></TABLE><BR>
<TABLE border=1>
<TBODY>
<TR>
<TD>Element(QName)</TD><TD>種類</TD></TR>
<TR>
<TD>Element(Local Name)</TD><TD>種類</TD></TR>
<TR>
<TD>Content</TD><TD>飲料S</TD></TR>
</TBODY></TABLE><BR>
<TABLE border=1>
<TBODY>
<TR>
<TD>Element(QName)</TD><TD>公司</TD></TR>
<TR>
<TD>Element(Local Name)</TD><TD>公司</TD></TR>
<TR>
<TD>Content</TD><TD>A</TD></TR>
<TR>
<TD>Content</TD><TD>&</TD></TR>
<TR>
<TD>Content</TD><TD>W</TD></TR>
</TBODY></TABLE><BR>
<TABLE border=1>
<TBODY>
<TR>
<TD>Element(QName)</TD><TD>價格</TD></TR>
<TR>
<TD>Element(Local Name)</TD><TD>價格</TD></TR>
<TR>
<TD>Attribute(QName)</TD><TD>貨幣</TD></TR>
<TR>
<TD>Attribute(Local Name)</TD><TD>貨幣</TD></TR>
<TR>
<TD>Attribute(Type)</TD><TD>CDATA</TD></TR>
<TR>
<TD>Attribute(Value)</TD><TD>美元</TD></TR>
<TR>
<TD>Attribute(Prefix)</TD><TD>-</TD></TR>
<TR>
<TD>Attribute(Namespace)</TD><TD>null</TD></TR>
<TR>
<TD>Content</TD><TD>1</TD></TR>
</TBODY></TABLE><BR>
<TABLE border=1>
<TBODY>
<TR>
<TD>Element(QName)</TD><TD>含量</TD></TR>
<TR>
<TD>Element(Local Name)</TD><TD>含量</TD></TR>
<TR>
<TD>Attribute(QName)</TD><TD>單位</TD></TR>
<TR>
<TD>Attribute(Local Name)</TD><TD>單位</TD></TR>
<TR>
<TD>Attribute(Type)</TD><TD>CDATA</TD></TR>
<TR>
<TD>Attribute(Value)</TD><TD>ml</TD></TR>
<TR>
<TD>Attribute(Prefix)</TD><TD>-</TD></TR>
<TR>
<TD>Attribute(Namespace)</TD><TD>null</TD></TR>
<TR>
<TD>Content</TD><TD>350</TD></TR>
</TBODY></TABLE><BR>
</TBODY></TABLE><BR>
<TABLE border=1>
<TBODY>
<TR>
<TD>Element(QName)</TD><TD>飲料</TD></TR>
<TR>
<TD>Element(Local Name)</TD><TD>飲料</TD></TR>
<TABLE border=1>
<TBODY>
<TR>
<TD>Element(QName)</TD><TD>名稱</TD></TR>
<TR>
<TD>Element(Local Name)</TD><TD>名稱</TD></TR>
<TR>
<TD>Content</TD><TD>名稱7</TD></TR>
</TBODY></TABLE><BR>
<TABLE border=1>
<TBODY>
<TR>
<TD>Element(QName)</TD><TD>種類</TD></TR>
<TR>
<TD>Element(Local Name)</TD><TD>種類</TD></TR>
<TR>
<TD>Content</TD><TD>飲料S</TD></TR>
</TBODY></TABLE><BR>
<TABLE border=1>
<TBODY>
<TR>
<TD>Element(QName)</TD><TD>公司</TD></TR>
<TR>
<TD>Element(Local Name)</TD><TD>公司</TD></TR>
<TR>
<TD>Content</TD><TD>公司S2</TD></TR>
</TBODY></TABLE><BR>
<TABLE border=1>
<TBODY>
<TR>
<TD>Element(QName)</TD><TD>價格</TD></TR>
<TR>
<TD>Element(Local Name)</TD><TD>價格</TD></TR>
<TR>
<TD>Attribute(QName)</TD><TD>貨幣</TD></TR>
<TR>
<TD>Attribute(Local Name)</TD><TD>貨幣</TD></TR>
<TR>
<TD>Attribute(Type)</TD><TD>CDATA</TD></TR>
<TR>
<TD>Attribute(Value)</TD><TD>日圓</TD></TR>
<TR>
<TD>Attribute(Prefix)</TD><TD>-</TD></TR>
<TR>
<TD>Attribute(Namespace)</TD><TD>null</TD></TR>
<TR>
<TD>Content</TD><TD>120</TD></TR>
</TBODY></TABLE><BR>
<TABLE border=1>
<TBODY>
<TR>
<TD>Element(QName)</TD><TD>含量</TD></TR>
<TR>
<TD>Element(Local Name)</TD><TD>含量</TD></TR>
<TR>
<TD>Attribute(QName)</TD><TD>單位</TD></TR>
<TR>
<TD>Attribute(Local Name)</TD><TD>單位</TD></TR>
<TR>
<TD>Attribute(Type)</TD><TD>CDATA</TD></TR>
<TR>
<TD>Attribute(Value)</TD><TD>ml</TD></TR>
<TR>
<TD>Attribute(Prefix)</TD><TD>-</TD></TR>
<TR>
<TD>Attribute(Namespace)</TD><TD>null</TD></TR>
<TR>
<TD>Content</TD><TD>350</TD></TR>
</TBODY></TABLE><BR>
</TBODY></TABLE><BR>
<TABLE border=1>
<TBODY>
<TR>
<TD>Element(QName)</TD><TD>飲料</TD></TR>
<TR>
<TD>Element(Local Name)</TD><TD>飲料</TD></TR>
<TABLE border=1>
<TBODY>
<TR>
<TD>Element(QName)</TD><TD>名稱</TD></TR>
<TR>
<TD>Element(Local Name)</TD><TD>名稱</TD></TR>
<TR>
<TD>Content</TD><TD>名稱BJ</TD></TR>
</TBODY></TABLE><BR>
<TABLE border=1>
<TBODY>
<TR>
<TD>Element(QName)</TD><TD>種類</TD></TR>
<TR>
<TD>Element(Local Name)</TD><TD>種類</TD></TR>
<TR>
<TD>Content</TD><TD>名稱BJ</TD></TR>
</TBODY></TABLE><BR>
<TABLE border=1>
<TBODY>
<TR>
<TD>Element(QName)</TD><TD>公司</TD></TR>
<TR>
<TD>Element(Local Name)</TD><TD>公司</TD></TR>
<TR>
<TD>Content</TD><TD>公司M</TD></TR>
</TBODY></TABLE><BR>
<TABLE border=1>
<TBODY>
<TR>
<TD>Element(QName)</TD><TD>價格</TD></TR>
<TR>
<TD>Element(Local Name)</TD><TD>價格</TD></TR>
<TR>
<TD>Attribute(QName)</TD><TD>貨幣</TD></TR>
<TR>
<TD>Attribute(Local Name)</TD><TD>貨幣</TD></TR>
<TR>
<TD>Attribute(Type)</TD><TD>CDATA</TD></TR>
<TR>
<TD>Attribute(Value)</TD><TD>日圓</TD></TR>
<TR>
<TD>Attribute(Prefix)</TD><TD>-</TD></TR>
<TR>
<TD>Attribute(Namespace)</TD><TD>null</TD></TR>
<TR>
<TD>Content</TD><TD>88</TD></TR>
</TBODY></TABLE><BR>
<TABLE border=1>
<TBODY>
<TR>
<TD>Element(QName)</TD><TD>含量</TD></TR>
<TR>
<TD>Element(Local Name)</TD><TD>含量</TD></TR>
<TR>
<TD>Attribute(QName)</TD><TD>單位</TD></TR>
<TR>
<TD>Attribute(Local Name)</TD><TD>單位</TD></TR>
<TR>
<TD>Attribute(Type)</TD><TD>CDATA</TD></TR>
<TR>
<TD>Attribute(Value)</TD><TD>ml</TD></TR>
<TR>
<TD>Attribute(Prefix)</TD><TD>-</TD></TR>
<TR>
<TD>Attribute(Namespace)</TD><TD>null</TD></TR>
<TR>
<TD>Content</TD><TD>200</TD></TR>
</TBODY></TABLE><BR>
</TBODY></TABLE><BR>
<TABLE border=1>
<TBODY>
<TR>
<TD>Element(QName)</TD><TD>飲料</TD></TR>
<TR>
<TD>Element(Local Name)</TD><TD>飲料</TD></TR>
<TABLE border=1>
<TBODY>
<TR>
<TD>Element(QName)</TD><TD>名稱</TD></TR>
<TR>
<TD>Element(Local Name)</TD><TD>名稱</TD></TR>
<TR>
<TD>Content</TD><TD>名稱DB</TD></TR>
</TBODY></TABLE><BR>
<TABLE border=1>
<TBODY>
<TR>
<TD>Element(QName)</TD><TD>種類</TD></TR>
<TR>
<TD>Element(Local Name)</TD><TD>種類</TD></TR>
<TR>
<TD>Content</TD><TD>飲料C</TD></TR>
</TBODY></TABLE><BR>
<TABLE border=1>
<TBODY>
<TR>
<TD>Element(QName)</TD><TD>公司</TD></TR>
<TR>
<TD>Element(Local Name)</TD><TD>公司</TD></TR>
<TR>
<TD>Content</TD><TD>公司D</TD></TR>
</TBODY></TABLE><BR>
<TABLE border=1>
<TBODY>
<TR>
<TD>Element(QName)</TD><TD>價格</TD></TR>
<TR>
<TD>Element(Local Name)</TD><TD>價格</TD></TR>
<TR>
<TD>Attribute(QName)</TD><TD>貨幣</TD></TR>
<TR>
<TD>Attribute(Local Name)</TD><TD>貨幣</TD></TR>
<TR>
<TD>Attribute(Type)</TD><TD>CDATA</TD></TR>
<TR>
<TD>Attribute(Value)</TD><TD>日圓</TD></TR>
<TR>
<TD>Attribute(Prefix)</TD><TD>-</TD></TR>
<TR>
<TD>Attribute(Namespace)</TD><TD>null</TD></TR>
<TR>
<TD>Content</TD><TD>120</TD></TR>
</TBODY></TABLE><BR>
<TABLE border=1>
<TBODY>
<TR>
<TD>Element(QName)</TD><TD>含量</TD></TR>
<TR>
<TD>Element(Local Name)</TD><TD>含量</TD></TR>
<TR>
<TD>Attribute(QName)</TD><TD>單位</TD></TR>
<TR>
<TD>Attribute(Local Name)</TD><TD>單位</TD></TR>
<TR>
<TD>Attribute(Type)</TD><TD>CDATA</TD></TR>
<TR>
<TD>Attribute(Value)</TD><TD>g</TD></TR>
<TR>
<TD>Attribute(Prefix)</TD><TD>-</TD></TR>
<TR>
<TD>Attribute(Namespace)</TD><TD>null</TD></TR>
<TR>
<TD>Content</TD><TD>190</TD></TR>
</TBODY></TABLE><BR>
</TBODY></TABLE><BR>
<TABLE border=1>
<TBODY>
<TR>
<TD>Element(QName)</TD><TD>飲料</TD></TR>
<TR>
<TD>Element(Local Name)</TD><TD>飲料</TD></TR>
<TABLE border=1>
<TBODY>
<TR>
<TD>Element(QName)</TD><TD>名稱</TD></TR>
<TR>
<TD>Element(Local Name)</TD><TD>名稱</TD></TR>
<TR>
<TD>Content</TD><TD>名稱A2</TD></TR>
</TBODY></TABLE><BR>
<TABLE border=1>
<TBODY>
<TR>
<TD>Element(QName)</TD><TD>種類</TD></TR>
<TR>
<TD>Element(Local Name)</TD><TD>種類</TD></TR>
<TR>
<TD>Content</TD><TD>飲料V</TD></TR>
</TBODY></TABLE><BR>
<TABLE border=1>
<TBODY>
<TR>
<TD>Element(QName)</TD><TD>公司</TD></TR>
<TR>
<TD>Element(Local Name)</TD><TD>公司</TD></TR>
<TR>
<TD>Content</TD><TD>公司S</TD></TR>
</TBODY></TABLE><BR>
<TABLE border=1>
<TBODY>
<TR>
<TD>Element(QName)</TD><TD>價格</TD></TR>
<TR>
<TD>Element(Local Name)</TD><TD>價格</TD></TR>
<TR>
<TD>Attribute(QName)</TD><TD>貨幣</TD></TR>
<TR>
<TD>Attribute(Local Name)</TD><TD>貨幣</TD></TR>
<TR>
<TD>Attribute(Type)</TD><TD>CDATA</TD></TR>
<TR>
<TD>Attribute(Value)</TD><TD>日圓</TD></TR>
<TR>
<TD>Attribute(Prefix)</TD><TD>-</TD></TR>
<TR>
<TD>Attribute(Namespace)</TD><TD>null</TD></TR>
<TR>
<TD>Content</TD><TD>198</TD></TR>
</TBODY></TABLE><BR>
<TABLE border=1>
<TBODY>
<TR>
<TD>Element(QName)</TD><TD>含量</TD></TR>
<TR>
<TD>Element(Local Name)</TD><TD>含量</TD></TR>
<TR>
<TD>Attribute(QName)</TD><TD>單位</TD></TR>
<TR>
<TD>Attribute(Local Name)</TD><TD>單位</TD></TR>
<TR>
<TD>Attribute(Type)</TD><TD>CDATA</TD></TR>
<TR>
<TD>Attribute(Value)</TD><TD>g</TD></TR>
<TR>
<TD>Attribute(Prefix)</TD><TD>-</TD></TR>
<TR>
<TD>Attribute(Namespace)</TD><TD>null</TD></TR>
<TR>
<TD>Content</TD><TD>160</TD></TR>
</TBODY></TABLE><BR>
</TBODY></TABLE><BR>
<TABLE border=1>
<TBODY>
<TR>
<TD>Element(QName)</TD><TD>飲料</TD></TR>
<TR>
<TD>Element(Local Name)</TD><TD>飲料</TD></TR>
<TABLE border=1>
<TBODY>
<TR>
<TD>Element(QName)</TD><TD>名稱</TD></TR>
<TR>
<TD>Element(Local Name)</TD><TD>名稱</TD></TR>
<TR>
<TD>Content</TD><TD>名稱M</TD></TR>
</TBODY></TABLE><BR>
<TABLE border=1>
<TBODY>
<TR>
<TD>Element(QName)</TD><TD>種類</TD></TR>
<TR>
<TD>Element(Local Name)</TD><TD>種類</TD></TR>
<TR>
<TD>Content</TD><TD>飲料SD</TD></TR>
</TBODY></TABLE><BR>
<TABLE border=1>
<TBODY>
<TR>
<TD>Element(QName)</TD><TD>公司</TD></TR>
<TR>
<TD>Element(Local Name)</TD><TD>公司</TD></TR>
<TR>
<TD>Content</TD><TD>公司DD</TD></TR>
</TBODY></TABLE><BR>
<TABLE border=1>
<TBODY>
<TR>
<TD>Element(QName)</TD><TD>價格</TD></TR>
<TR>
<TD>Element(Local Name)</TD><TD>價格</TD></TR>
<TR>
<TD>Attribute(QName)</TD><TD>貨幣</TD></TR>
<TR>
<TD>Attribute(Local Name)</TD><TD>貨幣</TD></TR>
<TR>
<TD>Attribute(Type)</TD><TD>CDATA</TD></TR>
<TR>
<TD>Attribute(Value)</TD><TD>日圓</TD></TR>
<TR>
<TD>Attribute(Prefix)</TD><TD>-</TD></TR>
<TR>
<TD>Attribute(Namespace)</TD><TD>null</TD></TR>
<TR>
<TD>Content</TD><TD>120</TD></TR>
</TBODY></TABLE><BR>
<TABLE border=1>
<TBODY>
<TR>
<TD>Element(QName)</TD><TD>含量</TD></TR>
<TR>
<TD>Element(Local Name)</TD><TD>含量</TD></TR>
<TR>
<TD>Attribute(QName)</TD><TD>單位</TD></TR>
<TR>
<TD>Attribute(Local Name)</TD><TD>單位</TD></TR>
<TR>
<TD>Attribute(Type)</TD><TD>CDATA</TD></TR>
<TR>
<TD>Attribute(Value)</TD><TD>ml</TD></TR>
<TR>
<TD>Attribute(Prefix)</TD><TD>-</TD></TR>
<TR>
<TD>Attribute(Namespace)</TD><TD>null</TD></TR>
<TR>
<TD>Content</TD><TD>490</TD></TR>
</TBODY></TABLE><BR>
</TBODY></TABLE><BR>
<TABLE border=1>
<TBODY>
<TR>
<TD>Element(QName)</TD><TD>飲料</TD></TR>
<TR>
<TD>Element(Local Name)</TD><TD>飲料</TD></TR>
<TABLE border=1>
<TBODY>
<TR>
<TD>Element(QName)</TD><TD>名稱</TD></TR>
<TR>
<TD>Element(Local Name)</TD><TD>名稱</TD></TR>
<TR>
<TD>Content</TD><TD>名稱H</TD></TR>
</TBODY></TABLE><BR>
<TABLE border=1>
<TBODY>
<TR>
<TD>Element(QName)</TD><TD>種類</TD></TR>
<TR>
<TD>Element(Local Name)</TD><TD>種類</TD></TR>
<TR>
<TD>Content</TD><TD>飲料J</TD></TR>
</TBODY></TABLE><BR>
<TABLE border=1>
<TBODY>
<TR>
<TD>Element(QName)</TD><TD>公司</TD></TR>
<TR>
<TD>Element(Local Name)</TD><TD>公司</TD></TR>
<TR>
<TD>Content</TD><TD>公司S2</TD></TR>
</TBODY></TABLE><BR>
<TABLE border=1>
<TBODY>
<TR>
<TD>Element(QName)</TD><TD>價格</TD></TR>
<TR>
<TD>Element(Local Name)</TD><TD>價格</TD></TR>
<TR>
<TD>Attribute(QName)</TD><TD>貨幣</TD></TR>
<TR>
<TD>Attribute(Local Name)</TD><TD>貨幣</TD></TR>
<TR>
<TD>Attribute(Type)</TD><TD>CDATA</TD></TR>
<TR>
<TD>Attribute(Value)</TD><TD>日圓</TD></TR>
<TR>
<TD>Attribute(Prefix)</TD><TD>-</TD></TR>
<TR>
<TD>Attribute(Namespace)</TD><TD>null</TD></TR>
<TR>
<TD>Content</TD><TD>120</TD></TR>
</TBODY></TABLE><BR>
<TABLE border=1>
<TBODY>
<TR>
<TD>Element(QName)</TD><TD>含量</TD></TR>
<TR>
<TD>Element(Local Name)</TD><TD>含量</TD></TR>
<TR>
<TD>Attribute(QName)</TD><TD>單位</TD></TR>
<TR>
<TD>Attribute(Local Name)</TD><TD>單位</TD></TR>
<TR>
<TD>Attribute(Type)</TD><TD>CDATA</TD></TR>
<TR>
<TD>Attribute(Value)</TD><TD>ml</TD></TR>
<TR>
<TD>Attribute(Prefix)</TD><TD>-</TD></TR>
<TR>
<TD>Attribute(Namespace)</TD><TD>null</TD></TR>
<TR>
<TD>Content</TD><TD>350</TD></TR>
</TBODY></TABLE><BR>
</TBODY></TABLE><BR>
<TABLE border=1>
<TBODY>
<TR>
<TD>Element(QName)</TD><TD>飲料</TD></TR>
<TR>
<TD>Element(Local Name)</TD><TD>飲料</TD></TR>
<TABLE border=1>
<TBODY>
<TR>
<TD>Element(QName)</TD><TD>名稱</TD></TR>
<TR>
<TD>Element(Local Name)</TD><TD>名稱</TD></TR>
<TR>
<TD>Content</TD><TD>名稱BO</TD></TR>
</TBODY></TABLE><BR>
<TABLE border=1>
<TBODY>
<TR>
<TD>Element(QName)</TD><TD>種類</TD></TR>
<TR>
<TD>Element(Local Name)</TD><TD>種類</TD></TR>
<TR>
<TD>Content</TD><TD>飲料J</TD></TR>
</TBODY></TABLE><BR>
<TABLE border=1>
<TBODY>
<TR>
<TD>Element(QName)</TD><TD>公司</TD></TR>
<TR>
<TD>Element(Local Name)</TD><TD>公司</TD></TR>
<TR>
<TD>Content</TD><TD>公司A</TD></TR>
</TBODY></TABLE><BR>
<TABLE border=1>
<TBODY>
<TR>
<TD>Element(QName)</TD><TD>價格</TD></TR>
<TR>
<TD>Element(Local Name)</TD><TD>價格</TD></TR>
<TR>
<TD>Attribute(QName)</TD><TD>貨幣</TD></TR>
<TR>
<TD>Attribute(Local Name)</TD><TD>貨幣</TD></TR>
<TR>
<TD>Attribute(Type)</TD><TD>CDATA</TD></TR>
<TR>
<TD>Attribute(Value)</TD><TD>日圓</TD></TR>
<TR>
<TD>Attribute(Prefix)</TD><TD>-</TD></TR>
<TR>
<TD>Attribute(Namespace)</TD><TD>null</TD></TR>
<TR>
<TD>Content</TD><TD>100</TD></TR>
</TBODY></TABLE><BR>
<TABLE border=1>
<TBODY>
<TR>
<TD>Element(QName)</TD><TD>含量</TD></TR>
<TR>
<TD>Element(Local Name)</TD><TD>含量</TD></TR>
<TR>
<TD>Attribute(QName)</TD><TD>單位</TD></TR>
<TR>
<TD>Attribute(Local Name)</TD><TD>單位</TD></TR>
<TR>
<TD>Attribute(Type)</TD><TD>CDATA</TD></TR>
<TR>
<TD>Attribute(Value)</TD><TD>ml</TD></TR>
<TR>
<TD>Attribute(Prefix)</TD><TD>-</TD></TR>
<TR>
<TD>Attribute(Namespace)</TD><TD>null</TD></TR>
<TR>
<TD>Content</TD><TD>250</TD></TR>
</TBODY></TABLE><BR>
</TBODY></TABLE><BR>
<TABLE border=1>
<TBODY>
<TR>
<TD>Element(QName)</TD><TD>飲料</TD></TR>
<TR>
<TD>Element(Local Name)</TD><TD>飲料</TD></TR>
<TABLE border=1>
<TBODY>
<TR>
<TD>Element(QName)</TD><TD>名稱</TD></TR>
<TR>
<TD>Element(Local Name)</TD><TD>名稱</TD></TR>
<TR>
<TD>Content</TD><TD>名稱S2</TD></TR>
</TBODY></TABLE><BR>
<TABLE border=1>
<TBODY>
<TR>
<TD>Element(QName)</TD><TD>種類</TD></TR>
<TR>
<TD>Element(Local Name)</TD><TD>種類</TD></TR>
<TR>
<TD>Content</TD><TD>飲料O</TD></TR>
</TBODY></TABLE><BR>
<TABLE border=1>
<TBODY>
<TR>
<TD>Element(QName)</TD><TD>公司</TD></TR>
<TR>
<TD>Element(Local Name)</TD><TD>公司</TD></TR>
<TR>
<TD>Content</TD><TD>公司M2</TD></TR>
</TBODY></TABLE><BR>
<TABLE border=1>
<TBODY>
<TR>
<TD>Element(QName)</TD><TD>價格</TD></TR>
<TR>
<TD>Element(Local Name)</TD><TD>價格</TD></TR>
<TR>
<TD>Attribute(QName)</TD><TD>貨幣</TD></TR>
<TR>
<TD>Attribute(Local Name)</TD><TD>貨幣</TD></TR>
<TR>
<TD>Attribute(Type)</TD><TD>CDATA</TD></TR>
<TR>
<TD>Attribute(Value)</TD><TD>日圓</TD></TR>
<TR>
<TD>Attribute(Prefix)</TD><TD>-</TD></TR>
<TR>
<TD>Attribute(Namespace)</TD><TD>null</TD></TR>
<TR>
<TD>Content</TD><TD>120</TD></TR>
</TBODY></TABLE><BR>
<TABLE border=1>
<TBODY>
<TR>
<TD>Element(QName)</TD><TD>含量</TD></TR>
<TR>
<TD>Element(Local Name)</TD><TD>含量</TD></TR>
<TR>
<TD>Attribute(QName)</TD><TD>單位</TD></TR>
<TR>
<TD>Attribute(Local Name)</TD><TD>單位</TD></TR>
<TR>
<TD>Attribute(Type)</TD><TD>CDATA</TD></TR>
<TR>
<TD>Attribute(Value)</TD><TD>g</TD></TR>
<TR>
<TD>Attribute(Prefix)</TD><TD>-</TD></TR>
<TR>
<TD>Attribute(Namespace)</TD><TD>null</TD></TR>
<TR>
<TD>Content</TD><TD>190</TD></TR>
</TBODY></TABLE><BR>
</TBODY></TABLE><BR>
<TABLE border=1>
<TBODY>
<TR>
<TD>Element(QName)</TD><TD>飲料</TD></TR>
<TR>
<TD>Element(Local Name)</TD><TD>飲料</TD></TR>
<TABLE border=1>
<TBODY>
<TR>
<TD>Element(QName)</TD><TD>名稱</TD></TR>
<TR>
<TD>Element(Local Name)</TD><TD>名稱</TD></TR>
<TR>
<TD>Content</TD><TD>名稱G</TD></TR>
</TBODY></TABLE><BR>
<TABLE border=1>
<TBODY>
<TR>
<TD>Element(QName)</TD><TD>種類</TD></TR>
<TR>
<TD>Element(Local Name)</TD><TD>種類</TD></TR>
<TR>
<TD>Content</TD><TD>飲料C</TD></TR>
</TBODY></TABLE><BR>
<TABLE border=1>
<TBODY>
<TR>
<TD>Element(QName)</TD><TD>公司</TD></TR>
<TR>
<TD>Element(Local Name)</TD><TD>公司</TD></TR>
<TR>
<TD>Content</TD><TD>公司CC</TD></TR>
</TBODY></TABLE><BR>
<TABLE border=1>
<TBODY>
<TR>
<TD>Element(QName)</TD><TD>價格</TD></TR>
<TR>
<TD>Element(Local Name)</TD><TD>價格</TD></TR>
<TR>
<TD>Attribute(QName)</TD><TD>貨幣</TD></TR>
<TR>
<TD>Attribute(Local Name)</TD><TD>貨幣</TD></TR>
<TR>
<TD>Attribute(Type)</TD><TD>CDATA</TD></TR>
<TR>
<TD>Attribute(Value)</TD><TD>日圓</TD></TR>
<TR>
<TD>Attribute(Prefix)</TD><TD>-</TD></TR>
<TR>
<TD>Attribute(Namespace)</TD><TD>null</TD></TR>
<TR>
<TD>Content</TD><TD>120</TD></TR>
</TBODY></TABLE><BR>
<TABLE border=1>
<TBODY>
<TR>
<TD>Element(QName)</TD><TD>含量</TD></TR>
<TR>
<TD>Element(Local Name)</TD><TD>含量</TD></TR>
<TR>
<TD>Attribute(QName)</TD><TD>單位</TD></TR>
<TR>
<TD>Attribute(Local Name)</TD><TD>單位</TD></TR>
<TR>
<TD>Attribute(Type)</TD><TD>CDATA</TD></TR>
<TR>
<TD>Attribute(Value)</TD><TD>ml</TD></TR>
<TR>
<TD>Attribute(Prefix)</TD><TD>-</TD></TR>
<TR>
<TD>Attribute(Namespace)</TD><TD>null</TD></TR>
<TR>
<TD>Content</TD><TD>190</TD></TR>
</TBODY></TABLE><BR>
</TBODY></TABLE><BR>
<TABLE border=1>
<TBODY>
<TR>
<TD>Element(QName)</TD><TD>飲料</TD></TR>
<TR>
<TD>Element(Local Name)</TD><TD>飲料</TD></TR>
<TABLE border=1>
<TBODY>
<TR>
<TD>Element(QName)</TD><TD>名稱</TD></TR>
<TR>
<TD>Element(Local Name)</TD><TD>名稱</TD></TR>
<TR>
<TD>Content</TD><TD>名稱R</TD></TR>
</TBODY></TABLE><BR>
<TABLE border=1>
<TBODY>
<TR>
<TD>Element(QName)</TD><TD>種類</TD></TR>
<TR>
<TD>Element(Local Name)</TD><TD>種類</TD></TR>
<TR>
<TD>Content</TD><TD>飲料S</TD></TR>
</TBODY></TABLE><BR>
<TABLE border=1>
<TBODY>
<TR>
<TD>Element(QName)</TD><TD>公司</TD></TR>
<TR>
<TD>Element(Local Name)</TD><TD>公司</TD></TR>
<TR>
<TD>Content</TD><TD>公司K2</TD></TR>
</TBODY></TABLE><BR>
<TABLE border=1>
<TBODY>
<TR>
<TD>Element(QName)</TD><TD>價格</TD></TR>
<TR>
<TD>Element(Local Name)</TD><TD>價格</TD></TR>
<TR>
<TD>Attribute(QName)</TD><TD>貨幣</TD></TR>
<TR>
<TD>Attribute(Local Name)</TD><TD>貨幣</TD></TR>
<TR>
<TD>Attribute(Type)</TD><TD>CDATA</TD></TR>
<TR>
<TD>Attribute(Value)</TD><TD>日圓</TD></TR>
<TR>
<TD>Attribute(Prefix)</TD><TD>-</TD></TR>
<TR>
<TD>Attribute(Namespace)</TD><TD>null</TD></TR>
<TR>
<TD>Content</TD><TD>120</TD></TR>
</TBODY></TABLE><BR>
<TABLE border=1>
<TBODY>
<TR>
<TD>Element(QName)</TD><TD>含量</TD></TR>
<TR>
<TD>Element(Local Name)</TD><TD>含量</TD></TR>
<TR>
<TD>Attribute(QName)</TD><TD>單位</TD></TR>
<TR>
<TD>Attribute(Local Name)</TD><TD>單位</TD></TR>
<TR>
<TD>Attribute(Type)</TD><TD>CDATA</TD></TR>
<TR>
<TD>Attribute(Value)</TD><TD>ml</TD></TR>
<TR>
<TD>Attribute(Prefix)</TD><TD>-</TD></TR>
<TR>
<TD>Attribute(Namespace)</TD><TD>null</TD></TR>
<TR>
<TD>Content</TD><TD>200</TD></TR>
</TBODY></TABLE><BR>
</TBODY></TABLE><BR>
<TABLE border=1>
<TBODY>
<TR>
<TD>Element(QName)</TD><TD>飲料</TD></TR>
<TR>
<TD>Element(Local Name)</TD><TD>飲料</TD></TR>
<TABLE border=1>
<TBODY>
<TR>
<TD>Element(QName)</TD><TD>名稱</TD></TR>
<TR>
<TD>Element(Local Name)</TD><TD>名稱</TD></TR>
<TR>
<TD>Content</TD><TD>名稱RG</TD></TR>
</TBODY></TABLE><BR>
<TABLE border=1>
<TBODY>
<TR>
<TD>Element(QName)</TD><TD>種類</TD></TR>
<TR>
<TD>Element(Local Name)</TD><TD>種類</TD></TR>
<TR>
<TD>Content</TD><TD>飲料VD</TD></TR>
</TBODY></TABLE><BR>
<TABLE border=1>
<TBODY>
<TR>
<TD>Element(QName)</TD><TD>公司</TD></TR>
<TR>
<TD>Element(Local Name)</TD><TD>公司</TD></TR>
<TR>
<TD>Content</TD><TD>公司CC</TD></TR>
</TBODY></TABLE><BR>
<TABLE border=1>
<TBODY>
<TR>
<TD>Element(QName)</TD><TD>價格</TD></TR>
<TR>
<TD>Element(Local Name)</TD><TD>價格</TD></TR>
<TR>
<TD>Attribute(QName)</TD><TD>貨幣</TD></TR>
<TR>
<TD>Attribute(Local Name)</TD><TD>貨幣</TD></TR>
<TR>
<TD>Attribute(Type)</TD><TD>CDATA</TD></TR>
<TR>
<TD>Attribute(Value)</TD><TD>日圓</TD></TR>
<TR>
<TD>Attribute(Prefix)</TD><TD>-</TD></TR>
<TR>
<TD>Attribute(Namespace)</TD><TD>null</TD></TR>
<TR>
<TD>Content</TD><TD>120</TD></TR>
</TBODY></TABLE><BR>
<TABLE border=1>
<TBODY>
<TR>
<TD>Element(QName)</TD><TD>含量</TD></TR>
<TR>
<TD>Element(Local Name)</TD><TD>含量</TD></TR>
<TR>
<TD>Attribute(QName)</TD><TD>單位</TD></TR>
<TR>
<TD>Attribute(Local Name)</TD><TD>單位</TD></TR>
<TR>
<TD>Attribute(Type)</TD><TD>CDATA</TD></TR>
<TR>
<TD>Attribute(Value)</TD><TD>ml</TD></TR>
<TR>
<TD>Attribute(Prefix)</TD><TD>-</TD></TR>
<TR>
<TD>Attribute(Namespace)</TD><TD>null</TD></TR>
<TR>
<TD>Content</TD><TD>190</TD></TR>
</TBODY></TABLE><BR>
</TBODY></TABLE><BR>
<TABLE border=1>
<TBODY>
<TR>
<TD>Element(QName)</TD><TD>飲料</TD></TR>
<TR>
<TD>Element(Local Name)</TD><TD>飲料</TD></TR>
<TABLE border=1>
<TBODY>
<TR>
<TD>Element(QName)</TD><TD>名稱</TD></TR>
<TR>
<TD>Element(Local Name)</TD><TD>名稱</TD></TR>
<TR>
<TD>Content</TD><TD>名稱L</TD></TR>
</TBODY></TABLE><BR>
<TABLE border=1>
<TBODY>
<TR>
<TD>Element(QName)</TD><TD>種類</TD></TR>
<TR>
<TD>Element(Local Name)</TD><TD>種類</TD></TR>
<TR>
<TD>Content</TD><TD>飲料S</TD></TR>
</TBODY></TABLE><BR>
<TABLE border=1>
<TBODY>
<TR>
<TD>Element(QName)</TD><TD>公司</TD></TR>
<TR>
<TD>Element(Local Name)</TD><TD>公司</TD></TR>
<TR>
<TD>Content</TD><TD>公司F</TD></TR>
</TBODY></TABLE><BR>
<TABLE border=1>
<TBODY>
<TR>
<TD>Element(QName)</TD><TD>價格</TD></TR>
<TR>
<TD>Element(Local Name)</TD><TD>價格</TD></TR>
<TR>
<TD>Attribute(QName)</TD><TD>貨幣</TD></TR>
<TR>
<TD>Attribute(Local Name)</TD><TD>貨幣</TD></TR>
<TR>
<TD>Attribute(Type)</TD><TD>CDATA</TD></TR>
<TR>
<TD>Attribute(Value)</TD><TD>日圓</TD></TR>
<TR>
<TD>Attribute(Prefix)</TD><TD>-</TD></TR>
<TR>
<TD>Attribute(Namespace)</TD><TD>null</TD></TR>
<TR>
<TD>Content</TD><TD>120</TD></TR>
</TBODY></TABLE><BR>
<TABLE border=1>
<TBODY>
<TR>
<TD>Element(QName)</TD><TD>含量</TD></TR>
<TR>
<TD>Element(Local Name)</TD><TD>含量</TD></TR>
<TR>
<TD>Attribute(QName)</TD><TD>單位</TD></TR>
<TR>
<TD>Attribute(Local Name)</TD><TD>單位</TD></TR>
<TR>
<TD>Attribute(Type)</TD><TD>CDATA</TD></TR>
<TR>
<TD>Attribute(Value)</TD><TD>ml</TD></TR>
<TR>
<TD>Attribute(Prefix)</TD><TD>-</TD></TR>
<TR>
<TD>Attribute(Namespace)</TD><TD>null</TD></TR>
<TR>
<TD>Content</TD><TD>350</TD></TR>
</TBODY></TABLE><BR>
</TBODY></TABLE><BR>
<TABLE border=1>
<TBODY>
<TR>
<TD>Element(QName)</TD><TD>飲料</TD></TR>
<TR>
<TD>Element(Local Name)</TD><TD>飲料</TD></TR>
<TABLE border=1>
<TBODY>
<TR>
<TD>Element(QName)</TD><TD>名稱</TD></TR>
<TR>
<TD>Element(Local Name)</TD><TD>名稱</TD></TR>
<TR>
<TD>Content</TD><TD>名稱P</TD></TR>
</TBODY></TABLE><BR>
<TABLE border=1>
<TBODY>
<TR>
<TD>Element(QName)</TD><TD>種類</TD></TR>
<TR>
<TD>Element(Local Name)</TD><TD>種類</TD></TR>
<TR>
<TD>Content</TD><TD>飲料O</TD></TR>
</TBODY></TABLE><BR>
<TABLE border=1>
<TBODY>
<TR>
<TD>Element(QName)</TD><TD>公司</TD></TR>
<TR>
<TD>Element(Local Name)</TD><TD>公司</TD></TR>
<TR>
<TD>Content</TD><TD>公司P</TD></TR>
</TBODY></TABLE><BR>
<TABLE border=1>
<TBODY>
<TR>
<TD>Element(QName)</TD><TD>價格</TD></TR>
<TR>
<TD>Element(Local Name)</TD><TD>價格</TD></TR>
<TR>
<TD>Attribute(QName)</TD><TD>貨幣</TD></TR>
<TR>
<TD>Attribute(Local Name)</TD><TD>貨幣</TD></TR>
<TR>
<TD>Attribute(Type)</TD><TD>CDATA</TD></TR>
<TR>
<TD>Attribute(Value)</TD><TD>日圓</TD></TR>
<TR>
<TD>Attribute(Prefix)</TD><TD>-</TD></TR>
<TR>
<TD>Attribute(Namespace)</TD><TD>null</TD></TR>
<TR>
<TD>Content</TD><TD>120</TD></TR>
</TBODY></TABLE><BR>
<TABLE border=1>
<TBODY>
<TR>
<TD>Element(QName)</TD><TD>含量</TD></TR>
<TR>
<TD>Element(Local Name)</TD><TD>含量</TD></TR>
<TR>
<TD>Attribute(QName)</TD><TD>單位</TD></TR>
<TR>
<TD>Attribute(Local Name)</TD><TD>單位</TD></TR>
<TR>
<TD>Attribute(Type)</TD><TD>CDATA</TD></TR>
<TR>
<TD>Attribute(Value)</TD><TD>g</TD></TR>
<TR>
<TD>Attribute(Prefix)</TD><TD>-</TD></TR>
<TR>
<TD>Attribute(Namespace)</TD><TD>null</TD></TR>
<TR>
<TD>Content</TD><TD>190</TD></TR>
</TBODY></TABLE><BR>
</TBODY></TABLE><BR>
</TBODY></TABLE><BR>
