<?xml version="1.0" encoding="UTF-8"?><表噂十豹竹敷椄root><株熏犗煻獃瑱elm 壹捌玖貳壹一丁attr="壹捌玖貳壹一丁val0"><ABCCDE18921壹捌玖貳壹貳參肆伍陸柒捌玖拾elm>ABCCDE18921壹捌玖貳壹貳參肆伍陸柒捌玖拾val</ABCCDE18921壹捌玖貳壹貳參肆伍陸柒捌玖拾elm></株熏犗煻獃瑱elm><株熏犗煻獃瑱elm 壹捌玖貳壹一丁attr="壹捌玖貳壹一丁val1"><ABCCDE18921壹捌玖貳壹貳參肆伍陸柒捌玖拾elm>ABCCDE18921壹捌玖貳壹貳參肆伍陸柒捌玖拾val</ABCCDE18921壹捌玖貳壹貳參肆伍陸柒捌玖拾elm></株熏犗煻獃瑱elm><株熏犗煻獃瑱elm 壹捌玖貳壹一丁attr="壹捌玖貳壹一丁val2"><ABCCDE18921壹捌玖貳壹貳參肆伍陸柒捌玖拾elm>ABCCDE18921壹捌玖貳壹貳參肆伍陸柒捌玖拾val</ABCCDE18921壹捌玖貳壹貳參肆伍陸柒捌玖拾elm></株熏犗煻獃瑱elm><株熏犗煻獃瑱elm 壹捌玖貳壹一丁attr="壹捌玖貳壹一丁val3"><ABCCDE18921壹捌玖貳壹貳參肆伍陸柒捌玖拾elm>ABCCDE18921壹捌玖貳壹貳參肆伍陸柒捌玖拾val</ABCCDE18921壹捌玖貳壹貳參肆伍陸柒捌玖拾elm></株熏犗煻獃瑱elm><株熏犗煻獃瑱elm 壹捌玖貳壹一丁attr="壹捌玖貳壹一丁val4"><ABCCDE18921壹捌玖貳壹貳參肆伍陸柒捌玖拾elm>ABCCDE18921壹捌玖貳壹貳參肆伍陸柒捌玖拾val</ABCCDE18921壹捌玖貳壹貳參肆伍陸柒捌玖拾elm></株熏犗煻獃瑱elm><!--表噂十豹竹敷椄 comment--></表噂十豹竹敷椄root>