Execute SELECT by jdbc41RowSetProvider.
1,啊☆抎駡U郂
2,ANSIString2
3,ＡＢＣ一丁七／＼～
4,ABCCDE/\!
