Execute CREATE TABLE.
INSERT INTO 表抎駡名 (栏位丁七) VALUES ('啊☆抎駡U郂')
INSERT INTO 表抎駡名 (栏位丁七) VALUES ('ANSIString2')
INSERT INTO 表抎駡名 (栏位丁七) VALUES ('ＡＢＣ一丁七／＼～')
INSERT INTO 表抎駡名 (栏位丁七) VALUES ('ABCCDE/\!')
=== AutoClose is called. ===
Execute SELECT by jdbc41autoclose.
1,啊☆抎駡U郂
2,ANSIString2
3,ＡＢＣ一丁七／＼～
4,ABCCDE/\!
