Execute CREATE TABLE.
INSERT INTO °\¦Ë¼Å (¬B¤@¤B¤C) VALUES ('ªíä÷¤Q°\¦Ë¼Å¡ãÙ¬¡¯¢I¡¦ÅÃ¸¯')
INSERT INTO °\¦Ë¼Å (¬B¤@¤B¤C) VALUES ('®èªíä÷¤Q°\¦Ë¼Å¡ãÙ¬¡¯¢I')
INSERT INTO °\¦Ë¼Å (¬B¤@¤B¤C) VALUES ('¢Ï¢Ð¢Ñ¢°¢·¢¸¢±¢°³ü®Ã¨h¶L³ü¤@¤B¤C¢A¢B')
INSERT INTO °\¦Ë¼Å (¬B¤@¤B¤C) VALUES ('ABCCDE18921³ü®Ã¨h¶L³ü¶L°Ñ¸v¥î³°¬m®Ã¨h¬B/\')
=== AutoClose is called. ===
Execute SELECT by jdbc41autoclose.
1,ªíä÷¤Q°\¦Ë¼Å¡ãÙ¬¡¯¢I¡¦ÅÃ¸¯
2,®èªíä÷¤Q°\¦Ë¼Å¡ãÙ¬¡¯¢I
3,¢Ï¢Ð¢Ñ¢°¢·¢¸¢±¢°³ü®Ã¨h¶L³ü¤@¤B¤C¢A¢B
4,ABCCDE18921³ü®Ã¨h¶L³ü¶L°Ñ¸v¥î³°¬m®Ã¨h¬B/\
