Execute SELECT by jdbc41RowSetProvider.
1,表噂十豹竹敷～椄＊＠’鷗葛
2,株表噂十豹竹敷～椄＊＠
3,ＡＢＣ１８９２１壹捌玖貳壹一丁七／＼
4,ABCCDE18921壹捌玖貳壹貳參肆伍陸柒捌玖拾/\\
