Execute CREATE TABLE.
INSERT INTO 豹竹敷 (拾一丁七) VALUES ('表噂十豹竹敷～椄＊＠’鷗葛')
INSERT INTO 豹竹敷 (拾一丁七) VALUES ('株表噂十豹竹敷～椄＊＠')
INSERT INTO 豹竹敷 (拾一丁七) VALUES ('ＡＢＣ１８９２１壹捌玖貳壹一丁七／＼')
INSERT INTO 豹竹敷 (拾一丁七) VALUES ('ABCCDE18921壹捌玖貳壹貳參肆伍陸柒捌玖拾/\\')
=== AutoClose is called. ===
Execute SELECT by jdbc41autoclose.
1,表噂十豹竹敷～椄＊＠’鷗葛
2,株表噂十豹竹敷～椄＊＠
3,ＡＢＣ１８９２１壹捌玖貳壹一丁七／＼
4,ABCCDE18921壹捌玖貳壹貳參肆伍陸柒捌玖拾/\\
