LOCALE = zh-tw 
JDBC41_TABLE_NAME = 表噂十豹 
JDBC41_CNAME = 貳壹一丁 
--- Create Table and Insert test data in JavaDB. 
Execute CREATE TABLE.
INSERT INTO 表噂十豹 (貳壹一丁) VALUES ('表噂十豹竹敷∼椄＊＠’鷗葛')
INSERT INTO 表噂十豹 (貳壹一丁) VALUES ('株表噂十豹竹敷∼椄＊＠')
INSERT INTO 表噂十豹 (貳壹一丁) VALUES ('ＡＢＣ１８９２１壹捌玖貳壹一丁七／＼')
INSERT INTO 表噂十豹 (貳壹一丁) VALUES ('ABCCDE18921壹捌玖貳壹貳參肆伍陸柒捌玖拾/\\')
=== AutoClose is called. ===
Execute SELECT by jdbc41autoclose.
1,表噂十豹竹敷∼椄＊＠’鷗葛
2,株表噂十豹竹敷∼椄＊＠
3,ＡＢＣ１８９２１壹捌玖貳壹一丁七／＼
4,ABCCDE18921壹捌玖貳壹貳參肆伍陸柒捌玖拾/\\
Execute SELECT by jdbc41RowSetProvider.
1,表噂十豹竹敷∼椄＊＠’鷗葛
2,株表噂十豹竹敷∼椄＊＠
3,ＡＢＣ１８９２１壹捌玖貳壹一丁七／＼
4,ABCCDE18921壹捌玖貳壹貳參肆伍陸柒捌玖拾/\\
--- Drop table in JavaDB. 
Execute DROP TABLE.
