LOCALE = zh-tw 
JDBC41_TABLE_NAME = ³ü®Ã¨h 
JDBC41_CNAME = °\¦Ë 
--- Create Table and Insert test data in JavaDB. 
Execute CREATE TABLE.
INSERT INTO ³ü®Ã¨h (°\¦Ë) VALUES ('ªíä÷¤Q°\¦Ë¼Å¡ãÙ¬¡¯¢I¡¦ÅÃ¸¯')
INSERT INTO ³ü®Ã¨h (°\¦Ë) VALUES ('®èªíä÷¤Q°\¦Ë¼Å¡ãÙ¬¡¯¢I')
INSERT INTO ³ü®Ã¨h (°\¦Ë) VALUES ('¢Ï¢Ð¢Ñ¢°¢·¢¸¢±¢°³ü®Ã¨h¶L³ü¤@¤B¤C¡þ¢@')
INSERT INTO ³ü®Ã¨h (°\¦Ë) VALUES ('ABCCDE18921³ü®Ã¨h¶L³ü¶L°Ñ¸v¥î³°¬m®Ã¨h¬B/\\')
=== AutoClose is called. ===
Execute SELECT by jdbc41autoclose.
1,ªíä÷¤Q°\¦Ë¼Å¡ãÙ¬¡¯¢I¡¦ÅÃ¸¯
2,®èªíä÷¤Q°\¦Ë¼Å¡ãÙ¬¡¯¢I
3,¢Ï¢Ð¢Ñ¢°¢·¢¸¢±¢°³ü®Ã¨h¶L³ü¤@¤B¤C¡þ¢@
4,ABCCDE18921³ü®Ã¨h¶L³ü¶L°Ñ¸v¥î³°¬m®Ã¨h¬B/\\
--- Drop table in JavaDB. 
Execute DROP TABLE.
