jar file name is 啊抎駡U郂.jar, class name is 啊抎駡U郂

The following is foo.run() result./ Count:1 times.
啊☆抎駡U郂

The following is foo.run() result./ Count:2 times.
ANSIString2

The following is foo.run() result./ Count:3 times.
ＡＢＣ一丁七／＼～

The following is foo.run() result./ Count:4 times.
ABCCDE/\\!
jar file name is ANSIString2.jar, class name is ANSIString2

The following is foo.run() result./ Count:1 times.
啊☆抎駡U郂

The following is foo.run() result./ Count:2 times.
ANSIString2

The following is foo.run() result./ Count:3 times.
ＡＢＣ一丁七／＼～

The following is foo.run() result./ Count:4 times.
ABCCDE/\\!
jar file name is ＡＢＣ一丁七.jar, class name is ＡＢＣ一丁七

The following is foo.run() result./ Count:1 times.
啊☆抎駡U郂

The following is foo.run() result./ Count:2 times.
ANSIString2

The following is foo.run() result./ Count:3 times.
ＡＢＣ一丁七／＼～

The following is foo.run() result./ Count:4 times.
ABCCDE/\\!
jar file name is ABCCDE.jar, class name is ABCCDE

The following is foo.run() result./ Count:1 times.
啊☆抎駡U郂

The following is foo.run() result./ Count:2 times.
ANSIString2

The following is foo.run() result./ Count:3 times.
ＡＢＣ一丁七／＼～

The following is foo.run() result./ Count:4 times.
ABCCDE/\\!
Test is passed.
