jar file name is °¡.jar, class name is °¡

The following is foo.run() result./ Count:1 times.
°¡¡î

The following is foo.run() result./ Count:2 times.
ANSIString2

The following is foo.run() result./ Count:3 times.
£Á£Â£ÃÒ»¶¡Æß£¯£Ü¡«

The following is foo.run() result./ Count:4 times.
ABCCDE/\\!
jar file name is ANSIString2.jar, class name is ANSIString2

The following is foo.run() result./ Count:1 times.
°¡¡î

The following is foo.run() result./ Count:2 times.
ANSIString2

The following is foo.run() result./ Count:3 times.
£Á£Â£ÃÒ»¶¡Æß£¯£Ü¡«

The following is foo.run() result./ Count:4 times.
ABCCDE/\\!
jar file name is £Á£Â£ÃÒ»¶¡Æß.jar, class name is £Á£Â£ÃÒ»¶¡Æß

The following is foo.run() result./ Count:1 times.
°¡¡î

The following is foo.run() result./ Count:2 times.
ANSIString2

The following is foo.run() result./ Count:3 times.
£Á£Â£ÃÒ»¶¡Æß£¯£Ü¡«

The following is foo.run() result./ Count:4 times.
ABCCDE/\\!
jar file name is ABCCDE.jar, class name is ABCCDE

The following is foo.run() result./ Count:1 times.
°¡¡î

The following is foo.run() result./ Count:2 times.
ANSIString2

The following is foo.run() result./ Count:3 times.
£Á£Â£ÃÒ»¶¡Æß£¯£Ü¡«

The following is foo.run() result./ Count:4 times.
ABCCDE/\\!
Test is passed.
