jar file name is 表噂十豹竹敷椄鷗葛.jar, class name is 表噂十豹竹敷椄鷗葛

The following is foo.run() result./ Count:1 times.
表噂十豹竹敷～椄＊＠’鷗葛

The following is foo.run() result./ Count:2 times.
株表噂十豹竹敷～椄＊＠

The following is foo.run() result./ Count:3 times.
ＡＢＣ１８９２１壹捌玖貳壹一丁七／＼

The following is foo.run() result./ Count:4 times.
ABCCDE18921壹捌玖貳壹貳參肆伍陸柒捌玖拾/\\
jar file name is 株表噂十豹竹敷椄.jar, class name is 株表噂十豹竹敷椄

The following is foo.run() result./ Count:1 times.
表噂十豹竹敷～椄＊＠’鷗葛

The following is foo.run() result./ Count:2 times.
株表噂十豹竹敷～椄＊＠

The following is foo.run() result./ Count:3 times.
ＡＢＣ１８９２１壹捌玖貳壹一丁七／＼

The following is foo.run() result./ Count:4 times.
ABCCDE18921壹捌玖貳壹貳參肆伍陸柒捌玖拾/\\
jar file name is ＡＢＣ１８９２１壹捌玖貳壹一丁七.jar, class name is ＡＢＣ１８９２１壹捌玖貳壹一丁七

The following is foo.run() result./ Count:1 times.
表噂十豹竹敷～椄＊＠’鷗葛

The following is foo.run() result./ Count:2 times.
株表噂十豹竹敷～椄＊＠

The following is foo.run() result./ Count:3 times.
ＡＢＣ１８９２１壹捌玖貳壹一丁七／＼

The following is foo.run() result./ Count:4 times.
ABCCDE18921壹捌玖貳壹貳參肆伍陸柒捌玖拾/\\
jar file name is ABCCDE18921壹捌玖貳壹貳參肆伍陸柒捌玖拾.jar, class name is ABCCDE18921壹捌玖貳壹貳參肆伍陸柒捌玖拾

The following is foo.run() result./ Count:1 times.
表噂十豹竹敷～椄＊＠’鷗葛

The following is foo.run() result./ Count:2 times.
株表噂十豹竹敷～椄＊＠

The following is foo.run() result./ Count:3 times.
ＡＢＣ１８９２１壹捌玖貳壹一丁七／＼

The following is foo.run() result./ Count:4 times.
ABCCDE18921壹捌玖貳壹貳參肆伍陸柒捌玖拾/\\
Test is passed.
