jar file name is ªíä÷¤Q°\¦Ë¼ÅÙ¬ÅÃ¸¯.jar, class name is ªíä÷¤Q°\¦Ë¼ÅÙ¬ÅÃ¸¯

The following is foo.run() result./ Count:1 times.
ªíä÷¤Q°\¦Ë¼Å¡ãÙ¬¡¯¢I¡¦ÅÃ¸¯

The following is foo.run() result./ Count:2 times.
®èªíä÷¤Q°\¦Ë¼Å¡ãÙ¬¡¯¢I

The following is foo.run() result./ Count:3 times.
¢Ï¢Ð¢Ñ¢°¢·¢¸¢±¢°³ü®Ã¨h¶L³ü¤@¤B¤C¡þ¢@

The following is foo.run() result./ Count:4 times.
ABCCDE18921³ü®Ã¨h¶L³ü¶L°Ñ¸v¥î³°¬m®Ã¨h¬B/\\
jar file name is ®èªíä÷¤Q°\¦Ë¼ÅÙ¬.jar, class name is ®èªíä÷¤Q°\¦Ë¼ÅÙ¬

The following is foo.run() result./ Count:1 times.
ªíä÷¤Q°\¦Ë¼Å¡ãÙ¬¡¯¢I¡¦ÅÃ¸¯

The following is foo.run() result./ Count:2 times.
®èªíä÷¤Q°\¦Ë¼Å¡ãÙ¬¡¯¢I

The following is foo.run() result./ Count:3 times.
¢Ï¢Ð¢Ñ¢°¢·¢¸¢±¢°³ü®Ã¨h¶L³ü¤@¤B¤C¡þ¢@

The following is foo.run() result./ Count:4 times.
ABCCDE18921³ü®Ã¨h¶L³ü¶L°Ñ¸v¥î³°¬m®Ã¨h¬B/\\
jar file name is ¢Ï¢Ð¢Ñ¢°¢·¢¸¢±¢°³ü®Ã¨h¶L³ü¤@¤B¤C.jar, class name is ¢Ï¢Ð¢Ñ¢°¢·¢¸¢±¢°³ü®Ã¨h¶L³ü¤@¤B¤C

The following is foo.run() result./ Count:1 times.
ªíä÷¤Q°\¦Ë¼Å¡ãÙ¬¡¯¢I¡¦ÅÃ¸¯

The following is foo.run() result./ Count:2 times.
®èªíä÷¤Q°\¦Ë¼Å¡ãÙ¬¡¯¢I

The following is foo.run() result./ Count:3 times.
¢Ï¢Ð¢Ñ¢°¢·¢¸¢±¢°³ü®Ã¨h¶L³ü¤@¤B¤C¡þ¢@

The following is foo.run() result./ Count:4 times.
ABCCDE18921³ü®Ã¨h¶L³ü¶L°Ñ¸v¥î³°¬m®Ã¨h¬B/\\
jar file name is ABCCDE18921³ü®Ã¨h¶L³ü¶L°Ñ¸v¥î³°¬m®Ã¨h¬B.jar, class name is ABCCDE18921³ü®Ã¨h¶L³ü¶L°Ñ¸v¥î³°¬m®Ã¨h¬B

The following is foo.run() result./ Count:1 times.
ªíä÷¤Q°\¦Ë¼Å¡ãÙ¬¡¯¢I¡¦ÅÃ¸¯

The following is foo.run() result./ Count:2 times.
®èªíä÷¤Q°\¦Ë¼Å¡ãÙ¬¡¯¢I

The following is foo.run() result./ Count:3 times.
¢Ï¢Ð¢Ñ¢°¢·¢¸¢±¢°³ü®Ã¨h¶L³ü¤@¤B¤C¡þ¢@

The following is foo.run() result./ Count:4 times.
ABCCDE18921³ü®Ã¨h¶L³ü¶L°Ñ¸v¥î³°¬m®Ã¨h¬B/\\
Test is passed.
