FULL:FULL:     2019年9月3日 星期二 下午1:06:36 [台北標準時間]  (y年M月d日 EEEE ah:mm:ss [zzzz])
LONG:LONG:     2019年9月3日 下午1:06:36 [TST]  (y年M月d日 ah:mm:ss [z])
MEDIUM:MEDIUM: 2019年9月3日 下午1:06:36  (y年M月d日 ah:mm:ss)
SHORT:SHORT:   2019/9/3 下午1:06  (y/M/d ah:mm)
++++++++++++++++++++++++++++++++++++++++++++++++++
Test result for i18n DateFormatTest ...
OK
--------------------------------------------------
