<TABLE border=1>
<TBODY>
<TR>
<TD>Version</TD><TD>1.0</TD></TR>
<TD>Encoding</TD><TD>UTF-8</TD></TR>
<TD>Standalone</TD><TD>false</TD></TR>
</TBODY></TABLE><BR>
<TABLE border=1>
<TBODY>
<TR>
<TD>Element(QName)</TD><TD>drinkdata</TD></TR>
<TR>
<TD>Element(Local Name)</TD><TD>drinkdata</TD></TR>
<TABLE border=1>
<TBODY>
<TR>
<TD>Element(QName)</TD><TD>drink</TD></TR>
<TR>
<TD>Element(Local Name)</TD><TD>drink</TD></TR>
<TABLE border=1>
<TBODY>
<TR>
<TD>Element(QName)</TD><TD>name</TD></TR>
<TR>
<TD>Element(Local Name)</TD><TD>name</TD></TR>
<TR>
<TD>Content</TD><TD>测试</TD></TR>
</TBODY></TABLE><BR>
<TABLE border=1>
<TBODY>
<TR>
<TD>Element(QName)</TD><TD>type</TD></TR>
<TR>
<TD>Element(Local Name)</TD><TD>type</TD></TR>
<TR>
<TD>Content</TD><TD>软饮料</TD></TR>
</TBODY></TABLE><BR>
<TABLE border=1>
<TBODY>
<TR>
<TD>Element(QName)</TD><TD>maker</TD></TR>
<TR>
<TD>Element(Local Name)</TD><TD>maker</TD></TR>
<TR>
<TD>Content</TD><TD>可口可乐</TD></TR>
</TBODY></TABLE><BR>
<TABLE border=1>
<TBODY>
<TR>
<TD>Element(QName)</TD><TD>price</TD></TR>
<TR>
<TD>Element(Local Name)</TD><TD>price</TD></TR>
<TR>
<TD>Attribute(QName)</TD><TD>currency</TD></TR>
<TR>
<TD>Attribute(Local Name)</TD><TD>currency</TD></TR>
<TR>
<TD>Attribute(Type)</TD><TD>CDATA</TD></TR>
<TR>
<TD>Attribute(Value)</TD><TD>yen</TD></TR>
<TR>
<TD>Attribute(Prefix)</TD><TD>-</TD></TR>
<TR>
<TD>Attribute(Namespace)</TD><TD>-</TD></TR>
<TR>
<TD>Content</TD><TD>120</TD></TR>
</TBODY></TABLE><BR>
<TABLE border=1>
<TBODY>
<TR>
<TD>Element(QName)</TD><TD>content</TD></TR>
<TR>
<TD>Element(Local Name)</TD><TD>content</TD></TR>
<TR>
<TD>Attribute(QName)</TD><TD>unit</TD></TR>
<TR>
<TD>Attribute(Local Name)</TD><TD>unit</TD></TR>
<TR>
<TD>Attribute(Type)</TD><TD>CDATA</TD></TR>
<TR>
<TD>Attribute(Value)</TD><TD>ml</TD></TR>
<TR>
<TD>Attribute(Prefix)</TD><TD>-</TD></TR>
<TR>
<TD>Attribute(Namespace)</TD><TD>-</TD></TR>
<TR>
<TD>Content</TD><TD>350</TD></TR>
</TBODY></TABLE><BR>
</TBODY></TABLE><BR>
<TABLE border=1>
<TBODY>
<TR>
<TD>Element(QName)</TD><TD>drink</TD></TR>
<TR>
<TD>Element(Local Name)</TD><TD>drink</TD></TR>
<TABLE border=1>
<TBODY>
<TR>
<TD>Element(QName)</TD><TD>name</TD></TR>
<TR>
<TD>Element(Local Name)</TD><TD>name</TD></TR>
<TR>
<TD>Content</TD><TD>啊☆€</TD></TR>
</TBODY></TABLE><BR>
<TABLE border=1>
<TBODY>
<TR>
<TD>Element(QName)</TD><TD>type</TD></TR>
<TR>
<TD>Element(Local Name)</TD><TD>type</TD></TR>
<TR>
<TD>Content</TD><TD>维生素饮品</TD></TR>
</TBODY></TABLE><BR>
<TABLE border=1>
<TBODY>
<TR>
<TD>Element(QName)</TD><TD>maker</TD></TR>
<TR>
<TD>Element(Local Name)</TD><TD>maker</TD></TR>
<TR>
<TD>Content</TD><TD>统一</TD></TR>
</TBODY></TABLE><BR>
<TABLE border=1>
<TBODY>
<TR>
<TD>Element(QName)</TD><TD>price</TD></TR>
<TR>
<TD>Element(Local Name)</TD><TD>price</TD></TR>
<TR>
<TD>Attribute(QName)</TD><TD>currency</TD></TR>
<TR>
<TD>Attribute(Local Name)</TD><TD>currency</TD></TR>
<TR>
<TD>Attribute(Type)</TD><TD>CDATA</TD></TR>
<TR>
<TD>Attribute(Value)</TD><TD>yen</TD></TR>
<TR>
<TD>Attribute(Prefix)</TD><TD>-</TD></TR>
<TR>
<TD>Attribute(Namespace)</TD><TD>-</TD></TR>
<TR>
<TD>Content</TD><TD>120</TD></TR>
</TBODY></TABLE><BR>
<TABLE border=1>
<TBODY>
<TR>
<TD>Element(QName)</TD><TD>content</TD></TR>
<TR>
<TD>Element(Local Name)</TD><TD>content</TD></TR>
<TR>
<TD>Attribute(QName)</TD><TD>unit</TD></TR>
<TR>
<TD>Attribute(Local Name)</TD><TD>unit</TD></TR>
<TR>
<TD>Attribute(Type)</TD><TD>CDATA</TD></TR>
<TR>
<TD>Attribute(Value)</TD><TD>ml</TD></TR>
<TR>
<TD>Attribute(Prefix)</TD><TD>-</TD></TR>
<TR>
<TD>Attribute(Namespace)</TD><TD>-</TD></TR>
<TR>
<TD>Content</TD><TD>350</TD></TR>
</TBODY></TABLE><BR>
</TBODY></TABLE><BR>
<TABLE border=1>
<TBODY>
<TR>
<TD>Element(QName)</TD><TD>drink</TD></TR>
<TR>
<TD>Element(Local Name)</TD><TD>drink</TD></TR>
<TABLE border=1>
<TBODY>
<TR>
<TD>Element(QName)</TD><TD>name</TD></TR>
<TR>
<TD>Element(Local Name)</TD><TD>name</TD></TR>
<TR>
<TD>Content</TD><TD>抎駡U郂</TD></TR>
</TBODY></TABLE><BR>
<TABLE border=1>
<TBODY>
<TR>
<TD>Element(QName)</TD><TD>type</TD></TR>
<TR>
<TD>Element(Local Name)</TD><TD>type</TD></TR>
<TR>
<TD>Content</TD><TD>ＡＢＣ一丁七</TD></TR>
</TBODY></TABLE><BR>
<TABLE border=1>
<TBODY>
<TR>
<TD>Element(QName)</TD><TD>maker</TD></TR>
<TR>
<TD>Element(Local Name)</TD><TD>maker</TD></TR>
<TR>
<TD>Content</TD><TD>JT</TD></TR>
</TBODY></TABLE><BR>
<TABLE border=1>
<TBODY>
<TR>
<TD>Element(QName)</TD><TD>price</TD></TR>
<TR>
<TD>Element(Local Name)</TD><TD>price</TD></TR>
<TR>
<TD>Attribute(QName)</TD><TD>currency</TD></TR>
<TR>
<TD>Attribute(Local Name)</TD><TD>currency</TD></TR>
<TR>
<TD>Attribute(Type)</TD><TD>CDATA</TD></TR>
<TR>
<TD>Attribute(Value)</TD><TD>yen</TD></TR>
<TR>
<TD>Attribute(Prefix)</TD><TD>-</TD></TR>
<TR>
<TD>Attribute(Namespace)</TD><TD>-</TD></TR>
<TR>
<TD>Content</TD><TD>140</TD></TR>
</TBODY></TABLE><BR>
<TABLE border=1>
<TBODY>
<TR>
<TD>Element(QName)</TD><TD>content</TD></TR>
<TR>
<TD>Element(Local Name)</TD><TD>content</TD></TR>
<TR>
<TD>Attribute(QName)</TD><TD>unit</TD></TR>
<TR>
<TD>Attribute(Local Name)</TD><TD>unit</TD></TR>
<TR>
<TD>Attribute(Type)</TD><TD>CDATA</TD></TR>
<TR>
<TD>Attribute(Value)</TD><TD>ml</TD></TR>
<TR>
<TD>Attribute(Prefix)</TD><TD>-</TD></TR>
<TR>
<TD>Attribute(Namespace)</TD><TD>-</TD></TR>
<TR>
<TD>Content</TD><TD>500</TD></TR>
</TBODY></TABLE><BR>
</TBODY></TABLE><BR>
<TABLE border=1>
<TBODY>
<TR>
<TD>Element(QName)</TD><TD>drink</TD></TR>
<TR>
<TD>Element(Local Name)</TD><TD>drink</TD></TR>
<TABLE border=1>
<TBODY>
<TR>
<TD>Element(QName)</TD><TD>name</TD></TR>
<TR>
<TD>Element(Local Name)</TD><TD>name</TD></TR>
<TR>
<TD>Content</TD><TD>Deka Vita </TD></TR>
</TBODY></TABLE><BR>
<TABLE border=1>
<TBODY>
<TR>
<TD>Element(QName)</TD><TD>type</TD></TR>
<TR>
<TD>Element(Local Name)</TD><TD>type</TD></TR>
<TR>
<TD>Content</TD><TD>维他 Drink</TD></TR>
</TBODY></TABLE><BR>
<TABLE border=1>
<TBODY>
<TR>
<TD>Element(QName)</TD><TD>maker</TD></TR>
<TR>
<TD>Element(Local Name)</TD><TD>maker</TD></TR>
<TR>
<TD>Content</TD><TD>中国</TD></TR>
</TBODY></TABLE><BR>
<TABLE border=1>
<TBODY>
<TR>
<TD>Element(QName)</TD><TD>price</TD></TR>
<TR>
<TD>Element(Local Name)</TD><TD>price</TD></TR>
<TR>
<TD>Attribute(QName)</TD><TD>currency</TD></TR>
<TR>
<TD>Attribute(Local Name)</TD><TD>currency</TD></TR>
<TR>
<TD>Attribute(Type)</TD><TD>CDATA</TD></TR>
<TR>
<TD>Attribute(Value)</TD><TD>yen</TD></TR>
<TR>
<TD>Attribute(Prefix)</TD><TD>-</TD></TR>
<TR>
<TD>Attribute(Namespace)</TD><TD>-</TD></TR>
<TR>
<TD>Content</TD><TD>120</TD></TR>
</TBODY></TABLE><BR>
<TABLE border=1>
<TBODY>
<TR>
<TD>Element(QName)</TD><TD>content</TD></TR>
<TR>
<TD>Element(Local Name)</TD><TD>content</TD></TR>
<TR>
<TD>Attribute(QName)</TD><TD>unit</TD></TR>
<TR>
<TD>Attribute(Local Name)</TD><TD>unit</TD></TR>
<TR>
<TD>Attribute(Type)</TD><TD>CDATA</TD></TR>
<TR>
<TD>Attribute(Value)</TD><TD>ml</TD></TR>
<TR>
<TD>Attribute(Prefix)</TD><TD>-</TD></TR>
<TR>
<TD>Attribute(Namespace)</TD><TD>-</TD></TR>
<TR>
<TD>Content</TD><TD>210</TD></TR>
</TBODY></TABLE><BR>
</TBODY></TABLE><BR>
<TABLE border=1>
<TBODY>
<TR>
<TD>Element(QName)</TD><TD>drink</TD></TR>
<TR>
<TD>Element(Local Name)</TD><TD>drink</TD></TR>
<TABLE border=1>
<TBODY>
<TR>
<TD>Element(QName)</TD><TD>name</TD></TR>
<TR>
<TD>Element(Local Name)</TD><TD>name</TD></TR>
<TR>
<TD>Content</TD><TD>大红袍</TD></TR>
</TBODY></TABLE><BR>
<TABLE border=1>
<TBODY>
<TR>
<TD>Element(QName)</TD><TD>type</TD></TR>
<TR>
<TD>Element(Local Name)</TD><TD>type</TD></TR>
<TR>
<TD>Content</TD><TD>岩 ea</TD></TR>
</TBODY></TABLE><BR>
<TABLE border=1>
<TBODY>
<TR>
<TD>Element(QName)</TD><TD>maker</TD></TR>
<TR>
<TD>Element(Local Name)</TD><TD>maker</TD></TR>
<TR>
<TD>Content</TD><TD>福州</TD></TR>
</TBODY></TABLE><BR>
<TABLE border=1>
<TBODY>
<TR>
<TD>Element(QName)</TD><TD>price</TD></TR>
<TR>
<TD>Element(Local Name)</TD><TD>price</TD></TR>
<TR>
<TD>Attribute(QName)</TD><TD>currency</TD></TR>
<TR>
<TD>Attribute(Local Name)</TD><TD>currency</TD></TR>
<TR>
<TD>Attribute(Type)</TD><TD>CDATA</TD></TR>
<TR>
<TD>Attribute(Value)</TD><TD>yen</TD></TR>
<TR>
<TD>Attribute(Prefix)</TD><TD>-</TD></TR>
<TR>
<TD>Attribute(Namespace)</TD><TD>-</TD></TR>
<TR>
<TD>Content</TD><TD>150</TD></TR>
</TBODY></TABLE><BR>
<TABLE border=1>
<TBODY>
<TR>
<TD>Element(QName)</TD><TD>content</TD></TR>
<TR>
<TD>Element(Local Name)</TD><TD>content</TD></TR>
<TR>
<TD>Attribute(QName)</TD><TD>unit</TD></TR>
<TR>
<TD>Attribute(Local Name)</TD><TD>unit</TD></TR>
<TR>
<TD>Attribute(Type)</TD><TD>CDATA</TD></TR>
<TR>
<TD>Attribute(Value)</TD><TD>ml</TD></TR>
<TR>
<TD>Attribute(Prefix)</TD><TD>-</TD></TR>
<TR>
<TD>Attribute(Namespace)</TD><TD>-</TD></TR>
<TR>
<TD>Content</TD><TD>500</TD></TR>
</TBODY></TABLE><BR>
</TBODY></TABLE><BR>
<TABLE border=1>
<TBODY>
<TR>
<TD>Element(QName)</TD><TD>drink</TD></TR>
<TR>
<TD>Element(Local Name)</TD><TD>drink</TD></TR>
<TABLE border=1>
<TBODY>
<TR>
<TD>Element(QName)</TD><TD>name</TD></TR>
<TR>
<TD>Element(Local Name)</TD><TD>name</TD></TR>
<TR>
<TD>Content</TD><TD>Kagome Tomato Juice</TD></TR>
</TBODY></TABLE><BR>
<TABLE border=1>
<TBODY>
<TR>
<TD>Element(QName)</TD><TD>type</TD></TR>
<TR>
<TD>Element(Local Name)</TD><TD>type</TD></TR>
<TR>
<TD>Content</TD><TD>Vegetable Juice</TD></TR>
</TBODY></TABLE><BR>
<TABLE border=1>
<TBODY>
<TR>
<TD>Element(QName)</TD><TD>maker</TD></TR>
<TR>
<TD>Element(Local Name)</TD><TD>maker</TD></TR>
<TR>
<TD>Content</TD><TD>Kagome</TD></TR>
</TBODY></TABLE><BR>
<TABLE border=1>
<TBODY>
<TR>
<TD>Element(QName)</TD><TD>price</TD></TR>
<TR>
<TD>Element(Local Name)</TD><TD>price</TD></TR>
<TR>
<TD>Attribute(QName)</TD><TD>currency</TD></TR>
<TR>
<TD>Attribute(Local Name)</TD><TD>currency</TD></TR>
<TR>
<TD>Attribute(Type)</TD><TD>CDATA</TD></TR>
<TR>
<TD>Attribute(Value)</TD><TD>yen</TD></TR>
<TR>
<TD>Attribute(Prefix)</TD><TD>-</TD></TR>
<TR>
<TD>Attribute(Namespace)</TD><TD>-</TD></TR>
<TR>
<TD>Content</TD><TD>120</TD></TR>
</TBODY></TABLE><BR>
<TABLE border=1>
<TBODY>
<TR>
<TD>Element(QName)</TD><TD>content</TD></TR>
<TR>
<TD>Element(Local Name)</TD><TD>content</TD></TR>
<TR>
<TD>Attribute(QName)</TD><TD>unit</TD></TR>
<TR>
<TD>Attribute(Local Name)</TD><TD>unit</TD></TR>
<TR>
<TD>Attribute(Type)</TD><TD>CDATA</TD></TR>
<TR>
<TD>Attribute(Value)</TD><TD>g</TD></TR>
<TR>
<TD>Attribute(Prefix)</TD><TD>-</TD></TR>
<TR>
<TD>Attribute(Namespace)</TD><TD>-</TD></TR>
<TR>
<TD>Content</TD><TD>160</TD></TR>
</TBODY></TABLE><BR>
</TBODY></TABLE><BR>
<TABLE border=1>
<TBODY>
<TR>
<TD>Element(QName)</TD><TD>drink</TD></TR>
<TR>
<TD>Element(Local Name)</TD><TD>drink</TD></TR>
<TABLE border=1>
<TBODY>
<TR>
<TD>Element(QName)</TD><TD>name</TD></TR>
<TR>
<TD>Element(Local Name)</TD><TD>name</TD></TR>
<TR>
<TD>Content</TD><TD>鲜榨芒果汁</TD></TR>
</TBODY></TABLE><BR>
<TABLE border=1>
<TBODY>
<TR>
<TD>Element(QName)</TD><TD>type</TD></TR>
<TR>
<TD>Element(Local Name)</TD><TD>type</TD></TR>
<TR>
<TD>Content</TD><TD>果汁</TD></TR>
</TBODY></TABLE><BR>
<TABLE border=1>
<TBODY>
<TR>
<TD>Element(QName)</TD><TD>maker</TD></TR>
<TR>
<TD>Element(Local Name)</TD><TD>maker</TD></TR>
<TR>
<TD>Content</TD><TD>Kagome</TD></TR>
</TBODY></TABLE><BR>
<TABLE border=1>
<TBODY>
<TR>
<TD>Element(QName)</TD><TD>price</TD></TR>
<TR>
<TD>Element(Local Name)</TD><TD>price</TD></TR>
<TR>
<TD>Attribute(QName)</TD><TD>currency</TD></TR>
<TR>
<TD>Attribute(Local Name)</TD><TD>currency</TD></TR>
<TR>
<TD>Attribute(Type)</TD><TD>CDATA</TD></TR>
<TR>
<TD>Attribute(Value)</TD><TD>yen</TD></TR>
<TR>
<TD>Attribute(Prefix)</TD><TD>-</TD></TR>
<TR>
<TD>Attribute(Namespace)</TD><TD>-</TD></TR>
<TR>
<TD>Content</TD><TD>120</TD></TR>
</TBODY></TABLE><BR>
<TABLE border=1>
<TBODY>
<TR>
<TD>Element(QName)</TD><TD>content</TD></TR>
<TR>
<TD>Element(Local Name)</TD><TD>content</TD></TR>
<TR>
<TD>Attribute(QName)</TD><TD>unit</TD></TR>
<TR>
<TD>Attribute(Local Name)</TD><TD>unit</TD></TR>
<TR>
<TD>Attribute(Type)</TD><TD>CDATA</TD></TR>
<TR>
<TD>Attribute(Value)</TD><TD>g</TD></TR>
<TR>
<TD>Attribute(Prefix)</TD><TD>-</TD></TR>
<TR>
<TD>Attribute(Namespace)</TD><TD>-</TD></TR>
<TR>
<TD>Content</TD><TD>190</TD></TR>
</TBODY></TABLE><BR>
</TBODY></TABLE><BR>
<TABLE border=1>
<TBODY>
<TR>
<TD>Element(QName)</TD><TD>drink</TD></TR>
<TR>
<TD>Element(Local Name)</TD><TD>drink</TD></TR>
<TABLE border=1>
<TBODY>
<TR>
<TD>Element(QName)</TD><TD>name</TD></TR>
<TR>
<TD>Element(Local Name)</TD><TD>name</TD></TR>
<TR>
<TD>Content</TD><TD>Dr. Pepper</TD></TR>
</TBODY></TABLE><BR>
<TABLE border=1>
<TBODY>
<TR>
<TD>Element(QName)</TD><TD>type</TD></TR>
<TR>
<TD>Element(Local Name)</TD><TD>type</TD></TR>
<TR>
<TD>Content</TD><TD>Soda</TD></TR>
</TBODY></TABLE><BR>
<TABLE border=1>
<TBODY>
<TR>
<TD>Element(QName)</TD><TD>maker</TD></TR>
<TR>
<TD>Element(Local Name)</TD><TD>maker</TD></TR>
<TR>
<TD>Content</TD><TD>CFC</TD></TR>
</TBODY></TABLE><BR>
<TABLE border=1>
<TBODY>
<TR>
<TD>Element(QName)</TD><TD>price</TD></TR>
<TR>
<TD>Element(Local Name)</TD><TD>price</TD></TR>
<TR>
<TD>Attribute(QName)</TD><TD>currency</TD></TR>
<TR>
<TD>Attribute(Local Name)</TD><TD>currency</TD></TR>
<TR>
<TD>Attribute(Type)</TD><TD>CDATA</TD></TR>
<TR>
<TD>Attribute(Value)</TD><TD>yen</TD></TR>
<TR>
<TD>Attribute(Prefix)</TD><TD>-</TD></TR>
<TR>
<TD>Attribute(Namespace)</TD><TD>-</TD></TR>
<TR>
<TD>Content</TD><TD>120</TD></TR>
</TBODY></TABLE><BR>
<TABLE border=1>
<TBODY>
<TR>
<TD>Element(QName)</TD><TD>content</TD></TR>
<TR>
<TD>Element(Local Name)</TD><TD>content</TD></TR>
<TR>
<TD>Attribute(QName)</TD><TD>unit</TD></TR>
<TR>
<TD>Attribute(Local Name)</TD><TD>unit</TD></TR>
<TR>
<TD>Attribute(Type)</TD><TD>CDATA</TD></TR>
<TR>
<TD>Attribute(Value)</TD><TD>ml</TD></TR>
<TR>
<TD>Attribute(Prefix)</TD><TD>-</TD></TR>
<TR>
<TD>Attribute(Namespace)</TD><TD>-</TD></TR>
<TR>
<TD>Content</TD><TD>350</TD></TR>
</TBODY></TABLE><BR>
</TBODY></TABLE><BR>
<TABLE border=1>
<TBODY>
<TR>
<TD>Element(QName)</TD><TD>drink</TD></TR>
<TR>
<TD>Element(Local Name)</TD><TD>drink</TD></TR>
<TABLE border=1>
<TBODY>
<TR>
<TD>Element(QName)</TD><TD>name</TD></TR>
<TR>
<TD>Element(Local Name)</TD><TD>name</TD></TR>
<TR>
<TD>Content</TD><TD>Root Beer</TD></TR>
</TBODY></TABLE><BR>
<TABLE border=1>
<TBODY>
<TR>
<TD>Element(QName)</TD><TD>type</TD></TR>
<TR>
<TD>Element(Local Name)</TD><TD>type</TD></TR>
<TR>
<TD>Content</TD><TD>Soda</TD></TR>
</TBODY></TABLE><BR>
<TABLE border=1>
<TBODY>
<TR>
<TD>Element(QName)</TD><TD>maker</TD></TR>
<TR>
<TD>Element(Local Name)</TD><TD>maker</TD></TR>
<TR>
<TD>Content</TD><TD>A</TD></TR>
<TR>
<TD>Content</TD><TD>&</TD></TR>
<TR>
<TD>Content</TD><TD>W</TD></TR>
</TBODY></TABLE><BR>
<TABLE border=1>
<TBODY>
<TR>
<TD>Element(QName)</TD><TD>price</TD></TR>
<TR>
<TD>Element(Local Name)</TD><TD>price</TD></TR>
<TR>
<TD>Attribute(QName)</TD><TD>currency</TD></TR>
<TR>
<TD>Attribute(Local Name)</TD><TD>currency</TD></TR>
<TR>
<TD>Attribute(Type)</TD><TD>CDATA</TD></TR>
<TR>
<TD>Attribute(Value)</TD><TD>dollar</TD></TR>
<TR>
<TD>Attribute(Prefix)</TD><TD>-</TD></TR>
<TR>
<TD>Attribute(Namespace)</TD><TD>-</TD></TR>
<TR>
<TD>Content</TD><TD>1</TD></TR>
</TBODY></TABLE><BR>
<TABLE border=1>
<TBODY>
<TR>
<TD>Element(QName)</TD><TD>content</TD></TR>
<TR>
<TD>Element(Local Name)</TD><TD>content</TD></TR>
<TR>
<TD>Attribute(QName)</TD><TD>unit</TD></TR>
<TR>
<TD>Attribute(Local Name)</TD><TD>unit</TD></TR>
<TR>
<TD>Attribute(Type)</TD><TD>CDATA</TD></TR>
<TR>
<TD>Attribute(Value)</TD><TD>ml</TD></TR>
<TR>
<TD>Attribute(Prefix)</TD><TD>-</TD></TR>
<TR>
<TD>Attribute(Namespace)</TD><TD>-</TD></TR>
<TR>
<TD>Content</TD><TD>350</TD></TR>
</TBODY></TABLE><BR>
</TBODY></TABLE><BR>
<TABLE border=1>
<TBODY>
<TR>
<TD>Element(QName)</TD><TD>drink</TD></TR>
<TR>
<TD>Element(Local Name)</TD><TD>drink</TD></TR>
<TABLE border=1>
<TBODY>
<TR>
<TD>Element(QName)</TD><TD>name</TD></TR>
<TR>
<TD>Element(Local Name)</TD><TD>name</TD></TR>
<TR>
<TD>Content</TD><TD>7up</TD></TR>
</TBODY></TABLE><BR>
<TABLE border=1>
<TBODY>
<TR>
<TD>Element(QName)</TD><TD>type</TD></TR>
<TR>
<TD>Element(Local Name)</TD><TD>type</TD></TR>
<TR>
<TD>Content</TD><TD>Soda</TD></TR>
</TBODY></TABLE><BR>
<TABLE border=1>
<TBODY>
<TR>
<TD>Element(QName)</TD><TD>maker</TD></TR>
<TR>
<TD>Element(Local Name)</TD><TD>maker</TD></TR>
<TR>
<TD>Content</TD><TD>Suntory</TD></TR>
</TBODY></TABLE><BR>
<TABLE border=1>
<TBODY>
<TR>
<TD>Element(QName)</TD><TD>price</TD></TR>
<TR>
<TD>Element(Local Name)</TD><TD>price</TD></TR>
<TR>
<TD>Attribute(QName)</TD><TD>currency</TD></TR>
<TR>
<TD>Attribute(Local Name)</TD><TD>currency</TD></TR>
<TR>
<TD>Attribute(Type)</TD><TD>CDATA</TD></TR>
<TR>
<TD>Attribute(Value)</TD><TD>yen</TD></TR>
<TR>
<TD>Attribute(Prefix)</TD><TD>-</TD></TR>
<TR>
<TD>Attribute(Namespace)</TD><TD>-</TD></TR>
<TR>
<TD>Content</TD><TD>120</TD></TR>
</TBODY></TABLE><BR>
<TABLE border=1>
<TBODY>
<TR>
<TD>Element(QName)</TD><TD>content</TD></TR>
<TR>
<TD>Element(Local Name)</TD><TD>content</TD></TR>
<TR>
<TD>Attribute(QName)</TD><TD>unit</TD></TR>
<TR>
<TD>Attribute(Local Name)</TD><TD>unit</TD></TR>
<TR>
<TD>Attribute(Type)</TD><TD>CDATA</TD></TR>
<TR>
<TD>Attribute(Value)</TD><TD>ml</TD></TR>
<TR>
<TD>Attribute(Prefix)</TD><TD>-</TD></TR>
<TR>
<TD>Attribute(Namespace)</TD><TD>-</TD></TR>
<TR>
<TD>Content</TD><TD>350</TD></TR>
</TBODY></TABLE><BR>
</TBODY></TABLE><BR>
<TABLE border=1>
<TBODY>
<TR>
<TD>Element(QName)</TD><TD>drink</TD></TR>
<TR>
<TD>Element(Local Name)</TD><TD>drink</TD></TR>
<TABLE border=1>
<TBODY>
<TR>
<TD>Element(QName)</TD><TD>name</TD></TR>
<TR>
<TD>Element(Local Name)</TD><TD>name</TD></TR>
<TR>
<TD>Content</TD><TD>Bean Juice</TD></TR>
</TBODY></TABLE><BR>
<TABLE border=1>
<TBODY>
<TR>
<TD>Element(QName)</TD><TD>type</TD></TR>
<TR>
<TD>Element(Local Name)</TD><TD>type</TD></TR>
<TR>
<TD>Content</TD><TD>Bean Juice</TD></TR>
</TBODY></TABLE><BR>
<TABLE border=1>
<TBODY>
<TR>
<TD>Element(QName)</TD><TD>maker</TD></TR>
<TR>
<TD>Element(Local Name)</TD><TD>maker</TD></TR>
<TR>
<TD>Content</TD><TD>Marusanai</TD></TR>
</TBODY></TABLE><BR>
<TABLE border=1>
<TBODY>
<TR>
<TD>Element(QName)</TD><TD>price</TD></TR>
<TR>
<TD>Element(Local Name)</TD><TD>price</TD></TR>
<TR>
<TD>Attribute(QName)</TD><TD>currency</TD></TR>
<TR>
<TD>Attribute(Local Name)</TD><TD>currency</TD></TR>
<TR>
<TD>Attribute(Type)</TD><TD>CDATA</TD></TR>
<TR>
<TD>Attribute(Value)</TD><TD>yen</TD></TR>
<TR>
<TD>Attribute(Prefix)</TD><TD>-</TD></TR>
<TR>
<TD>Attribute(Namespace)</TD><TD>-</TD></TR>
<TR>
<TD>Content</TD><TD>88</TD></TR>
</TBODY></TABLE><BR>
<TABLE border=1>
<TBODY>
<TR>
<TD>Element(QName)</TD><TD>content</TD></TR>
<TR>
<TD>Element(Local Name)</TD><TD>content</TD></TR>
<TR>
<TD>Attribute(QName)</TD><TD>unit</TD></TR>
<TR>
<TD>Attribute(Local Name)</TD><TD>unit</TD></TR>
<TR>
<TD>Attribute(Type)</TD><TD>CDATA</TD></TR>
<TR>
<TD>Attribute(Value)</TD><TD>ml</TD></TR>
<TR>
<TD>Attribute(Prefix)</TD><TD>-</TD></TR>
<TR>
<TD>Attribute(Namespace)</TD><TD>-</TD></TR>
<TR>
<TD>Content</TD><TD>200</TD></TR>
</TBODY></TABLE><BR>
</TBODY></TABLE><BR>
<TABLE border=1>
<TBODY>
<TR>
<TD>Element(QName)</TD><TD>drink</TD></TR>
<TR>
<TD>Element(Local Name)</TD><TD>drink</TD></TR>
<TABLE border=1>
<TBODY>
<TR>
<TD>Element(QName)</TD><TD>name</TD></TR>
<TR>
<TD>Element(Local Name)</TD><TD>name</TD></TR>
<TR>
<TD>Content</TD><TD>Dydo Brend Coffee</TD></TR>
</TBODY></TABLE><BR>
<TABLE border=1>
<TBODY>
<TR>
<TD>Element(QName)</TD><TD>type</TD></TR>
<TR>
<TD>Element(Local Name)</TD><TD>type</TD></TR>
<TR>
<TD>Content</TD><TD>Coffee</TD></TR>
</TBODY></TABLE><BR>
<TABLE border=1>
<TBODY>
<TR>
<TD>Element(QName)</TD><TD>maker</TD></TR>
<TR>
<TD>Element(Local Name)</TD><TD>maker</TD></TR>
<TR>
<TD>Content</TD><TD>Dydo</TD></TR>
</TBODY></TABLE><BR>
<TABLE border=1>
<TBODY>
<TR>
<TD>Element(QName)</TD><TD>price</TD></TR>
<TR>
<TD>Element(Local Name)</TD><TD>price</TD></TR>
<TR>
<TD>Attribute(QName)</TD><TD>currency</TD></TR>
<TR>
<TD>Attribute(Local Name)</TD><TD>currency</TD></TR>
<TR>
<TD>Attribute(Type)</TD><TD>CDATA</TD></TR>
<TR>
<TD>Attribute(Value)</TD><TD>yen</TD></TR>
<TR>
<TD>Attribute(Prefix)</TD><TD>-</TD></TR>
<TR>
<TD>Attribute(Namespace)</TD><TD>-</TD></TR>
<TR>
<TD>Content</TD><TD>120</TD></TR>
</TBODY></TABLE><BR>
<TABLE border=1>
<TBODY>
<TR>
<TD>Element(QName)</TD><TD>content</TD></TR>
<TR>
<TD>Element(Local Name)</TD><TD>content</TD></TR>
<TR>
<TD>Attribute(QName)</TD><TD>unit</TD></TR>
<TR>
<TD>Attribute(Local Name)</TD><TD>unit</TD></TR>
<TR>
<TD>Attribute(Type)</TD><TD>CDATA</TD></TR>
<TR>
<TD>Attribute(Value)</TD><TD>g</TD></TR>
<TR>
<TD>Attribute(Prefix)</TD><TD>-</TD></TR>
<TR>
<TD>Attribute(Namespace)</TD><TD>-</TD></TR>
<TR>
<TD>Content</TD><TD>190</TD></TR>
</TBODY></TABLE><BR>
</TBODY></TABLE><BR>
<TABLE border=1>
<TBODY>
<TR>
<TD>Element(QName)</TD><TD>drink</TD></TR>
<TR>
<TD>Element(Local Name)</TD><TD>drink</TD></TR>
<TABLE border=1>
<TBODY>
<TR>
<TD>Element(QName)</TD><TD>name</TD></TR>
<TR>
<TD>Element(Local Name)</TD><TD>name</TD></TR>
<TR>
<TD>Content</TD><TD>Aojiru</TD></TR>
</TBODY></TABLE><BR>
<TABLE border=1>
<TBODY>
<TR>
<TD>Element(QName)</TD><TD>type</TD></TR>
<TR>
<TD>Element(Local Name)</TD><TD>type</TD></TR>
<TR>
<TD>Content</TD><TD>Vegetable Juice</TD></TR>
</TBODY></TABLE><BR>
<TABLE border=1>
<TBODY>
<TR>
<TD>Element(QName)</TD><TD>maker</TD></TR>
<TR>
<TD>Element(Local Name)</TD><TD>maker</TD></TR>
<TR>
<TD>Content</TD><TD>Sunstar</TD></TR>
</TBODY></TABLE><BR>
<TABLE border=1>
<TBODY>
<TR>
<TD>Element(QName)</TD><TD>price</TD></TR>
<TR>
<TD>Element(Local Name)</TD><TD>price</TD></TR>
<TR>
<TD>Attribute(QName)</TD><TD>currency</TD></TR>
<TR>
<TD>Attribute(Local Name)</TD><TD>currency</TD></TR>
<TR>
<TD>Attribute(Type)</TD><TD>CDATA</TD></TR>
<TR>
<TD>Attribute(Value)</TD><TD>yen</TD></TR>
<TR>
<TD>Attribute(Prefix)</TD><TD>-</TD></TR>
<TR>
<TD>Attribute(Namespace)</TD><TD>-</TD></TR>
<TR>
<TD>Content</TD><TD>198</TD></TR>
</TBODY></TABLE><BR>
<TABLE border=1>
<TBODY>
<TR>
<TD>Element(QName)</TD><TD>content</TD></TR>
<TR>
<TD>Element(Local Name)</TD><TD>content</TD></TR>
<TR>
<TD>Attribute(QName)</TD><TD>unit</TD></TR>
<TR>
<TD>Attribute(Local Name)</TD><TD>unit</TD></TR>
<TR>
<TD>Attribute(Type)</TD><TD>CDATA</TD></TR>
<TR>
<TD>Attribute(Value)</TD><TD>g</TD></TR>
<TR>
<TD>Attribute(Prefix)</TD><TD>-</TD></TR>
<TR>
<TD>Attribute(Namespace)</TD><TD>-</TD></TR>
<TR>
<TD>Content</TD><TD>160</TD></TR>
</TBODY></TABLE><BR>
</TBODY></TABLE><BR>
<TABLE border=1>
<TBODY>
<TR>
<TD>Element(QName)</TD><TD>drink</TD></TR>
<TR>
<TD>Element(Local Name)</TD><TD>drink</TD></TR>
<TABLE border=1>
<TBODY>
<TR>
<TD>Element(QName)</TD><TD>name</TD></TR>
<TR>
<TD>Element(Local Name)</TD><TD>name</TD></TR>
<TR>
<TD>Content</TD><TD>MIU</TD></TR>
</TBODY></TABLE><BR>
<TABLE border=1>
<TBODY>
<TR>
<TD>Element(QName)</TD><TD>type</TD></TR>
<TR>
<TD>Element(Local Name)</TD><TD>type</TD></TR>
<TR>
<TD>Content</TD><TD>Sport Drink</TD></TR>
</TBODY></TABLE><BR>
<TABLE border=1>
<TBODY>
<TR>
<TD>Element(QName)</TD><TD>maker</TD></TR>
<TR>
<TD>Element(Local Name)</TD><TD>maker</TD></TR>
<TR>
<TD>Content</TD><TD>Dydo Drinco</TD></TR>
</TBODY></TABLE><BR>
<TABLE border=1>
<TBODY>
<TR>
<TD>Element(QName)</TD><TD>price</TD></TR>
<TR>
<TD>Element(Local Name)</TD><TD>price</TD></TR>
<TR>
<TD>Attribute(QName)</TD><TD>currency</TD></TR>
<TR>
<TD>Attribute(Local Name)</TD><TD>currency</TD></TR>
<TR>
<TD>Attribute(Type)</TD><TD>CDATA</TD></TR>
<TR>
<TD>Attribute(Value)</TD><TD>yen</TD></TR>
<TR>
<TD>Attribute(Prefix)</TD><TD>-</TD></TR>
<TR>
<TD>Attribute(Namespace)</TD><TD>-</TD></TR>
<TR>
<TD>Content</TD><TD>120</TD></TR>
</TBODY></TABLE><BR>
<TABLE border=1>
<TBODY>
<TR>
<TD>Element(QName)</TD><TD>content</TD></TR>
<TR>
<TD>Element(Local Name)</TD><TD>content</TD></TR>
<TR>
<TD>Attribute(QName)</TD><TD>unit</TD></TR>
<TR>
<TD>Attribute(Local Name)</TD><TD>unit</TD></TR>
<TR>
<TD>Attribute(Type)</TD><TD>CDATA</TD></TR>
<TR>
<TD>Attribute(Value)</TD><TD>ml</TD></TR>
<TR>
<TD>Attribute(Prefix)</TD><TD>-</TD></TR>
<TR>
<TD>Attribute(Namespace)</TD><TD>-</TD></TR>
<TR>
<TD>Content</TD><TD>490</TD></TR>
</TBODY></TABLE><BR>
</TBODY></TABLE><BR>
<TABLE border=1>
<TBODY>
<TR>
<TD>Element(QName)</TD><TD>drink</TD></TR>
<TR>
<TD>Element(Local Name)</TD><TD>drink</TD></TR>
<TABLE border=1>
<TBODY>
<TR>
<TD>Element(QName)</TD><TD>name</TD></TR>
<TR>
<TD>Element(Local Name)</TD><TD>name</TD></TR>
<TR>
<TD>Content</TD><TD>Honey Lemon</TD></TR>
</TBODY></TABLE><BR>
<TABLE border=1>
<TBODY>
<TR>
<TD>Element(QName)</TD><TD>type</TD></TR>
<TR>
<TD>Element(Local Name)</TD><TD>type</TD></TR>
<TR>
<TD>Content</TD><TD>Juice</TD></TR>
</TBODY></TABLE><BR>
<TABLE border=1>
<TBODY>
<TR>
<TD>Element(QName)</TD><TD>maker</TD></TR>
<TR>
<TD>Element(Local Name)</TD><TD>maker</TD></TR>
<TR>
<TD>Content</TD><TD>Suntory</TD></TR>
</TBODY></TABLE><BR>
<TABLE border=1>
<TBODY>
<TR>
<TD>Element(QName)</TD><TD>price</TD></TR>
<TR>
<TD>Element(Local Name)</TD><TD>price</TD></TR>
<TR>
<TD>Attribute(QName)</TD><TD>currency</TD></TR>
<TR>
<TD>Attribute(Local Name)</TD><TD>currency</TD></TR>
<TR>
<TD>Attribute(Type)</TD><TD>CDATA</TD></TR>
<TR>
<TD>Attribute(Value)</TD><TD>yen</TD></TR>
<TR>
<TD>Attribute(Prefix)</TD><TD>-</TD></TR>
<TR>
<TD>Attribute(Namespace)</TD><TD>-</TD></TR>
<TR>
<TD>Content</TD><TD>120</TD></TR>
</TBODY></TABLE><BR>
<TABLE border=1>
<TBODY>
<TR>
<TD>Element(QName)</TD><TD>content</TD></TR>
<TR>
<TD>Element(Local Name)</TD><TD>content</TD></TR>
<TR>
<TD>Attribute(QName)</TD><TD>unit</TD></TR>
<TR>
<TD>Attribute(Local Name)</TD><TD>unit</TD></TR>
<TR>
<TD>Attribute(Type)</TD><TD>CDATA</TD></TR>
<TR>
<TD>Attribute(Value)</TD><TD>ml</TD></TR>
<TR>
<TD>Attribute(Prefix)</TD><TD>-</TD></TR>
<TR>
<TD>Attribute(Namespace)</TD><TD>-</TD></TR>
<TR>
<TD>Content</TD><TD>350</TD></TR>
</TBODY></TABLE><BR>
</TBODY></TABLE><BR>
<TABLE border=1>
<TBODY>
<TR>
<TD>Element(QName)</TD><TD>drink</TD></TR>
<TR>
<TD>Element(Local Name)</TD><TD>drink</TD></TR>
<TABLE border=1>
<TBODY>
<TR>
<TD>Element(QName)</TD><TD>name</TD></TR>
<TR>
<TD>Element(Local Name)</TD><TD>name</TD></TR>
<TR>
<TD>Content</TD><TD>Bireleys Orange</TD></TR>
</TBODY></TABLE><BR>
<TABLE border=1>
<TBODY>
<TR>
<TD>Element(QName)</TD><TD>type</TD></TR>
<TR>
<TD>Element(Local Name)</TD><TD>type</TD></TR>
<TR>
<TD>Content</TD><TD>Juice</TD></TR>
</TBODY></TABLE><BR>
<TABLE border=1>
<TBODY>
<TR>
<TD>Element(QName)</TD><TD>maker</TD></TR>
<TR>
<TD>Element(Local Name)</TD><TD>maker</TD></TR>
<TR>
<TD>Content</TD><TD>Asahi</TD></TR>
</TBODY></TABLE><BR>
<TABLE border=1>
<TBODY>
<TR>
<TD>Element(QName)</TD><TD>price</TD></TR>
<TR>
<TD>Element(Local Name)</TD><TD>price</TD></TR>
<TR>
<TD>Attribute(QName)</TD><TD>currency</TD></TR>
<TR>
<TD>Attribute(Local Name)</TD><TD>currency</TD></TR>
<TR>
<TD>Attribute(Type)</TD><TD>CDATA</TD></TR>
<TR>
<TD>Attribute(Value)</TD><TD>yen</TD></TR>
<TR>
<TD>Attribute(Prefix)</TD><TD>-</TD></TR>
<TR>
<TD>Attribute(Namespace)</TD><TD>-</TD></TR>
<TR>
<TD>Content</TD><TD>100</TD></TR>
</TBODY></TABLE><BR>
<TABLE border=1>
<TBODY>
<TR>
<TD>Element(QName)</TD><TD>content</TD></TR>
<TR>
<TD>Element(Local Name)</TD><TD>content</TD></TR>
<TR>
<TD>Attribute(QName)</TD><TD>unit</TD></TR>
<TR>
<TD>Attribute(Local Name)</TD><TD>unit</TD></TR>
<TR>
<TD>Attribute(Type)</TD><TD>CDATA</TD></TR>
<TR>
<TD>Attribute(Value)</TD><TD>ml</TD></TR>
<TR>
<TD>Attribute(Prefix)</TD><TD>-</TD></TR>
<TR>
<TD>Attribute(Namespace)</TD><TD>-</TD></TR>
<TR>
<TD>Content</TD><TD>250</TD></TR>
</TBODY></TABLE><BR>
</TBODY></TABLE><BR>
<TABLE border=1>
<TBODY>
<TR>
<TD>Element(QName)</TD><TD>drink</TD></TR>
<TR>
<TD>Element(Local Name)</TD><TD>drink</TD></TR>
<TABLE border=1>
<TBODY>
<TR>
<TD>Element(QName)</TD><TD>name</TD></TR>
<TR>
<TD>Element(Local Name)</TD><TD>name</TD></TR>
<TR>
<TD>Content</TD><TD>Shiruko</TD></TR>
</TBODY></TABLE><BR>
<TABLE border=1>
<TBODY>
<TR>
<TD>Element(QName)</TD><TD>type</TD></TR>
<TR>
<TD>Element(Local Name)</TD><TD>type</TD></TR>
<TR>
<TD>Content</TD><TD>Others</TD></TR>
</TBODY></TABLE><BR>
<TABLE border=1>
<TBODY>
<TR>
<TD>Element(QName)</TD><TD>maker</TD></TR>
<TR>
<TD>Element(Local Name)</TD><TD>maker</TD></TR>
<TR>
<TD>Content</TD><TD>Morinaga</TD></TR>
</TBODY></TABLE><BR>
<TABLE border=1>
<TBODY>
<TR>
<TD>Element(QName)</TD><TD>price</TD></TR>
<TR>
<TD>Element(Local Name)</TD><TD>price</TD></TR>
<TR>
<TD>Attribute(QName)</TD><TD>currency</TD></TR>
<TR>
<TD>Attribute(Local Name)</TD><TD>currency</TD></TR>
<TR>
<TD>Attribute(Type)</TD><TD>CDATA</TD></TR>
<TR>
<TD>Attribute(Value)</TD><TD>yen</TD></TR>
<TR>
<TD>Attribute(Prefix)</TD><TD>-</TD></TR>
<TR>
<TD>Attribute(Namespace)</TD><TD>-</TD></TR>
<TR>
<TD>Content</TD><TD>120</TD></TR>
</TBODY></TABLE><BR>
<TABLE border=1>
<TBODY>
<TR>
<TD>Element(QName)</TD><TD>content</TD></TR>
<TR>
<TD>Element(Local Name)</TD><TD>content</TD></TR>
<TR>
<TD>Attribute(QName)</TD><TD>unit</TD></TR>
<TR>
<TD>Attribute(Local Name)</TD><TD>unit</TD></TR>
<TR>
<TD>Attribute(Type)</TD><TD>CDATA</TD></TR>
<TR>
<TD>Attribute(Value)</TD><TD>g</TD></TR>
<TR>
<TD>Attribute(Prefix)</TD><TD>-</TD></TR>
<TR>
<TD>Attribute(Namespace)</TD><TD>-</TD></TR>
<TR>
<TD>Content</TD><TD>190</TD></TR>
</TBODY></TABLE><BR>
</TBODY></TABLE><BR>
<TABLE border=1>
<TBODY>
<TR>
<TD>Element(QName)</TD><TD>drink</TD></TR>
<TR>
<TD>Element(Local Name)</TD><TD>drink</TD></TR>
<TABLE border=1>
<TBODY>
<TR>
<TD>Element(QName)</TD><TD>name</TD></TR>
<TR>
<TD>Element(Local Name)</TD><TD>name</TD></TR>
<TR>
<TD>Content</TD><TD>Geogea Emerald Mountain Brend</TD></TR>
</TBODY></TABLE><BR>
<TABLE border=1>
<TBODY>
<TR>
<TD>Element(QName)</TD><TD>type</TD></TR>
<TR>
<TD>Element(Local Name)</TD><TD>type</TD></TR>
<TR>
<TD>Content</TD><TD>Coffee</TD></TR>
</TBODY></TABLE><BR>
<TABLE border=1>
<TBODY>
<TR>
<TD>Element(QName)</TD><TD>maker</TD></TR>
<TR>
<TD>Element(Local Name)</TD><TD>maker</TD></TR>
<TR>
<TD>Content</TD><TD>Coca Cola</TD></TR>
</TBODY></TABLE><BR>
<TABLE border=1>
<TBODY>
<TR>
<TD>Element(QName)</TD><TD>price</TD></TR>
<TR>
<TD>Element(Local Name)</TD><TD>price</TD></TR>
<TR>
<TD>Attribute(QName)</TD><TD>currency</TD></TR>
<TR>
<TD>Attribute(Local Name)</TD><TD>currency</TD></TR>
<TR>
<TD>Attribute(Type)</TD><TD>CDATA</TD></TR>
<TR>
<TD>Attribute(Value)</TD><TD>yen</TD></TR>
<TR>
<TD>Attribute(Prefix)</TD><TD>-</TD></TR>
<TR>
<TD>Attribute(Namespace)</TD><TD>-</TD></TR>
<TR>
<TD>Content</TD><TD>120</TD></TR>
</TBODY></TABLE><BR>
<TABLE border=1>
<TBODY>
<TR>
<TD>Element(QName)</TD><TD>content</TD></TR>
<TR>
<TD>Element(Local Name)</TD><TD>content</TD></TR>
<TR>
<TD>Attribute(QName)</TD><TD>unit</TD></TR>
<TR>
<TD>Attribute(Local Name)</TD><TD>unit</TD></TR>
<TR>
<TD>Attribute(Type)</TD><TD>CDATA</TD></TR>
<TR>
<TD>Attribute(Value)</TD><TD>ml</TD></TR>
<TR>
<TD>Attribute(Prefix)</TD><TD>-</TD></TR>
<TR>
<TD>Attribute(Namespace)</TD><TD>-</TD></TR>
<TR>
<TD>Content</TD><TD>190</TD></TR>
</TBODY></TABLE><BR>
</TBODY></TABLE><BR>
<TABLE border=1>
<TBODY>
<TR>
<TD>Element(QName)</TD><TD>drink</TD></TR>
<TR>
<TD>Element(Local Name)</TD><TD>drink</TD></TR>
<TABLE border=1>
<TBODY>
<TR>
<TD>Element(QName)</TD><TD>name</TD></TR>
<TR>
<TD>Element(Local Name)</TD><TD>name</TD></TR>
<TR>
<TD>Content</TD><TD>Ramune</TD></TR>
</TBODY></TABLE><BR>
<TABLE border=1>
<TBODY>
<TR>
<TD>Element(QName)</TD><TD>type</TD></TR>
<TR>
<TD>Element(Local Name)</TD><TD>type</TD></TR>
<TR>
<TD>Content</TD><TD>Soda</TD></TR>
</TBODY></TABLE><BR>
<TABLE border=1>
<TBODY>
<TR>
<TD>Element(QName)</TD><TD>maker</TD></TR>
<TR>
<TD>Element(Local Name)</TD><TD>maker</TD></TR>
<TR>
<TD>Content</TD><TD>Kimura</TD></TR>
</TBODY></TABLE><BR>
<TABLE border=1>
<TBODY>
<TR>
<TD>Element(QName)</TD><TD>price</TD></TR>
<TR>
<TD>Element(Local Name)</TD><TD>price</TD></TR>
<TR>
<TD>Attribute(QName)</TD><TD>currency</TD></TR>
<TR>
<TD>Attribute(Local Name)</TD><TD>currency</TD></TR>
<TR>
<TD>Attribute(Type)</TD><TD>CDATA</TD></TR>
<TR>
<TD>Attribute(Value)</TD><TD>yen</TD></TR>
<TR>
<TD>Attribute(Prefix)</TD><TD>-</TD></TR>
<TR>
<TD>Attribute(Namespace)</TD><TD>-</TD></TR>
<TR>
<TD>Content</TD><TD>120</TD></TR>
</TBODY></TABLE><BR>
<TABLE border=1>
<TBODY>
<TR>
<TD>Element(QName)</TD><TD>content</TD></TR>
<TR>
<TD>Element(Local Name)</TD><TD>content</TD></TR>
<TR>
<TD>Attribute(QName)</TD><TD>unit</TD></TR>
<TR>
<TD>Attribute(Local Name)</TD><TD>unit</TD></TR>
<TR>
<TD>Attribute(Type)</TD><TD>CDATA</TD></TR>
<TR>
<TD>Attribute(Value)</TD><TD>ml</TD></TR>
<TR>
<TD>Attribute(Prefix)</TD><TD>-</TD></TR>
<TR>
<TD>Attribute(Namespace)</TD><TD>-</TD></TR>
<TR>
<TD>Content</TD><TD>200</TD></TR>
</TBODY></TABLE><BR>
</TBODY></TABLE><BR>
<TABLE border=1>
<TBODY>
<TR>
<TD>Element(QName)</TD><TD>drink</TD></TR>
<TR>
<TD>Element(Local Name)</TD><TD>drink</TD></TR>
<TABLE border=1>
<TBODY>
<TR>
<TD>Element(QName)</TD><TD>name</TD></TR>
<TR>
<TD>Element(Local Name)</TD><TD>name</TD></TR>
<TR>
<TD>Content</TD><TD>Real Gold</TD></TR>
</TBODY></TABLE><BR>
<TABLE border=1>
<TBODY>
<TR>
<TD>Element(QName)</TD><TD>type</TD></TR>
<TR>
<TD>Element(Local Name)</TD><TD>type</TD></TR>
<TR>
<TD>Content</TD><TD>Vitamin Drink</TD></TR>
</TBODY></TABLE><BR>
<TABLE border=1>
<TBODY>
<TR>
<TD>Element(QName)</TD><TD>maker</TD></TR>
<TR>
<TD>Element(Local Name)</TD><TD>maker</TD></TR>
<TR>
<TD>Content</TD><TD>Coca Cola</TD></TR>
</TBODY></TABLE><BR>
<TABLE border=1>
<TBODY>
<TR>
<TD>Element(QName)</TD><TD>price</TD></TR>
<TR>
<TD>Element(Local Name)</TD><TD>price</TD></TR>
<TR>
<TD>Attribute(QName)</TD><TD>currency</TD></TR>
<TR>
<TD>Attribute(Local Name)</TD><TD>currency</TD></TR>
<TR>
<TD>Attribute(Type)</TD><TD>CDATA</TD></TR>
<TR>
<TD>Attribute(Value)</TD><TD>yen</TD></TR>
<TR>
<TD>Attribute(Prefix)</TD><TD>-</TD></TR>
<TR>
<TD>Attribute(Namespace)</TD><TD>-</TD></TR>
<TR>
<TD>Content</TD><TD>120</TD></TR>
</TBODY></TABLE><BR>
<TABLE border=1>
<TBODY>
<TR>
<TD>Element(QName)</TD><TD>content</TD></TR>
<TR>
<TD>Element(Local Name)</TD><TD>content</TD></TR>
<TR>
<TD>Attribute(QName)</TD><TD>unit</TD></TR>
<TR>
<TD>Attribute(Local Name)</TD><TD>unit</TD></TR>
<TR>
<TD>Attribute(Type)</TD><TD>CDATA</TD></TR>
<TR>
<TD>Attribute(Value)</TD><TD>ml</TD></TR>
<TR>
<TD>Attribute(Prefix)</TD><TD>-</TD></TR>
<TR>
<TD>Attribute(Namespace)</TD><TD>-</TD></TR>
<TR>
<TD>Content</TD><TD>190</TD></TR>
</TBODY></TABLE><BR>
</TBODY></TABLE><BR>
<TABLE border=1>
<TBODY>
<TR>
<TD>Element(QName)</TD><TD>drink</TD></TR>
<TR>
<TD>Element(Local Name)</TD><TD>drink</TD></TR>
<TABLE border=1>
<TBODY>
<TR>
<TD>Element(QName)</TD><TD>name</TD></TR>
<TR>
<TD>Element(Local Name)</TD><TD>name</TD></TR>
<TR>
<TD>Content</TD><TD>Lemon Squash</TD></TR>
</TBODY></TABLE><BR>
<TABLE border=1>
<TBODY>
<TR>
<TD>Element(QName)</TD><TD>type</TD></TR>
<TR>
<TD>Element(Local Name)</TD><TD>type</TD></TR>
<TR>
<TD>Content</TD><TD>Soda</TD></TR>
</TBODY></TABLE><BR>
<TABLE border=1>
<TBODY>
<TR>
<TD>Element(QName)</TD><TD>maker</TD></TR>
<TR>
<TD>Element(Local Name)</TD><TD>maker</TD></TR>
<TR>
<TD>Content</TD><TD>Fujiya</TD></TR>
</TBODY></TABLE><BR>
<TABLE border=1>
<TBODY>
<TR>
<TD>Element(QName)</TD><TD>price</TD></TR>
<TR>
<TD>Element(Local Name)</TD><TD>price</TD></TR>
<TR>
<TD>Attribute(QName)</TD><TD>currency</TD></TR>
<TR>
<TD>Attribute(Local Name)</TD><TD>currency</TD></TR>
<TR>
<TD>Attribute(Type)</TD><TD>CDATA</TD></TR>
<TR>
<TD>Attribute(Value)</TD><TD>yen</TD></TR>
<TR>
<TD>Attribute(Prefix)</TD><TD>-</TD></TR>
<TR>
<TD>Attribute(Namespace)</TD><TD>-</TD></TR>
<TR>
<TD>Content</TD><TD>120</TD></TR>
</TBODY></TABLE><BR>
<TABLE border=1>
<TBODY>
<TR>
<TD>Element(QName)</TD><TD>content</TD></TR>
<TR>
<TD>Element(Local Name)</TD><TD>content</TD></TR>
<TR>
<TD>Attribute(QName)</TD><TD>unit</TD></TR>
<TR>
<TD>Attribute(Local Name)</TD><TD>unit</TD></TR>
<TR>
<TD>Attribute(Type)</TD><TD>CDATA</TD></TR>
<TR>
<TD>Attribute(Value)</TD><TD>ml</TD></TR>
<TR>
<TD>Attribute(Prefix)</TD><TD>-</TD></TR>
<TR>
<TD>Attribute(Namespace)</TD><TD>-</TD></TR>
<TR>
<TD>Content</TD><TD>350</TD></TR>
</TBODY></TABLE><BR>
</TBODY></TABLE><BR>
<TABLE border=1>
<TBODY>
<TR>
<TD>Element(QName)</TD><TD>drink</TD></TR>
<TR>
<TD>Element(Local Name)</TD><TD>drink</TD></TR>
<TABLE border=1>
<TBODY>
<TR>
<TD>Element(QName)</TD><TD>name</TD></TR>
<TR>
<TD>Element(Local Name)</TD><TD>name</TD></TR>
<TR>
<TD>Content</TD><TD>Pudding Shake</TD></TR>
</TBODY></TABLE><BR>
<TABLE border=1>
<TBODY>
<TR>
<TD>Element(QName)</TD><TD>type</TD></TR>
<TR>
<TD>Element(Local Name)</TD><TD>type</TD></TR>
<TR>
<TD>Content</TD><TD>Others</TD></TR>
</TBODY></TABLE><BR>
<TABLE border=1>
<TBODY>
<TR>
<TD>Element(QName)</TD><TD>maker</TD></TR>
<TR>
<TD>Element(Local Name)</TD><TD>maker</TD></TR>
<TR>
<TD>Content</TD><TD>Pokka</TD></TR>
</TBODY></TABLE><BR>
<TABLE border=1>
<TBODY>
<TR>
<TD>Element(QName)</TD><TD>price</TD></TR>
<TR>
<TD>Element(Local Name)</TD><TD>price</TD></TR>
<TR>
<TD>Attribute(QName)</TD><TD>currency</TD></TR>
<TR>
<TD>Attribute(Local Name)</TD><TD>currency</TD></TR>
<TR>
<TD>Attribute(Type)</TD><TD>CDATA</TD></TR>
<TR>
<TD>Attribute(Value)</TD><TD>yen</TD></TR>
<TR>
<TD>Attribute(Prefix)</TD><TD>-</TD></TR>
<TR>
<TD>Attribute(Namespace)</TD><TD>-</TD></TR>
<TR>
<TD>Content</TD><TD>120</TD></TR>
</TBODY></TABLE><BR>
<TABLE border=1>
<TBODY>
<TR>
<TD>Element(QName)</TD><TD>content</TD></TR>
<TR>
<TD>Element(Local Name)</TD><TD>content</TD></TR>
<TR>
<TD>Attribute(QName)</TD><TD>unit</TD></TR>
<TR>
<TD>Attribute(Local Name)</TD><TD>unit</TD></TR>
<TR>
<TD>Attribute(Type)</TD><TD>CDATA</TD></TR>
<TR>
<TD>Attribute(Value)</TD><TD>g</TD></TR>
<TR>
<TD>Attribute(Prefix)</TD><TD>-</TD></TR>
<TR>
<TD>Attribute(Namespace)</TD><TD>-</TD></TR>
<TR>
<TD>Content</TD><TD>190</TD></TR>
</TBODY></TABLE><BR>
</TBODY></TABLE><BR>
</TBODY></TABLE><BR>
