
Tokenizing Test:

test string: 表噂十豹竹敷～椄＊＠’鷗葛 表 株表噂十豹竹敷～椄＊＠ 表 ＡＢＣ１８９２１壹捌玖貳壹一丁七／＼ 表 ABCCDE18921壹捌玖貳壹貳參肆伍陸柒捌玖拾/\\
delimiter: (space)
item 1: 表噂十豹竹敷～椄＊＠’鷗葛
item 2: 表
item 3: 株表噂十豹竹敷～椄＊＠
item 4: 表
item 5: ＡＢＣ１８９２１壹捌玖貳壹一丁七／＼
item 6: 表
item 7: ABCCDE18921壹捌玖貳壹貳參肆伍陸柒捌玖拾/\\

test string: 表噂十豹竹敷～椄＊＠’鷗葛 表 株表噂十豹竹敷～椄＊＠ 表 ＡＢＣ１８９２１壹捌玖貳壹一丁七／＼ 表 ABCCDE18921壹捌玖貳壹貳參肆伍陸柒捌玖拾/\\
delimiter: 表
item 1: 噂十豹竹敷～椄＊＠’鷗葛
item 2: 株
item 3: 噂十豹竹敷～椄＊＠
item 4: ＡＢＣ１８９２１壹捌玖貳壹一丁七／＼
item 5: ABCCDE18921壹捌玖貳壹貳參肆伍陸柒捌玖拾/\\

Pattern Matching Test:

test string: 表噂十豹竹敷～椄＊＠’鷗葛 表 株表噂十豹竹敷～椄＊＠ 表 ＡＢＣ１８９２１壹捌玖貳壹一丁七／＼ 表 ABCCDE18921壹捌玖貳壹貳參肆伍陸柒捌玖拾/\\
pattern: 表[^ ]*
item 1: 表噂十豹竹敷～椄＊＠’鷗葛
item 2: 表
item 3: 表噂十豹竹敷～椄＊＠
item 4: 表
item 5: 表

test string: 表噂十豹竹敷～椄＊＠’鷗葛 表 株表噂十豹竹敷～椄＊＠ 表 ＡＢＣ１８９２１壹捌玖貳壹一丁七／＼ 表 ABCCDE18921壹捌玖貳壹貳參肆伍陸柒捌玖拾/\\
pattern: 表 [^ ]*
item 1: 表 株表噂十豹竹敷～椄＊＠
item 2: 表 ＡＢＣ１８９２１壹捌玖貳壹一丁七／＼
item 3: 表 ABCCDE18921壹捌玖貳壹貳參肆伍陸柒捌玖拾/\\
