<?xml version="1.0" encoding="UTF-8"?><啊抎駡郂root><ANSIString2elm 一丁七attr="一丁七val0"><ABCCDEelm>ABCCDEval</ABCCDEelm></ANSIString2elm><ANSIString2elm 一丁七attr="一丁七val1"><ABCCDEelm>ABCCDEval</ABCCDEelm></ANSIString2elm><ANSIString2elm 一丁七attr="一丁七val2"><ABCCDEelm>ABCCDEval</ABCCDEelm></ANSIString2elm><ANSIString2elm 一丁七attr="一丁七val3"><ABCCDEelm>ABCCDEval</ABCCDEelm></ANSIString2elm><ANSIString2elm 一丁七attr="一丁七val4"><ABCCDEelm>ABCCDEval</ABCCDEelm></ANSIString2elm><!--啊抎駡郂 comment--></啊抎駡郂root>