FULL:FULL:     2019年9月2日 星期一 下午3:56:19 [台北標準時間]  (y年M月d日 EEEE ah:mm:ss [zzzz])
LONG:LONG:     2019年9月2日 下午3:56:19 [TST]  (y年M月d日 ah:mm:ss [z])
MEDIUM:MEDIUM: 2019年9月2日 下午3:56:19  (y年M月d日 ah:mm:ss)
SHORT:SHORT:   2019/9/2 下午3:56  (y/M/d ah:mm)
++++++++++++++++++++++++++++++++++++++++++++++++++
Test result for i18n DateFormatTest ...
OK
--------------------------------------------------
