Name : zh_TW
Country : TW
Language : zh
Variant : 
DisplayName : 中文 (台灣)
DisplayCountry : 台灣
DisplayLanguage : 中文
DisplayVariant : 
ISO3Country : TWN
ISO3Language : zho
Encoding : MS950
