Compiled from "AnnotatedTest.java"
public class AnnotatedTest {
  public java.lang.String 表噂十豹竹敷椄鷗葛株表噂十豹竹敷椄ＡＢＣ１８９２１壹捌玖貳壹一丁七ABCCDE18921壹捌玖貳壹貳參肆伍陸柒捌玖拾_1;
  public int 表噂十豹竹敷椄鷗葛株表噂十豹竹敷椄ＡＢＣ１８９２１壹捌玖貳壹一丁七ABCCDE18921壹捌玖貳壹貳參肆伍陸柒捌玖拾_2;
  public AnnotatedTest();
  public void 表噂十豹竹敷椄鷗葛株表噂十豹竹敷椄ＡＢＣ１８９２１壹捌玖貳壹一丁七ABCCDE18921壹捌玖貳壹貳參肆伍陸柒捌玖拾_1();
  public void 表噂十豹竹敷椄鷗葛株表噂十豹竹敷椄ＡＢＣ１８９２１壹捌玖貳壹一丁七ABCCDE18921壹捌玖貳壹貳參肆伍陸柒捌玖拾_2();
}
