annotation : @ªíä÷¤Q°\¦Ë¼ÅÙ¬ÅÃ¸¯®èªíä÷¤Q°\¦Ë¼ÅÙ¬¢Ï¢Ð¢Ñ¢°¢·¢¸¢±¢°³ü®Ã¨h¶L³ü¤@¤B¤CABCCDE18921³ü®Ã¨h¶L³ü¶L°Ñ¸v¥î³°¬m®Ã¨h¬B(ªíä÷¤Q°\¦Ë¼ÅÙ¬ÅÃ¸¯®èªíä÷¤Q°\¦Ë¼ÅÙ¬¢Ï¢Ð¢Ñ¢°¢·¢¸¢±¢°³ü®Ã¨h¶L³ü¤@¤B¤CABCCDE18921³ü®Ã¨h¶L³ü¶L°Ñ¸v¥î³°¬m®Ã¨h¬B_1=1234567890, ªíä÷¤Q°\¦Ë¼ÅÙ¬ÅÃ¸¯®èªíä÷¤Q°\¦Ë¼ÅÙ¬¢Ï¢Ð¢Ñ¢°¢·¢¸¢±¢°³ü®Ã¨h¶L³ü¤@¤B¤CABCCDE18921³ü®Ã¨h¶L³ü¶L°Ñ¸v¥î³°¬m®Ã¨h¬B_2="\u8868\u5642\u5341\u8c79\u7af9\u6577\u6904\u9dd7\u845b\u682a\u8868\u5642\u5341\u8c79\u7af9\u6577\u6904\uff21\uff22\uff23\uff11\uff18\uff19\uff12\uff11\u58f9\u634c\u7396\u8cb3\u58f9\u4e00\u4e01\u4e03ABCCDE18921\u58f9\u634c\u7396\u8cb3\u58f9\u8cb3\u53c3\u8086\u4f0d\u9678\u67d2\u634c\u7396\u62fe")
kind: CLASS
modifier: [public]
type: AnnotatedTest
element: AnnotatedTest

annotation : @ªíä÷¤Q°\¦Ë¼ÅÙ¬ÅÃ¸¯®èªíä÷¤Q°\¦Ë¼ÅÙ¬¢Ï¢Ð¢Ñ¢°¢·¢¸¢±¢°³ü®Ã¨h¶L³ü¤@¤B¤CABCCDE18921³ü®Ã¨h¶L³ü¶L°Ñ¸v¥î³°¬m®Ã¨h¬B_constructor("\u8868\u5642\u5341\u8c79\u7af9\u6577\u6904\u9dd7\u845b\u682a\u8868\u5642\u5341\u8c79\u7af9\u6577\u6904\uff21\uff22\uff23\uff11\uff18\uff19\uff12\uff11\u58f9\u634c\u7396\u8cb3\u58f9\u4e00\u4e01\u4e03ABCCDE18921\u58f9\u634c\u7396\u8cb3\u58f9\u8cb3\u53c3\u8086\u4f0d\u9678\u67d2\u634c\u7396\u62fe")
kind: CONSTRUCTOR
modifier: [public]
type: ()void
element: AnnotatedTest()

annotation : @ªíä÷¤Q°\¦Ë¼ÅÙ¬ÅÃ¸¯®èªíä÷¤Q°\¦Ë¼ÅÙ¬¢Ï¢Ð¢Ñ¢°¢·¢¸¢±¢°³ü®Ã¨h¶L³ü¤@¤B¤CABCCDE18921³ü®Ã¨h¶L³ü¶L°Ñ¸v¥î³°¬m®Ã¨h¬B_field("\u8868\u5642\u5341\u8c79\u7af9\u6577\u6904\u9dd7\u845b\u682a\u8868\u5642\u5341\u8c79\u7af9\u6577\u6904\uff21\uff22\uff23\uff11\uff18\uff19\uff12\uff11\u58f9\u634c\u7396\u8cb3\u58f9\u4e00\u4e01\u4e03ABCCDE18921\u58f9\u634c\u7396\u8cb3\u58f9\u8cb3\u53c3\u8086\u4f0d\u9678\u67d2\u634c\u7396\u62fe_1")
kind: FIELD
modifier: [public]
type: java.lang.String
element: ªíä÷¤Q°\¦Ë¼ÅÙ¬ÅÃ¸¯®èªíä÷¤Q°\¦Ë¼ÅÙ¬¢Ï¢Ð¢Ñ¢°¢·¢¸¢±¢°³ü®Ã¨h¶L³ü¤@¤B¤CABCCDE18921³ü®Ã¨h¶L³ü¶L°Ñ¸v¥î³°¬m®Ã¨h¬B_1

annotation : @ªíä÷¤Q°\¦Ë¼ÅÙ¬ÅÃ¸¯®èªíä÷¤Q°\¦Ë¼ÅÙ¬¢Ï¢Ð¢Ñ¢°¢·¢¸¢±¢°³ü®Ã¨h¶L³ü¤@¤B¤CABCCDE18921³ü®Ã¨h¶L³ü¶L°Ñ¸v¥î³°¬m®Ã¨h¬B_field("\u8868\u5642\u5341\u8c79\u7af9\u6577\u6904\u9dd7\u845b\u682a\u8868\u5642\u5341\u8c79\u7af9\u6577\u6904\uff21\uff22\uff23\uff11\uff18\uff19\uff12\uff11\u58f9\u634c\u7396\u8cb3\u58f9\u4e00\u4e01\u4e03ABCCDE18921\u58f9\u634c\u7396\u8cb3\u58f9\u8cb3\u53c3\u8086\u4f0d\u9678\u67d2\u634c\u7396\u62fe_2")
kind: FIELD
modifier: [public]
type: int
element: ªíä÷¤Q°\¦Ë¼ÅÙ¬ÅÃ¸¯®èªíä÷¤Q°\¦Ë¼ÅÙ¬¢Ï¢Ð¢Ñ¢°¢·¢¸¢±¢°³ü®Ã¨h¶L³ü¤@¤B¤CABCCDE18921³ü®Ã¨h¶L³ü¶L°Ñ¸v¥î³°¬m®Ã¨h¬B_2

annotation : @ªíä÷¤Q°\¦Ë¼ÅÙ¬ÅÃ¸¯®èªíä÷¤Q°\¦Ë¼ÅÙ¬¢Ï¢Ð¢Ñ¢°¢·¢¸¢±¢°³ü®Ã¨h¶L³ü¤@¤B¤CABCCDE18921³ü®Ã¨h¶L³ü¶L°Ñ¸v¥î³°¬m®Ã¨h¬B_method("\u8868\u5642\u5341\u8c79\u7af9\u6577\u6904\u9dd7\u845b\u682a\u8868\u5642\u5341\u8c79\u7af9\u6577\u6904\uff21\uff22\uff23\uff11\uff18\uff19\uff12\uff11\u58f9\u634c\u7396\u8cb3\u58f9\u4e00\u4e01\u4e03ABCCDE18921\u58f9\u634c\u7396\u8cb3\u58f9\u8cb3\u53c3\u8086\u4f0d\u9678\u67d2\u634c\u7396\u62fe_1")
kind: METHOD
modifier: [public]
type: ()void
element: ªíä÷¤Q°\¦Ë¼ÅÙ¬ÅÃ¸¯®èªíä÷¤Q°\¦Ë¼ÅÙ¬¢Ï¢Ð¢Ñ¢°¢·¢¸¢±¢°³ü®Ã¨h¶L³ü¤@¤B¤CABCCDE18921³ü®Ã¨h¶L³ü¶L°Ñ¸v¥î³°¬m®Ã¨h¬B_1()

annotation : @ªíä÷¤Q°\¦Ë¼ÅÙ¬ÅÃ¸¯®èªíä÷¤Q°\¦Ë¼ÅÙ¬¢Ï¢Ð¢Ñ¢°¢·¢¸¢±¢°³ü®Ã¨h¶L³ü¤@¤B¤CABCCDE18921³ü®Ã¨h¶L³ü¶L°Ñ¸v¥î³°¬m®Ã¨h¬B_method("\u8868\u5642\u5341\u8c79\u7af9\u6577\u6904\u9dd7\u845b\u682a\u8868\u5642\u5341\u8c79\u7af9\u6577\u6904\uff21\uff22\uff23\uff11\uff18\uff19\uff12\uff11\u58f9\u634c\u7396\u8cb3\u58f9\u4e00\u4e01\u4e03ABCCDE18921\u58f9\u634c\u7396\u8cb3\u58f9\u8cb3\u53c3\u8086\u4f0d\u9678\u67d2\u634c\u7396\u62fe_2")
kind: METHOD
modifier: [public]
type: ()void
element: ªíä÷¤Q°\¦Ë¼ÅÙ¬ÅÃ¸¯®èªíä÷¤Q°\¦Ë¼ÅÙ¬¢Ï¢Ð¢Ñ¢°¢·¢¸¢±¢°³ü®Ã¨h¶L³ü¤@¤B¤CABCCDE18921³ü®Ã¨h¶L³ü¶L°Ñ¸v¥î³°¬m®Ã¨h¬B_2()

