annotation : @表噂十豹竹敷椄鷗葛株表噂十豹竹敷椄ＡＢＣ１８９２１壹捌玖貳壹一丁七ABCCDE18921壹捌玖貳壹貳參肆伍陸柒捌玖拾(表噂十豹竹敷椄鷗葛株表噂十豹竹敷椄ＡＢＣ１８９２１壹捌玖貳壹一丁七ABCCDE18921壹捌玖貳壹貳參肆伍陸柒捌玖拾_1=1234567890, 表噂十豹竹敷椄鷗葛株表噂十豹竹敷椄ＡＢＣ１８９２１壹捌玖貳壹一丁七ABCCDE18921壹捌玖貳壹貳參肆伍陸柒捌玖拾_2="\u8868\u5642\u5341\u8c79\u7af9\u6577\u6904\u9dd7\u845b\u682a\u8868\u5642\u5341\u8c79\u7af9\u6577\u6904\uff21\uff22\uff23\uff11\uff18\uff19\uff12\uff11\u58f9\u634c\u7396\u8cb3\u58f9\u4e00\u4e01\u4e03ABCCDE18921\u58f9\u634c\u7396\u8cb3\u58f9\u8cb3\u53c3\u8086\u4f0d\u9678\u67d2\u634c\u7396\u62fe")
kind: CLASS
modifier: [public]
type: AnnotatedTest
element: AnnotatedTest

annotation : @表噂十豹竹敷椄鷗葛株表噂十豹竹敷椄ＡＢＣ１８９２１壹捌玖貳壹一丁七ABCCDE18921壹捌玖貳壹貳參肆伍陸柒捌玖拾_constructor("\u8868\u5642\u5341\u8c79\u7af9\u6577\u6904\u9dd7\u845b\u682a\u8868\u5642\u5341\u8c79\u7af9\u6577\u6904\uff21\uff22\uff23\uff11\uff18\uff19\uff12\uff11\u58f9\u634c\u7396\u8cb3\u58f9\u4e00\u4e01\u4e03ABCCDE18921\u58f9\u634c\u7396\u8cb3\u58f9\u8cb3\u53c3\u8086\u4f0d\u9678\u67d2\u634c\u7396\u62fe")
kind: CONSTRUCTOR
modifier: [public]
type: ()void
element: AnnotatedTest()

annotation : @表噂十豹竹敷椄鷗葛株表噂十豹竹敷椄ＡＢＣ１８９２１壹捌玖貳壹一丁七ABCCDE18921壹捌玖貳壹貳參肆伍陸柒捌玖拾_field("\u8868\u5642\u5341\u8c79\u7af9\u6577\u6904\u9dd7\u845b\u682a\u8868\u5642\u5341\u8c79\u7af9\u6577\u6904\uff21\uff22\uff23\uff11\uff18\uff19\uff12\uff11\u58f9\u634c\u7396\u8cb3\u58f9\u4e00\u4e01\u4e03ABCCDE18921\u58f9\u634c\u7396\u8cb3\u58f9\u8cb3\u53c3\u8086\u4f0d\u9678\u67d2\u634c\u7396\u62fe_1")
kind: FIELD
modifier: [public]
type: java.lang.String
element: 表噂十豹竹敷椄鷗葛株表噂十豹竹敷椄ＡＢＣ１８９２１壹捌玖貳壹一丁七ABCCDE18921壹捌玖貳壹貳參肆伍陸柒捌玖拾_1

annotation : @表噂十豹竹敷椄鷗葛株表噂十豹竹敷椄ＡＢＣ１８９２１壹捌玖貳壹一丁七ABCCDE18921壹捌玖貳壹貳參肆伍陸柒捌玖拾_field("\u8868\u5642\u5341\u8c79\u7af9\u6577\u6904\u9dd7\u845b\u682a\u8868\u5642\u5341\u8c79\u7af9\u6577\u6904\uff21\uff22\uff23\uff11\uff18\uff19\uff12\uff11\u58f9\u634c\u7396\u8cb3\u58f9\u4e00\u4e01\u4e03ABCCDE18921\u58f9\u634c\u7396\u8cb3\u58f9\u8cb3\u53c3\u8086\u4f0d\u9678\u67d2\u634c\u7396\u62fe_2")
kind: FIELD
modifier: [public]
type: int
element: 表噂十豹竹敷椄鷗葛株表噂十豹竹敷椄ＡＢＣ１８９２１壹捌玖貳壹一丁七ABCCDE18921壹捌玖貳壹貳參肆伍陸柒捌玖拾_2

annotation : @表噂十豹竹敷椄鷗葛株表噂十豹竹敷椄ＡＢＣ１８９２１壹捌玖貳壹一丁七ABCCDE18921壹捌玖貳壹貳參肆伍陸柒捌玖拾_method("\u8868\u5642\u5341\u8c79\u7af9\u6577\u6904\u9dd7\u845b\u682a\u8868\u5642\u5341\u8c79\u7af9\u6577\u6904\uff21\uff22\uff23\uff11\uff18\uff19\uff12\uff11\u58f9\u634c\u7396\u8cb3\u58f9\u4e00\u4e01\u4e03ABCCDE18921\u58f9\u634c\u7396\u8cb3\u58f9\u8cb3\u53c3\u8086\u4f0d\u9678\u67d2\u634c\u7396\u62fe_1")
kind: METHOD
modifier: [public]
type: ()void
element: 表噂十豹竹敷椄鷗葛株表噂十豹竹敷椄ＡＢＣ１８９２１壹捌玖貳壹一丁七ABCCDE18921壹捌玖貳壹貳參肆伍陸柒捌玖拾_1()

annotation : @表噂十豹竹敷椄鷗葛株表噂十豹竹敷椄ＡＢＣ１８９２１壹捌玖貳壹一丁七ABCCDE18921壹捌玖貳壹貳參肆伍陸柒捌玖拾_method("\u8868\u5642\u5341\u8c79\u7af9\u6577\u6904\u9dd7\u845b\u682a\u8868\u5642\u5341\u8c79\u7af9\u6577\u6904\uff21\uff22\uff23\uff11\uff18\uff19\uff12\uff11\u58f9\u634c\u7396\u8cb3\u58f9\u4e00\u4e01\u4e03ABCCDE18921\u58f9\u634c\u7396\u8cb3\u58f9\u8cb3\u53c3\u8086\u4f0d\u9678\u67d2\u634c\u7396\u62fe_2")
kind: METHOD
modifier: [public]
type: ()void
element: 表噂十豹竹敷椄鷗葛株表噂十豹竹敷椄ＡＢＣ１８９２１壹捌玖貳壹一丁七ABCCDE18921壹捌玖貳壹貳參肆伍陸柒捌玖拾_2()

