Compiled from "AnnotatedTest.java"
public class AnnotatedTest {
  public java.lang.String °¡’dñˆUà@ANSIString2£Á£Â£ÃÒ»¶¡ÆßABCCDE_1;
  public int °¡’dñˆUà@ANSIString2£Á£Â£ÃÒ»¶¡ÆßABCCDE_2;
  public AnnotatedTest();
  public void °¡’dñˆUà@ANSIString2£Á£Â£ÃÒ»¶¡ÆßABCCDE_1();
  public void °¡’dñˆUà@ANSIString2£Á£Â£ÃÒ»¶¡ÆßABCCDE_2();
}
