Compiled from "AnnotatedTest.java"
public class AnnotatedTest {
  public java.lang.String 啊€抎駡U郂ANSIString2ＡＢＣ一丁七ABCCDE_1;
  public int 啊€抎駡U郂ANSIString2ＡＢＣ一丁七ABCCDE_2;
  public AnnotatedTest();
  public void 啊€抎駡U郂ANSIString2ＡＢＣ一丁七ABCCDE_1();
  public void 啊€抎駡U郂ANSIString2ＡＢＣ一丁七ABCCDE_2();
}
