annotation : @啊€抎駡U郂ANSIString2ＡＢＣ一丁七ABCCDE(啊€抎駡U郂ANSIString2ＡＢＣ一丁七ABCCDE_1=1234567890, 啊€抎駡U郂ANSIString2ＡＢＣ一丁七ABCCDE_2="\u554a\u20ac\u628e\u99e1U\u90c2ANSIString2\uff21\uff22\uff23\u4e00\u4e01\u4e03ABCCDE")
kind: CLASS
modifier: [public]
type: AnnotatedTest
element: AnnotatedTest

annotation : @啊€抎駡U郂ANSIString2ＡＢＣ一丁七ABCCDE_constructor("\u554a\u20ac\u628e\u99e1U\u90c2ANSIString2\uff21\uff22\uff23\u4e00\u4e01\u4e03ABCCDE")
kind: CONSTRUCTOR
modifier: [public]
type: ()void
element: AnnotatedTest()

annotation : @啊€抎駡U郂ANSIString2ＡＢＣ一丁七ABCCDE_field("\u554a\u20ac\u628e\u99e1U\u90c2ANSIString2\uff21\uff22\uff23\u4e00\u4e01\u4e03ABCCDE_1")
kind: FIELD
modifier: [public]
type: java.lang.String
element: 啊€抎駡U郂ANSIString2ＡＢＣ一丁七ABCCDE_1

annotation : @啊€抎駡U郂ANSIString2ＡＢＣ一丁七ABCCDE_field("\u554a\u20ac\u628e\u99e1U\u90c2ANSIString2\uff21\uff22\uff23\u4e00\u4e01\u4e03ABCCDE_2")
kind: FIELD
modifier: [public]
type: int
element: 啊€抎駡U郂ANSIString2ＡＢＣ一丁七ABCCDE_2

annotation : @啊€抎駡U郂ANSIString2ＡＢＣ一丁七ABCCDE_method("\u554a\u20ac\u628e\u99e1U\u90c2ANSIString2\uff21\uff22\uff23\u4e00\u4e01\u4e03ABCCDE_1")
kind: METHOD
modifier: [public]
type: ()void
element: 啊€抎駡U郂ANSIString2ＡＢＣ一丁七ABCCDE_1()

annotation : @啊€抎駡U郂ANSIString2ＡＢＣ一丁七ABCCDE_method("\u554a\u20ac\u628e\u99e1U\u90c2ANSIString2\uff21\uff22\uff23\u4e00\u4e01\u4e03ABCCDE_2")
kind: METHOD
modifier: [public]
type: ()void
element: 啊€抎駡U郂ANSIString2ＡＢＣ一丁七ABCCDE_2()

