annotation : @°¡’dñˆUà@ANSIString2£Á£Â£ÃÒ»¶¡ÆßABCCDE(°¡’dñˆUà@ANSIString2£Á£Â£ÃÒ»¶¡ÆßABCCDE_1=1234567890, °¡’dñˆUà@ANSIString2£Á£Â£ÃÒ»¶¡ÆßABCCDE_2="\u554a\u628e\u99e1U\u90c2ANSIString2\uff21\uff22\uff23\u4e00\u4e01\u4e03ABCCDE")
kind: CLASS
modifier: [public]
type: AnnotatedTest
element: AnnotatedTest

annotation : @°¡’dñˆUà@ANSIString2£Á£Â£ÃÒ»¶¡ÆßABCCDE_constructor("\u554a\u628e\u99e1U\u90c2ANSIString2\uff21\uff22\uff23\u4e00\u4e01\u4e03ABCCDE")
kind: CONSTRUCTOR
modifier: [public]
type: ()void
element: AnnotatedTest()

annotation : @°¡’dñˆUà@ANSIString2£Á£Â£ÃÒ»¶¡ÆßABCCDE_field("\u554a\u628e\u99e1U\u90c2ANSIString2\uff21\uff22\uff23\u4e00\u4e01\u4e03ABCCDE_1")
kind: FIELD
modifier: [public]
type: java.lang.String
element: °¡’dñˆUà@ANSIString2£Á£Â£ÃÒ»¶¡ÆßABCCDE_1

annotation : @°¡’dñˆUà@ANSIString2£Á£Â£ÃÒ»¶¡ÆßABCCDE_field("\u554a\u628e\u99e1U\u90c2ANSIString2\uff21\uff22\uff23\u4e00\u4e01\u4e03ABCCDE_2")
kind: FIELD
modifier: [public]
type: int
element: °¡’dñˆUà@ANSIString2£Á£Â£ÃÒ»¶¡ÆßABCCDE_2

annotation : @°¡’dñˆUà@ANSIString2£Á£Â£ÃÒ»¶¡ÆßABCCDE_method("\u554a\u628e\u99e1U\u90c2ANSIString2\uff21\uff22\uff23\u4e00\u4e01\u4e03ABCCDE_1")
kind: METHOD
modifier: [public]
type: ()void
element: °¡’dñˆUà@ANSIString2£Á£Â£ÃÒ»¶¡ÆßABCCDE_1()

annotation : @°¡’dñˆUà@ANSIString2£Á£Â£ÃÒ»¶¡ÆßABCCDE_method("\u554a\u628e\u99e1U\u90c2ANSIString2\uff21\uff22\uff23\u4e00\u4e01\u4e03ABCCDE_2")
kind: METHOD
modifier: [public]
type: ()void
element: °¡’dñˆUà@ANSIString2£Á£Â£ÃÒ»¶¡ÆßABCCDE_2()

