File Copy Test :
Original Directory :
   AIX_ZH_CN.UTF-8
      A、。·
         ˉˇ¨〃々
         —～‖…‘
         ’“”〔〕
         〈〉《》「」
      B啊阿埃挨哎
         唉哀皑癌蔼
         暗岸胺案肮
         矮艾碍爱隘
         鞍氨安俺按
      C丂丄丅丆丏
         丒丗丟丠両
         丣並丩丮丯
         丱丳丵丷丼
         乀乁乂乄乆
      D狜狝狟狢狣
         狤狥狦狧狪
         狫狵狶狹狽
         狾狿猀猂猄
         猅猆猇猈猉
      Eˊˋ˙–
         ―‥‵℅
         ℉↖↗↘↙∕
         ∟∣≒≦≧⊿
         ═║╒╓╔╕
      abc.txt
Copied Directory :
   AIX_ZH_CN.UTF-8
      A、。·
         ˉˇ¨〃々
         —～‖…‘
         ’“”〔〕
         〈〉《》「」
      B啊阿埃挨哎
         唉哀皑癌蔼
         暗岸胺案肮
         矮艾碍爱隘
         鞍氨安俺按
      C丂丄丅丆丏
         丒丗丟丠両
         丣並丩丮丯
         丱丳丵丷丼
         乀乁乂乄乆
      D狜狝狟狢狣
         狤狥狦狧狪
         狫狵狶狹狽
         狾狿猀猂猄
         猅猆猇猈猉
      Eˊˋ˙–
         ―‥‵℅
         ℉↖↗↘↙∕
         ∟∣≒≦≧⊿
         ═║╒╓╔╕
      abc.txt
Compare : Passed
File Rename Test :
Original Directory :
   AIX_ZH_CN.UTF-8
      A、。·
         ˉˇ¨〃々
         —～‖…‘
         ’“”〔〕
         〈〉《》「」
      B啊阿埃挨哎
         唉哀皑癌蔼
         暗岸胺案肮
         矮艾碍爱隘
         鞍氨安俺按
      C丂丄丅丆丏
         丒丗丟丠両
         丣並丩丮丯
         丱丳丵丷丼
         乀乁乂乄乆
      D狜狝狟狢狣
         狤狥狦狧狪
         狫狵狶狹狽
         狾狿猀猂猄
         猅猆猇猈猉
      Eˊˋ˙–
         ―‥‵℅
         ℉↖↗↘↙∕
         ∟∣≒≦≧⊿
         ═║╒╓╔╕
      abc.txt
Renamed Directory :
   8-FTU.NC_HZ_XIA
      txt.cba
      ·。、A
         ‘…‖～—
         々〃¨ˇˉ
         」「》《〉〈
         〕〔”“’
      –˙ˋˊE
         ℅‵‥―
         ∕↙↘↗↖℉
         ⊿≧≦≒∣∟
         ╕╔╓╒║═
      丏丆丅丄丂C
         両丠丟丗丒
         丯丮丩並丣
         丼丷丵丳丱
         乆乄乂乁乀
      哎挨埃阿啊B
         按俺安氨鞍
         肮案胺岸暗
         蔼癌皑哀唉
         隘爱碍艾矮
      狣狢狟狝狜D
         狪狧狦狥狤
         狽狹狶狵狫
         猄猂猀狿狾
         猉猈猇猆猅
Rename-back : 
Renamed Directory :
   AIX_ZH_CN.UTF-8
      A、。·
         ˉˇ¨〃々
         —～‖…‘
         ’“”〔〕
         〈〉《》「」
      B啊阿埃挨哎
         唉哀皑癌蔼
         暗岸胺案肮
         矮艾碍爱隘
         鞍氨安俺按
      C丂丄丅丆丏
         丒丗丟丠両
         丣並丩丮丯
         丱丳丵丷丼
         乀乁乂乄乆
      D狜狝狟狢狣
         狤狥狦狧狪
         狫狵狶狹狽
         狾狿猀猂猄
         猅猆猇猈猉
      Eˊˋ˙–
         ―‥‵℅
         ℉↖↗↘↙∕
         ∟∣≒≦≧⊿
         ═║╒╓╔╕
      abc.txt
Compare : Passed
File Delete Test :
Original Directory :
   AIX_ZH_CN.UTF-8
      A、。·
         ˉˇ¨〃々
         —～‖…‘
         ’“”〔〕
         〈〉《》「」
      B啊阿埃挨哎
         唉哀皑癌蔼
         暗岸胺案肮
         矮艾碍爱隘
         鞍氨安俺按
      C丂丄丅丆丏
         丒丗丟丠両
         丣並丩丮丯
         丱丳丵丷丼
         乀乁乂乄乆
      D狜狝狟狢狣
         狤狥狦狧狪
         狫狵狶狹狽
         狾狿猀猂猄
         猅猆猇猈猉
      Eˊˋ˙–
         ―‥‵℅
         ℉↖↗↘↙∕
         ∟∣≒≦≧⊿
         ═║╒╓╔╕
      abc.txt
Deleted Directory :
