File Copy Test :
Original Directory :
   AIX_ZH_TW.UTF-8
      A﹜﹝﹞
         ‘’“”〝
         ●△▲◎☆★
         〞‵′＃＆
         ＊※§〃○
      B陛陝除陘陞
         做偉健偶偎
         偽停假偃偌
         隻飢馬骨高
         鬥鬲鬼乾偺
      C株表噂
         潢澌潏
         澉澍
         表噂十
         豹竹敷
      D昇服朋杭枋
         板枉松析杵
         枇枝林杯杰
         枕東果杳杷
         枚枓杼杪杲
      E杓杗步每
         求汞沙沁
         汽沃汲汾汴沆
         沈沉沅沛汪決
         沐汰沌汨沖沒
      abc.txt
Copied Directory :
   AIX_ZH_TW.UTF-8
      A﹜﹝﹞
         ‘’“”〝
         ●△▲◎☆★
         〞‵′＃＆
         ＊※§〃○
      B陛陝除陘陞
         做偉健偶偎
         偽停假偃偌
         隻飢馬骨高
         鬥鬲鬼乾偺
      C株表噂
         潢澌潏
         澉澍
         表噂十
         豹竹敷
      D昇服朋杭枋
         板枉松析杵
         枇枝林杯杰
         枕東果杳杷
         枚枓杼杪杲
      E杓杗步每
         求汞沙沁
         汽沃汲汾汴沆
         沈沉沅沛汪決
         沐汰沌汨沖沒
      abc.txt
Compare : Passed
File Rename Test :
Original Directory :
   AIX_ZH_TW.UTF-8
      A﹜﹝﹞
         ‘’“”〝
         ●△▲◎☆★
         〞‵′＃＆
         ＊※§〃○
      B陛陝除陘陞
         做偉健偶偎
         偽停假偃偌
         隻飢馬骨高
         鬥鬲鬼乾偺
      C株表噂
         潢澌潏
         澉澍
         表噂十
         豹竹敷
      D昇服朋杭枋
         板枉松析杵
         枇枝林杯杰
         枕東果杳杷
         枚枓杼杪杲
      E杓杗步每
         求汞沙沁
         汽沃汲汾汴沆
         沈沉沅沛汪決
         沐汰沌汨沖沒
      abc.txt
Renamed Directory :
   8-FTU.WT_HZ_XIA
      txt.cba
      噂表株C
         十噂表
         敷竹豹
         潏澌潢
         澍澉
      枋杭朋服昇D
         杰杯林枝枇
         杲杪杼枓枚
         杵析松枉板
         杷杳果東枕
      每步杗杓E
         決汪沛沅沉沈
         沁沙汞求
         沆汴汾汲沃汽
         沒沖汨沌汰沐
      陞陘除陝陛B
         偌偃假停偽
         偎偶健偉做
         偺乾鬼鬲鬥
         高骨馬飢隻
      ﹞﹝﹜A
         ○〃§※＊
         ★☆◎▲△●
         〝”“’‘
         ＆＃′‵〞
Rename-back : 
Renamed Directory :
   AIX_ZH_TW.UTF-8
      A﹜﹝﹞
         ‘’“”〝
         ●△▲◎☆★
         〞‵′＃＆
         ＊※§〃○
      B陛陝除陘陞
         做偉健偶偎
         偽停假偃偌
         隻飢馬骨高
         鬥鬲鬼乾偺
      C株表噂
         潢澌潏
         澉澍
         表噂十
         豹竹敷
      D昇服朋杭枋
         板枉松析杵
         枇枝林杯杰
         枕東果杳杷
         枚枓杼杪杲
      E杓杗步每
         求汞沙沁
         汽沃汲汾汴沆
         沈沉沅沛汪決
         沐汰沌汨沖沒
      abc.txt
Compare : Passed
File Delete Test :
Original Directory :
   AIX_ZH_TW.UTF-8
      A﹜﹝﹞
         ‘’“”〝
         ●△▲◎☆★
         〞‵′＃＆
         ＊※§〃○
      B陛陝除陘陞
         做偉健偶偎
         偽停假偃偌
         隻飢馬骨高
         鬥鬲鬼乾偺
      C株表噂
         潢澌潏
         澉澍
         表噂十
         豹竹敷
      D昇服朋杭枋
         板枉松析杵
         枇枝林杯杰
         枕東果杳杷
         枚枓杼杪杲
      E杓杗步每
         求汞沙沁
         汽沃汲汾汴沆
         沈沉沅沛汪決
         沐汰沌汨沖沒
      abc.txt
Deleted Directory :
