File Copy Test :
Original Directory :
   AIX_zh_CN.IBM-eucCN
      A¡¢¡£¡¤
         ¡¥¡¦¡§¡¨¡©
         ¡ª¡«¡¬¡­¡®
         ¡¯¡°¡±¡²¡³
         ¡´¡µ¡¶¡·¡¸¡¹
      B°¡°¢°£°¤°¥
         °¦°§°¨°©°ª
         °µ°¶°·°¸°¹
         °«°¬°­°®°¯
         °°°±°²°³°´
      abc.txt
Copied Directory :
   AIX_zh_CN.IBM-eucCN
      A¡¢¡£¡¤
         ¡¥¡¦¡§¡¨¡©
         ¡ª¡«¡¬¡­¡®
         ¡¯¡°¡±¡²¡³
         ¡´¡µ¡¶¡·¡¸¡¹
      B°¡°¢°£°¤°¥
         °¦°§°¨°©°ª
         °µ°¶°·°¸°¹
         °«°¬°­°®°¯
         °°°±°²°³°´
      abc.txt
Compare : Passed
File Rename Test :
Original Directory :
   AIX_zh_CN.IBM-eucCN
      A¡¢¡£¡¤
         ¡¥¡¦¡§¡¨¡©
         ¡ª¡«¡¬¡­¡®
         ¡¯¡°¡±¡²¡³
         ¡´¡µ¡¶¡·¡¸¡¹
      B°¡°¢°£°¤°¥
         °¦°§°¨°©°ª
         °µ°¶°·°¸°¹
         °«°¬°­°®°¯
         °°°±°²°³°´
      abc.txt
Renamed Directory :
   NCcue-MBI.NC_hz_XIA
      txt.cba
      ¡¤¡£¡¢A
         ¡®¡­¡¬¡«¡ª
         ¡©¡¨¡§¡¦¡¥
         ¡¹¡¸¡·¡¶¡µ¡´
         ¡³¡²¡±¡°¡¯
      °¥°¤°£°¢°¡B
         °´°³°²°±°°
         °¹°¸°·°¶°µ
         °ª°©°¨°§°¦
         °¯°®°­°¬°«
Rename-back : 
Renamed Directory :
   AIX_zh_CN.IBM-eucCN
      A¡¢¡£¡¤
         ¡¥¡¦¡§¡¨¡©
         ¡ª¡«¡¬¡­¡®
         ¡¯¡°¡±¡²¡³
         ¡´¡µ¡¶¡·¡¸¡¹
      B°¡°¢°£°¤°¥
         °¦°§°¨°©°ª
         °µ°¶°·°¸°¹
         °«°¬°­°®°¯
         °°°±°²°³°´
      abc.txt
Compare : Passed
File Delete Test :
Original Directory :
   AIX_zh_CN.IBM-eucCN
      A¡¢¡£¡¤
         ¡¥¡¦¡§¡¨¡©
         ¡ª¡«¡¬¡­¡®
         ¡¯¡°¡±¡²¡³
         ¡´¡µ¡¶¡·¡¸¡¹
      B°¡°¢°£°¤°¥
         °¦°§°¨°©°ª
         °µ°¶°·°¸°¹
         °«°¬°­°®°¯
         °°°±°²°³°´
      abc.txt
Deleted Directory :
