File Copy Test :
Original Directory :
   file_zh-tw
      A¡¢¡£¡¤
         ¡¥¡¦¡§¡¨¡©
         ¡´¡µ¡¶¡·¡¸¡¹
         ¡ª¡«¡¬¡­¡®
         ¡¯¡°¡±¡²¡³
      B°¡°¢°£°¤°¥
         °µ°¶°·°¸°¹
         °°°±°²°³°´
         °¦°§°¨°©°ª
         °«°¬°­°®°¯
      C®èªíä÷
         æCæBæD
         æAæ@
         ªíä÷¤Q
         °\¦Ë¼Å
      Dª@ªAªBªCªD
         ªOªPªQªRªS
         ªJªKªLªMªN
         ªEªFªGªHªI
         ªTªUªVªWªX
      E¨@¨A¨B¨C
         ¨D¨E¨F¨G
         ¨T¨U¨V¨W¨X¨Y
         ¨H¨I¨J¨K¨L¨M
         ¨N¨O¨P¨Q¨R¨S
      abc.txt
Copied Directory :
   file_zh-tw
      A¡¢¡£¡¤
         ¡¥¡¦¡§¡¨¡©
         ¡´¡µ¡¶¡·¡¸¡¹
         ¡ª¡«¡¬¡­¡®
         ¡¯¡°¡±¡²¡³
      B°¡°¢°£°¤°¥
         °µ°¶°·°¸°¹
         °°°±°²°³°´
         °¦°§°¨°©°ª
         °«°¬°­°®°¯
      C®èªíä÷
         æCæBæD
         æAæ@
         ªíä÷¤Q
         °\¦Ë¼Å
      Dª@ªAªBªCªD
         ªOªPªQªRªS
         ªJªKªLªMªN
         ªEªFªGªHªI
         ªTªUªVªWªX
      E¨@¨A¨B¨C
         ¨D¨E¨F¨G
         ¨T¨U¨V¨W¨X¨Y
         ¨H¨I¨J¨K¨L¨M
         ¨N¨O¨P¨Q¨R¨S
      abc.txt
Compare : Passed
File Rename Test :
Original Directory :
   file_zh-tw
      A¡¢¡£¡¤
         ¡¥¡¦¡§¡¨¡©
         ¡´¡µ¡¶¡·¡¸¡¹
         ¡ª¡«¡¬¡­¡®
         ¡¯¡°¡±¡²¡³
      B°¡°¢°£°¤°¥
         °µ°¶°·°¸°¹
         °°°±°²°³°´
         °¦°§°¨°©°ª
         °«°¬°­°®°¯
      C®èªíä÷
         æCæBæD
         æAæ@
         ªíä÷¤Q
         °\¦Ë¼Å
      Dª@ªAªBªCªD
         ªOªPªQªRªS
         ªJªKªLªMªN
         ªEªFªGªHªI
         ªTªUªVªWªX
      E¨@¨A¨B¨C
         ¨D¨E¨F¨G
         ¨T¨U¨V¨W¨X¨Y
         ¨H¨I¨J¨K¨L¨M
         ¨N¨O¨P¨Q¨R¨S
      abc.txt
Renamed Directory :
   wt-hz_elif
      txt.cba
      ä÷ªí®èC
         ¤Qä÷ªí
         ¼Å¦Ë°\
         æDæBæC
         æ@æA
      ªDªCªBªAª@D
         ªNªMªLªKªJ
         ªXªWªVªUªT
         ªSªRªQªPªO
         ªIªHªGªFªE
      ¨C¨B¨A¨@E
         ¨M¨L¨K¨J¨I¨H
         ¨G¨F¨E¨D
         ¨Y¨X¨W¨V¨U¨T
         ¨S¨R¨Q¨P¨O¨N
      °¥°¤°£°¢°¡B
         °´°³°²°±°°
         °¹°¸°·°¶°µ
         °¯°®°­°¬°«
         °ª°©°¨°§°¦
      ¡¤¡£¡¢A
         ¡³¡²¡±¡°¡¯
         ¡¹¡¸¡·¡¶¡µ¡´
         ¡©¡¨¡§¡¦¡¥
         ¡®¡­¡¬¡«¡ª
Rename-back : 
Renamed Directory :
   file_zh-tw
      A¡¢¡£¡¤
         ¡¥¡¦¡§¡¨¡©
         ¡´¡µ¡¶¡·¡¸¡¹
         ¡ª¡«¡¬¡­¡®
         ¡¯¡°¡±¡²¡³
      B°¡°¢°£°¤°¥
         °µ°¶°·°¸°¹
         °°°±°²°³°´
         °¦°§°¨°©°ª
         °«°¬°­°®°¯
      C®èªíä÷
         æCæBæD
         æAæ@
         ªíä÷¤Q
         °\¦Ë¼Å
      Dª@ªAªBªCªD
         ªOªPªQªRªS
         ªJªKªLªMªN
         ªEªFªGªHªI
         ªTªUªVªWªX
      E¨@¨A¨B¨C
         ¨D¨E¨F¨G
         ¨T¨U¨V¨W¨X¨Y
         ¨H¨I¨J¨K¨L¨M
         ¨N¨O¨P¨Q¨R¨S
      abc.txt
Compare : Passed
File Delete Test :
Original Directory :
   file_zh-tw
      A¡¢¡£¡¤
         ¡¥¡¦¡§¡¨¡©
         ¡´¡µ¡¶¡·¡¸¡¹
         ¡ª¡«¡¬¡­¡®
         ¡¯¡°¡±¡²¡³
      B°¡°¢°£°¤°¥
         °µ°¶°·°¸°¹
         °°°±°²°³°´
         °¦°§°¨°©°ª
         °«°¬°­°®°¯
      C®èªíä÷
         æCæBæD
         æAæ@
         ªíä÷¤Q
         °\¦Ë¼Å
      Dª@ªAªBªCªD
         ªOªPªQªRªS
         ªJªKªLªMªN
         ªEªFªGªHªI
         ªTªUªVªWªX
      E¨@¨A¨B¨C
         ¨D¨E¨F¨G
         ¨T¨U¨V¨W¨X¨Y
         ¨H¨I¨J¨K¨L¨M
         ¨N¨O¨P¨Q¨R¨S
      abc.txt
Deleted Directory :
