File Copy Test :
Original Directory :
   file_zh-cn
      A｡｢｡｣｡､
         ｡･｡ｦ｡ｧ｡ｨ｡ｩ
         ｡ｪ｡ｫ｡ｬ｡ｭ｡ｮ
         ｡ｯ｡ｰ｡ｱ｡ｲ｡ｳ
         ｡ｴ｡ｵ｡ｶ｡ｷ｡ｸ｡ｹ
      Bｰ｡ｰ｢ｰ｣ｰ､ｰ･
         ｰｦｰｧｰｨｰｩｰｪ
         ｰｵｰｶｰｷｰｸｰｹ
         ｰｫｰｬｰｭｰｮｰｯ
         ｰｰｰｱｰｲｰｳｰｴ
      C　、。，．
         ・：；？！
         ゛゜´｀¨
         ＾￣＿ヽヾ
         ゝゞ〃仝々
      Dｪ@ｪAｪBｪCｪD
         ｪEｪFｪGｪHｪI
         ｪJｪKｪLｪMｪN
         ｪOｪPｪQｪRｪS
         ｪTｪUｪVｪWｪX
      Eｨ@ｨAｨBｨC
         ｨDｨEｨFｨG
         ｨHｨIｨJｨKｨLｨM
         ｨNｨOｨPｨQｨRｨS
         ｨTｨUｨVｨWｨXｨY
      abc.txt
Copied Directory :
   file_zh-cn
      A｡｢｡｣｡､
         ｡･｡ｦ｡ｧ｡ｨ｡ｩ
         ｡ｪ｡ｫ｡ｬ｡ｭ｡ｮ
         ｡ｯ｡ｰ｡ｱ｡ｲ｡ｳ
         ｡ｴ｡ｵ｡ｶ｡ｷ｡ｸ｡ｹ
      Bｰ｡ｰ｢ｰ｣ｰ､ｰ･
         ｰｦｰｧｰｨｰｩｰｪ
         ｰｵｰｶｰｷｰｸｰｹ
         ｰｫｰｬｰｭｰｮｰｯ
         ｰｰｰｱｰｲｰｳｰｴ
      C　、。，．
         ・：；？！
         ゛゜´｀¨
         ＾￣＿ヽヾ
         ゝゞ〃仝々
      Dｪ@ｪAｪBｪCｪD
         ｪEｪFｪGｪHｪI
         ｪJｪKｪLｪMｪN
         ｪOｪPｪQｪRｪS
         ｪTｪUｪVｪWｪX
      Eｨ@ｨAｨBｨC
         ｨDｨEｨFｨG
         ｨHｨIｨJｨKｨLｨM
         ｨNｨOｨPｨQｨRｨS
         ｨTｨUｨVｨWｨXｨY
      abc.txt
Compare : Passed
File Rename Test :
Original Directory :
   file_zh-cn
      A｡｢｡｣｡､
         ｡･｡ｦ｡ｧ｡ｨ｡ｩ
         ｡ｪ｡ｫ｡ｬ｡ｭ｡ｮ
         ｡ｯ｡ｰ｡ｱ｡ｲ｡ｳ
         ｡ｴ｡ｵ｡ｶ｡ｷ｡ｸ｡ｹ
      Bｰ｡ｰ｢ｰ｣ｰ､ｰ･
         ｰｦｰｧｰｨｰｩｰｪ
         ｰｵｰｶｰｷｰｸｰｹ
         ｰｫｰｬｰｭｰｮｰｯ
         ｰｰｰｱｰｲｰｳｰｴ
      C　、。，．
         ・：；？！
         ゛゜´｀¨
         ＾￣＿ヽヾ
         ゝゞ〃仝々
      Dｪ@ｪAｪBｪCｪD
         ｪEｪFｪGｪHｪI
         ｪJｪKｪLｪMｪN
         ｪOｪPｪQｪRｪS
         ｪTｪUｪVｪWｪX
      Eｨ@ｨAｨBｨC
         ｨDｨEｨFｨG
         ｨHｨIｨJｨKｨLｨM
         ｨNｨOｨPｨQｨRｨS
         ｨTｨUｨVｨWｨXｨY
      abc.txt
Renamed Directory :
   nc-hz_elif
      txt.cba
      ｡､｡｣｡｢A
         ｡ｮ｡ｭ｡ｬ｡ｫ｡ｪ
         ｡ｩ｡ｨ｡ｧ｡ｦ｡･
         ｡ｹ｡ｸ｡ｷ｡ｶ｡ｵ｡ｴ
         ｡ｳ｡ｲ｡ｱ｡ｰ｡ｯ
      ｨCｨBｨAｨ@E
         ｨGｨFｨEｨD
         ｨMｨLｨKｨJｨIｨH
         ｨSｨRｨQｨPｨOｨN
         ｨYｨXｨWｨVｨUｨT
      ．，。、　C
         ！？；：・
         ¨｀´゜゛
         ヾヽ＿￣＾
         々仝〃ゞゝ
      ｰ･ｰ､ｰ｣ｰ｢ｰ｡B
         ｰｴｰｳｰｲｰｱｰｰ
         ｰｹｰｸｰｷｰｶｰｵ
         ｰｪｰｩｰｨｰｧｰｦ
         ｰｯｰｮｰｭｰｬｰｫ
      ｪDｪCｪBｪAｪ@D
         ｪIｪHｪGｪFｪE
         ｪNｪMｪLｪKｪJ
         ｪSｪRｪQｪPｪO
         ｪXｪWｪVｪUｪT
Rename-back : 
Renamed Directory :
   file_zh-cn
      A｡｢｡｣｡､
         ｡･｡ｦ｡ｧ｡ｨ｡ｩ
         ｡ｪ｡ｫ｡ｬ｡ｭ｡ｮ
         ｡ｯ｡ｰ｡ｱ｡ｲ｡ｳ
         ｡ｴ｡ｵ｡ｶ｡ｷ｡ｸ｡ｹ
      Bｰ｡ｰ｢ｰ｣ｰ､ｰ･
         ｰｦｰｧｰｨｰｩｰｪ
         ｰｵｰｶｰｷｰｸｰｹ
         ｰｫｰｬｰｭｰｮｰｯ
         ｰｰｰｱｰｲｰｳｰｴ
      C　、。，．
         ・：；？！
         ゛゜´｀¨
         ＾￣＿ヽヾ
         ゝゞ〃仝々
      Dｪ@ｪAｪBｪCｪD
         ｪEｪFｪGｪHｪI
         ｪJｪKｪLｪMｪN
         ｪOｪPｪQｪRｪS
         ｪTｪUｪVｪWｪX
      Eｨ@ｨAｨBｨC
         ｨDｨEｨFｨG
         ｨHｨIｨJｨKｨLｨM
         ｨNｨOｨPｨQｨRｨS
         ｨTｨUｨVｨWｨXｨY
      abc.txt
Compare : Passed
File Delete Test :
Original Directory :
   file_zh-cn
      A｡｢｡｣｡､
         ｡･｡ｦ｡ｧ｡ｨ｡ｩ
         ｡ｪ｡ｫ｡ｬ｡ｭ｡ｮ
         ｡ｯ｡ｰ｡ｱ｡ｲ｡ｳ
         ｡ｴ｡ｵ｡ｶ｡ｷ｡ｸ｡ｹ
      Bｰ｡ｰ｢ｰ｣ｰ､ｰ･
         ｰｦｰｧｰｨｰｩｰｪ
         ｰｵｰｶｰｷｰｸｰｹ
         ｰｫｰｬｰｭｰｮｰｯ
         ｰｰｰｱｰｲｰｳｰｴ
      C　、。，．
         ・：；？！
         ゛゜´｀¨
         ＾￣＿ヽヾ
         ゝゞ〃仝々
      Dｪ@ｪAｪBｪCｪD
         ｪEｪFｪGｪHｪI
         ｪJｪKｪLｪMｪN
         ｪOｪPｪQｪRｪS
         ｪTｪUｪVｪWｪX
      Eｨ@ｨAｨBｨC
         ｨDｨEｨFｨG
         ｨHｨIｨJｨKｨLｨM
         ｨNｨOｨPｨQｨRｨS
         ｨTｨUｨVｨWｨXｨY
      abc.txt
Deleted Directory :
