FULL:FULL:     2019年8月14日星期三 中国标准时间 上午11:08:40  (y年M月d日EEEE zzzz ah:mm:ss)
LONG:LONG:     2019年8月14日 CST 上午11:08:40  (y年M月d日 z ah:mm:ss)
MEDIUM:MEDIUM: 2019年8月14日 上午11:08:40  (y年M月d日 ah:mm:ss)
SHORT:SHORT:   2019/8/14 上午11:08  (y/M/d ah:mm)
++++++++++++++++++++++++++++++++++++++++++++++++++
Test result for i18n DateFormatTest ...
OK
--------------------------------------------------
