<TABLE border=1>
<TBODY>
<TR>
<TD>Version</TD><TD>1.0</TD></TR>
<TD>Encoding</TD><TD>GB2312</TD></TR>
<TD>Standalone</TD><TD>false</TD></TR>
</TBODY></TABLE><BR>
<TABLE border=1>
<TBODY>
<TR>
<TD>Element(QName)</TD><TD>饮料数据</TD></TR>
<TR>
<TD>Element(Local Name)</TD><TD>饮料数据</TD></TR>
<TABLE border=1>
<TBODY>
<TR>
<TD>Element(QName)</TD><TD>饮料</TD></TR>
<TR>
<TD>Element(Local Name)</TD><TD>饮料</TD></TR>
<TABLE border=1>
<TBODY>
<TR>
<TD>Element(QName)</TD><TD>名称</TD></TR>
<TR>
<TD>Element(Local Name)</TD><TD>名称</TD></TR>
<TR>
<TD>Content</TD><TD>名称A</TD></TR>
</TBODY></TABLE><BR>
<TABLE border=1>
<TBODY>
<TR>
<TD>Element(QName)</TD><TD>种类</TD></TR>
<TR>
<TD>Element(Local Name)</TD><TD>种类</TD></TR>
<TR>
<TD>Content</TD><TD>饮料SD</TD></TR>
</TBODY></TABLE><BR>
<TABLE border=1>
<TBODY>
<TR>
<TD>Element(QName)</TD><TD>公司</TD></TR>
<TR>
<TD>Element(Local Name)</TD><TD>公司</TD></TR>
<TR>
<TD>Content</TD><TD>公司CC</TD></TR>
</TBODY></TABLE><BR>
<TABLE border=1>
<TBODY>
<TR>
<TD>Element(QName)</TD><TD>价格</TD></TR>
<TR>
<TD>Element(Local Name)</TD><TD>价格</TD></TR>
<TR>
<TD>Attribute(QName)</TD><TD>货币</TD></TR>
<TR>
<TD>Attribute(Local Name)</TD><TD>货币</TD></TR>
<TR>
<TD>Attribute(Type)</TD><TD>CDATA</TD></TR>
<TR>
<TD>Attribute(Value)</TD><TD>日元</TD></TR>
<TR>
<TD>Attribute(Prefix)</TD><TD>-</TD></TR>
<TR>
<TD>Attribute(Namespace)</TD><TD>-</TD></TR>
<TR>
<TD>Content</TD><TD>120</TD></TR>
</TBODY></TABLE><BR>
<TABLE border=1>
<TBODY>
<TR>
<TD>Element(QName)</TD><TD>含量</TD></TR>
<TR>
<TD>Element(Local Name)</TD><TD>含量</TD></TR>
<TR>
<TD>Attribute(QName)</TD><TD>单位</TD></TR>
<TR>
<TD>Attribute(Local Name)</TD><TD>单位</TD></TR>
<TR>
<TD>Attribute(Type)</TD><TD>CDATA</TD></TR>
<TR>
<TD>Attribute(Value)</TD><TD>ml</TD></TR>
<TR>
<TD>Attribute(Prefix)</TD><TD>-</TD></TR>
<TR>
<TD>Attribute(Namespace)</TD><TD>-</TD></TR>
<TR>
<TD>Content</TD><TD>350</TD></TR>
</TBODY></TABLE><BR>
</TBODY></TABLE><BR>
<TABLE border=1>
<TBODY>
<TR>
<TD>Element(QName)</TD><TD>饮料</TD></TR>
<TR>
<TD>Element(Local Name)</TD><TD>饮料</TD></TR>
<TABLE border=1>
<TBODY>
<TR>
<TD>Element(QName)</TD><TD>名称</TD></TR>
<TR>
<TD>Element(Local Name)</TD><TD>名称</TD></TR>
<TR>
<TD>Content</TD><TD>名称D</TD></TR>
</TBODY></TABLE><BR>
<TABLE border=1>
<TBODY>
<TR>
<TD>Element(QName)</TD><TD>种类</TD></TR>
<TR>
<TD>Element(Local Name)</TD><TD>种类</TD></TR>
<TR>
<TD>Content</TD><TD>饮料SD</TD></TR>
</TBODY></TABLE><BR>
<TABLE border=1>
<TBODY>
<TR>
<TD>Element(QName)</TD><TD>公司</TD></TR>
<TR>
<TD>Element(Local Name)</TD><TD>公司</TD></TR>
<TR>
<TD>Content</TD><TD>公司S2</TD></TR>
</TBODY></TABLE><BR>
<TABLE border=1>
<TBODY>
<TR>
<TD>Element(QName)</TD><TD>价格</TD></TR>
<TR>
<TD>Element(Local Name)</TD><TD>价格</TD></TR>
<TR>
<TD>Attribute(QName)</TD><TD>货币</TD></TR>
<TR>
<TD>Attribute(Local Name)</TD><TD>货币</TD></TR>
<TR>
<TD>Attribute(Type)</TD><TD>CDATA</TD></TR>
<TR>
<TD>Attribute(Value)</TD><TD>日元</TD></TR>
<TR>
<TD>Attribute(Prefix)</TD><TD>-</TD></TR>
<TR>
<TD>Attribute(Namespace)</TD><TD>-</TD></TR>
<TR>
<TD>Content</TD><TD>120</TD></TR>
</TBODY></TABLE><BR>
<TABLE border=1>
<TBODY>
<TR>
<TD>Element(QName)</TD><TD>含量</TD></TR>
<TR>
<TD>Element(Local Name)</TD><TD>含量</TD></TR>
<TR>
<TD>Attribute(QName)</TD><TD>单位</TD></TR>
<TR>
<TD>Attribute(Local Name)</TD><TD>单位</TD></TR>
<TR>
<TD>Attribute(Type)</TD><TD>CDATA</TD></TR>
<TR>
<TD>Attribute(Value)</TD><TD>ml</TD></TR>
<TR>
<TD>Attribute(Prefix)</TD><TD>-</TD></TR>
<TR>
<TD>Attribute(Namespace)</TD><TD>-</TD></TR>
<TR>
<TD>Content</TD><TD>350</TD></TR>
</TBODY></TABLE><BR>
</TBODY></TABLE><BR>
<TABLE border=1>
<TBODY>
<TR>
<TD>Element(QName)</TD><TD>饮料</TD></TR>
<TR>
<TD>Element(Local Name)</TD><TD>饮料</TD></TR>
<TABLE border=1>
<TBODY>
<TR>
<TD>Element(QName)</TD><TD>名称</TD></TR>
<TR>
<TD>Element(Local Name)</TD><TD>名称</TD></TR>
<TR>
<TD>Content</TD><TD>名称S</TD></TR>
</TBODY></TABLE><BR>
<TABLE border=1>
<TBODY>
<TR>
<TD>Element(QName)</TD><TD>种类</TD></TR>
<TR>
<TD>Element(Local Name)</TD><TD>种类</TD></TR>
<TR>
<TD>Content</TD><TD>饮料SD</TD></TR>
</TBODY></TABLE><BR>
<TABLE border=1>
<TBODY>
<TR>
<TD>Element(QName)</TD><TD>公司</TD></TR>
<TR>
<TD>Element(Local Name)</TD><TD>公司</TD></TR>
<TR>
<TD>Content</TD><TD>公司J</TD></TR>
</TBODY></TABLE><BR>
<TABLE border=1>
<TBODY>
<TR>
<TD>Element(QName)</TD><TD>价格</TD></TR>
<TR>
<TD>Element(Local Name)</TD><TD>价格</TD></TR>
<TR>
<TD>Attribute(QName)</TD><TD>货币</TD></TR>
<TR>
<TD>Attribute(Local Name)</TD><TD>货币</TD></TR>
<TR>
<TD>Attribute(Type)</TD><TD>CDATA</TD></TR>
<TR>
<TD>Attribute(Value)</TD><TD>日元</TD></TR>
<TR>
<TD>Attribute(Prefix)</TD><TD>-</TD></TR>
<TR>
<TD>Attribute(Namespace)</TD><TD>-</TD></TR>
<TR>
<TD>Content</TD><TD>140</TD></TR>
</TBODY></TABLE><BR>
<TABLE border=1>
<TBODY>
<TR>
<TD>Element(QName)</TD><TD>含量</TD></TR>
<TR>
<TD>Element(Local Name)</TD><TD>含量</TD></TR>
<TR>
<TD>Attribute(QName)</TD><TD>单位</TD></TR>
<TR>
<TD>Attribute(Local Name)</TD><TD>单位</TD></TR>
<TR>
<TD>Attribute(Type)</TD><TD>CDATA</TD></TR>
<TR>
<TD>Attribute(Value)</TD><TD>ml</TD></TR>
<TR>
<TD>Attribute(Prefix)</TD><TD>-</TD></TR>
<TR>
<TD>Attribute(Namespace)</TD><TD>-</TD></TR>
<TR>
<TD>Content</TD><TD>500</TD></TR>
</TBODY></TABLE><BR>
</TBODY></TABLE><BR>
<TABLE border=1>
<TBODY>
<TR>
<TD>Element(QName)</TD><TD>饮料</TD></TR>
<TR>
<TD>Element(Local Name)</TD><TD>饮料</TD></TR>
<TABLE border=1>
<TBODY>
<TR>
<TD>Element(QName)</TD><TD>名称</TD></TR>
<TR>
<TD>Element(Local Name)</TD><TD>名称</TD></TR>
<TR>
<TD>Content</TD><TD>名称DV</TD></TR>
</TBODY></TABLE><BR>
<TABLE border=1>
<TBODY>
<TR>
<TD>Element(QName)</TD><TD>种类</TD></TR>
<TR>
<TD>Element(Local Name)</TD><TD>种类</TD></TR>
<TR>
<TD>Content</TD><TD>饮料VD</TD></TR>
</TBODY></TABLE><BR>
<TABLE border=1>
<TBODY>
<TR>
<TD>Element(QName)</TD><TD>公司</TD></TR>
<TR>
<TD>Element(Local Name)</TD><TD>公司</TD></TR>
<TR>
<TD>Content</TD><TD>公司S2</TD></TR>
</TBODY></TABLE><BR>
<TABLE border=1>
<TBODY>
<TR>
<TD>Element(QName)</TD><TD>价格</TD></TR>
<TR>
<TD>Element(Local Name)</TD><TD>价格</TD></TR>
<TR>
<TD>Attribute(QName)</TD><TD>货币</TD></TR>
<TR>
<TD>Attribute(Local Name)</TD><TD>货币</TD></TR>
<TR>
<TD>Attribute(Type)</TD><TD>CDATA</TD></TR>
<TR>
<TD>Attribute(Value)</TD><TD>日元</TD></TR>
<TR>
<TD>Attribute(Prefix)</TD><TD>-</TD></TR>
<TR>
<TD>Attribute(Namespace)</TD><TD>-</TD></TR>
<TR>
<TD>Content</TD><TD>120</TD></TR>
</TBODY></TABLE><BR>
<TABLE border=1>
<TBODY>
<TR>
<TD>Element(QName)</TD><TD>含量</TD></TR>
<TR>
<TD>Element(Local Name)</TD><TD>含量</TD></TR>
<TR>
<TD>Attribute(QName)</TD><TD>单位</TD></TR>
<TR>
<TD>Attribute(Local Name)</TD><TD>单位</TD></TR>
<TR>
<TD>Attribute(Type)</TD><TD>CDATA</TD></TR>
<TR>
<TD>Attribute(Value)</TD><TD>ml</TD></TR>
<TR>
<TD>Attribute(Prefix)</TD><TD>-</TD></TR>
<TR>
<TD>Attribute(Namespace)</TD><TD>-</TD></TR>
<TR>
<TD>Content</TD><TD>210</TD></TR>
</TBODY></TABLE><BR>
</TBODY></TABLE><BR>
<TABLE border=1>
<TBODY>
<TR>
<TD>Element(QName)</TD><TD>饮料</TD></TR>
<TR>
<TD>Element(Local Name)</TD><TD>饮料</TD></TR>
<TABLE border=1>
<TBODY>
<TR>
<TD>Element(QName)</TD><TD>名称</TD></TR>
<TR>
<TD>Element(Local Name)</TD><TD>名称</TD></TR>
<TR>
<TD>Content</TD><TD>名称SK</TD></TR>
</TBODY></TABLE><BR>
<TABLE border=1>
<TBODY>
<TR>
<TD>Element(QName)</TD><TD>种类</TD></TR>
<TR>
<TD>Element(Local Name)</TD><TD>种类</TD></TR>
<TR>
<TD>Content</TD><TD>饮料JT</TD></TR>
</TBODY></TABLE><BR>
<TABLE border=1>
<TBODY>
<TR>
<TD>Element(QName)</TD><TD>公司</TD></TR>
<TR>
<TD>Element(Local Name)</TD><TD>公司</TD></TR>
<TR>
<TD>Content</TD><TD>公司CC</TD></TR>
</TBODY></TABLE><BR>
<TABLE border=1>
<TBODY>
<TR>
<TD>Element(QName)</TD><TD>价格</TD></TR>
<TR>
<TD>Element(Local Name)</TD><TD>价格</TD></TR>
<TR>
<TD>Attribute(QName)</TD><TD>货币</TD></TR>
<TR>
<TD>Attribute(Local Name)</TD><TD>货币</TD></TR>
<TR>
<TD>Attribute(Type)</TD><TD>CDATA</TD></TR>
<TR>
<TD>Attribute(Value)</TD><TD>日元</TD></TR>
<TR>
<TD>Attribute(Prefix)</TD><TD>-</TD></TR>
<TR>
<TD>Attribute(Namespace)</TD><TD>-</TD></TR>
<TR>
<TD>Content</TD><TD>150</TD></TR>
</TBODY></TABLE><BR>
<TABLE border=1>
<TBODY>
<TR>
<TD>Element(QName)</TD><TD>含量</TD></TR>
<TR>
<TD>Element(Local Name)</TD><TD>含量</TD></TR>
<TR>
<TD>Attribute(QName)</TD><TD>单位</TD></TR>
<TR>
<TD>Attribute(Local Name)</TD><TD>单位</TD></TR>
<TR>
<TD>Attribute(Type)</TD><TD>CDATA</TD></TR>
<TR>
<TD>Attribute(Value)</TD><TD>ml</TD></TR>
<TR>
<TD>Attribute(Prefix)</TD><TD>-</TD></TR>
<TR>
<TD>Attribute(Namespace)</TD><TD>-</TD></TR>
<TR>
<TD>Content</TD><TD>500</TD></TR>
</TBODY></TABLE><BR>
</TBODY></TABLE><BR>
<TABLE border=1>
<TBODY>
<TR>
<TD>Element(QName)</TD><TD>饮料</TD></TR>
<TR>
<TD>Element(Local Name)</TD><TD>饮料</TD></TR>
<TABLE border=1>
<TBODY>
<TR>
<TD>Element(QName)</TD><TD>名称</TD></TR>
<TR>
<TD>Element(Local Name)</TD><TD>名称</TD></TR>
<TR>
<TD>Content</TD><TD>名称K</TD></TR>
</TBODY></TABLE><BR>
<TABLE border=1>
<TBODY>
<TR>
<TD>Element(QName)</TD><TD>种类</TD></TR>
<TR>
<TD>Element(Local Name)</TD><TD>种类</TD></TR>
<TR>
<TD>Content</TD><TD>饮料V</TD></TR>
</TBODY></TABLE><BR>
<TABLE border=1>
<TBODY>
<TR>
<TD>Element(QName)</TD><TD>公司</TD></TR>
<TR>
<TD>Element(Local Name)</TD><TD>公司</TD></TR>
<TR>
<TD>Content</TD><TD>公司K</TD></TR>
</TBODY></TABLE><BR>
<TABLE border=1>
<TBODY>
<TR>
<TD>Element(QName)</TD><TD>价格</TD></TR>
<TR>
<TD>Element(Local Name)</TD><TD>价格</TD></TR>
<TR>
<TD>Attribute(QName)</TD><TD>货币</TD></TR>
<TR>
<TD>Attribute(Local Name)</TD><TD>货币</TD></TR>
<TR>
<TD>Attribute(Type)</TD><TD>CDATA</TD></TR>
<TR>
<TD>Attribute(Value)</TD><TD>日元</TD></TR>
<TR>
<TD>Attribute(Prefix)</TD><TD>-</TD></TR>
<TR>
<TD>Attribute(Namespace)</TD><TD>-</TD></TR>
<TR>
<TD>Content</TD><TD>120</TD></TR>
</TBODY></TABLE><BR>
<TABLE border=1>
<TBODY>
<TR>
<TD>Element(QName)</TD><TD>含量</TD></TR>
<TR>
<TD>Element(Local Name)</TD><TD>含量</TD></TR>
<TR>
<TD>Attribute(QName)</TD><TD>单位</TD></TR>
<TR>
<TD>Attribute(Local Name)</TD><TD>单位</TD></TR>
<TR>
<TD>Attribute(Type)</TD><TD>CDATA</TD></TR>
<TR>
<TD>Attribute(Value)</TD><TD>g</TD></TR>
<TR>
<TD>Attribute(Prefix)</TD><TD>-</TD></TR>
<TR>
<TD>Attribute(Namespace)</TD><TD>-</TD></TR>
<TR>
<TD>Content</TD><TD>160</TD></TR>
</TBODY></TABLE><BR>
</TBODY></TABLE><BR>
<TABLE border=1>
<TBODY>
<TR>
<TD>Element(QName)</TD><TD>饮料</TD></TR>
<TR>
<TD>Element(Local Name)</TD><TD>饮料</TD></TR>
<TABLE border=1>
<TBODY>
<TR>
<TD>Element(QName)</TD><TD>名称</TD></TR>
<TR>
<TD>Element(Local Name)</TD><TD>名称</TD></TR>
<TR>
<TD>Content</TD><TD>名称C</TD></TR>
</TBODY></TABLE><BR>
<TABLE border=1>
<TBODY>
<TR>
<TD>Element(QName)</TD><TD>种类</TD></TR>
<TR>
<TD>Element(Local Name)</TD><TD>种类</TD></TR>
<TR>
<TD>Content</TD><TD>饮料S2</TD></TR>
</TBODY></TABLE><BR>
<TABLE border=1>
<TBODY>
<TR>
<TD>Element(QName)</TD><TD>公司</TD></TR>
<TR>
<TD>Element(Local Name)</TD><TD>公司</TD></TR>
<TR>
<TD>Content</TD><TD>公司K</TD></TR>
</TBODY></TABLE><BR>
<TABLE border=1>
<TBODY>
<TR>
<TD>Element(QName)</TD><TD>价格</TD></TR>
<TR>
<TD>Element(Local Name)</TD><TD>价格</TD></TR>
<TR>
<TD>Attribute(QName)</TD><TD>货币</TD></TR>
<TR>
<TD>Attribute(Local Name)</TD><TD>货币</TD></TR>
<TR>
<TD>Attribute(Type)</TD><TD>CDATA</TD></TR>
<TR>
<TD>Attribute(Value)</TD><TD>日元</TD></TR>
<TR>
<TD>Attribute(Prefix)</TD><TD>-</TD></TR>
<TR>
<TD>Attribute(Namespace)</TD><TD>-</TD></TR>
<TR>
<TD>Content</TD><TD>120</TD></TR>
</TBODY></TABLE><BR>
<TABLE border=1>
<TBODY>
<TR>
<TD>Element(QName)</TD><TD>含量</TD></TR>
<TR>
<TD>Element(Local Name)</TD><TD>含量</TD></TR>
<TR>
<TD>Attribute(QName)</TD><TD>单位</TD></TR>
<TR>
<TD>Attribute(Local Name)</TD><TD>单位</TD></TR>
<TR>
<TD>Attribute(Type)</TD><TD>CDATA</TD></TR>
<TR>
<TD>Attribute(Value)</TD><TD>g</TD></TR>
<TR>
<TD>Attribute(Prefix)</TD><TD>-</TD></TR>
<TR>
<TD>Attribute(Namespace)</TD><TD>-</TD></TR>
<TR>
<TD>Content</TD><TD>190</TD></TR>
</TBODY></TABLE><BR>
</TBODY></TABLE><BR>
<TABLE border=1>
<TBODY>
<TR>
<TD>Element(QName)</TD><TD>饮料</TD></TR>
<TR>
<TD>Element(Local Name)</TD><TD>饮料</TD></TR>
<TABLE border=1>
<TBODY>
<TR>
<TD>Element(QName)</TD><TD>名称</TD></TR>
<TR>
<TD>Element(Local Name)</TD><TD>名称</TD></TR>
<TR>
<TD>Content</TD><TD>名称DP</TD></TR>
</TBODY></TABLE><BR>
<TABLE border=1>
<TBODY>
<TR>
<TD>Element(QName)</TD><TD>种类</TD></TR>
<TR>
<TD>Element(Local Name)</TD><TD>种类</TD></TR>
<TR>
<TD>Content</TD><TD>饮料S</TD></TR>
</TBODY></TABLE><BR>
<TABLE border=1>
<TBODY>
<TR>
<TD>Element(QName)</TD><TD>公司</TD></TR>
<TR>
<TD>Element(Local Name)</TD><TD>公司</TD></TR>
<TR>
<TD>Content</TD><TD>公司C</TD></TR>
</TBODY></TABLE><BR>
<TABLE border=1>
<TBODY>
<TR>
<TD>Element(QName)</TD><TD>价格</TD></TR>
<TR>
<TD>Element(Local Name)</TD><TD>价格</TD></TR>
<TR>
<TD>Attribute(QName)</TD><TD>货币</TD></TR>
<TR>
<TD>Attribute(Local Name)</TD><TD>货币</TD></TR>
<TR>
<TD>Attribute(Type)</TD><TD>CDATA</TD></TR>
<TR>
<TD>Attribute(Value)</TD><TD>日元</TD></TR>
<TR>
<TD>Attribute(Prefix)</TD><TD>-</TD></TR>
<TR>
<TD>Attribute(Namespace)</TD><TD>-</TD></TR>
<TR>
<TD>Content</TD><TD>120</TD></TR>
</TBODY></TABLE><BR>
<TABLE border=1>
<TBODY>
<TR>
<TD>Element(QName)</TD><TD>含量</TD></TR>
<TR>
<TD>Element(Local Name)</TD><TD>含量</TD></TR>
<TR>
<TD>Attribute(QName)</TD><TD>单位</TD></TR>
<TR>
<TD>Attribute(Local Name)</TD><TD>单位</TD></TR>
<TR>
<TD>Attribute(Type)</TD><TD>CDATA</TD></TR>
<TR>
<TD>Attribute(Value)</TD><TD>ml</TD></TR>
<TR>
<TD>Attribute(Prefix)</TD><TD>-</TD></TR>
<TR>
<TD>Attribute(Namespace)</TD><TD>-</TD></TR>
<TR>
<TD>Content</TD><TD>350</TD></TR>
</TBODY></TABLE><BR>
</TBODY></TABLE><BR>
<TABLE border=1>
<TBODY>
<TR>
<TD>Element(QName)</TD><TD>饮料</TD></TR>
<TR>
<TD>Element(Local Name)</TD><TD>饮料</TD></TR>
<TABLE border=1>
<TBODY>
<TR>
<TD>Element(QName)</TD><TD>名称</TD></TR>
<TR>
<TD>Element(Local Name)</TD><TD>名称</TD></TR>
<TR>
<TD>Content</TD><TD>名称RB</TD></TR>
</TBODY></TABLE><BR>
<TABLE border=1>
<TBODY>
<TR>
<TD>Element(QName)</TD><TD>种类</TD></TR>
<TR>
<TD>Element(Local Name)</TD><TD>种类</TD></TR>
<TR>
<TD>Content</TD><TD>饮料S</TD></TR>
</TBODY></TABLE><BR>
<TABLE border=1>
<TBODY>
<TR>
<TD>Element(QName)</TD><TD>公司</TD></TR>
<TR>
<TD>Element(Local Name)</TD><TD>公司</TD></TR>
<TR>
<TD>Content</TD><TD>A</TD></TR>
<TR>
<TD>Content</TD><TD>&</TD></TR>
<TR>
<TD>Content</TD><TD>W</TD></TR>
</TBODY></TABLE><BR>
<TABLE border=1>
<TBODY>
<TR>
<TD>Element(QName)</TD><TD>价格</TD></TR>
<TR>
<TD>Element(Local Name)</TD><TD>价格</TD></TR>
<TR>
<TD>Attribute(QName)</TD><TD>货币</TD></TR>
<TR>
<TD>Attribute(Local Name)</TD><TD>货币</TD></TR>
<TR>
<TD>Attribute(Type)</TD><TD>CDATA</TD></TR>
<TR>
<TD>Attribute(Value)</TD><TD>美元</TD></TR>
<TR>
<TD>Attribute(Prefix)</TD><TD>-</TD></TR>
<TR>
<TD>Attribute(Namespace)</TD><TD>-</TD></TR>
<TR>
<TD>Content</TD><TD>1</TD></TR>
</TBODY></TABLE><BR>
<TABLE border=1>
<TBODY>
<TR>
<TD>Element(QName)</TD><TD>含量</TD></TR>
<TR>
<TD>Element(Local Name)</TD><TD>含量</TD></TR>
<TR>
<TD>Attribute(QName)</TD><TD>单位</TD></TR>
<TR>
<TD>Attribute(Local Name)</TD><TD>单位</TD></TR>
<TR>
<TD>Attribute(Type)</TD><TD>CDATA</TD></TR>
<TR>
<TD>Attribute(Value)</TD><TD>ml</TD></TR>
<TR>
<TD>Attribute(Prefix)</TD><TD>-</TD></TR>
<TR>
<TD>Attribute(Namespace)</TD><TD>-</TD></TR>
<TR>
<TD>Content</TD><TD>350</TD></TR>
</TBODY></TABLE><BR>
</TBODY></TABLE><BR>
<TABLE border=1>
<TBODY>
<TR>
<TD>Element(QName)</TD><TD>饮料</TD></TR>
<TR>
<TD>Element(Local Name)</TD><TD>饮料</TD></TR>
<TABLE border=1>
<TBODY>
<TR>
<TD>Element(QName)</TD><TD>名称</TD></TR>
<TR>
<TD>Element(Local Name)</TD><TD>名称</TD></TR>
<TR>
<TD>Content</TD><TD>名称7</TD></TR>
</TBODY></TABLE><BR>
<TABLE border=1>
<TBODY>
<TR>
<TD>Element(QName)</TD><TD>种类</TD></TR>
<TR>
<TD>Element(Local Name)</TD><TD>种类</TD></TR>
<TR>
<TD>Content</TD><TD>饮料S</TD></TR>
</TBODY></TABLE><BR>
<TABLE border=1>
<TBODY>
<TR>
<TD>Element(QName)</TD><TD>公司</TD></TR>
<TR>
<TD>Element(Local Name)</TD><TD>公司</TD></TR>
<TR>
<TD>Content</TD><TD>公司S2</TD></TR>
</TBODY></TABLE><BR>
<TABLE border=1>
<TBODY>
<TR>
<TD>Element(QName)</TD><TD>价格</TD></TR>
<TR>
<TD>Element(Local Name)</TD><TD>价格</TD></TR>
<TR>
<TD>Attribute(QName)</TD><TD>货币</TD></TR>
<TR>
<TD>Attribute(Local Name)</TD><TD>货币</TD></TR>
<TR>
<TD>Attribute(Type)</TD><TD>CDATA</TD></TR>
<TR>
<TD>Attribute(Value)</TD><TD>日元</TD></TR>
<TR>
<TD>Attribute(Prefix)</TD><TD>-</TD></TR>
<TR>
<TD>Attribute(Namespace)</TD><TD>-</TD></TR>
<TR>
<TD>Content</TD><TD>120</TD></TR>
</TBODY></TABLE><BR>
<TABLE border=1>
<TBODY>
<TR>
<TD>Element(QName)</TD><TD>含量</TD></TR>
<TR>
<TD>Element(Local Name)</TD><TD>含量</TD></TR>
<TR>
<TD>Attribute(QName)</TD><TD>单位</TD></TR>
<TR>
<TD>Attribute(Local Name)</TD><TD>单位</TD></TR>
<TR>
<TD>Attribute(Type)</TD><TD>CDATA</TD></TR>
<TR>
<TD>Attribute(Value)</TD><TD>ml</TD></TR>
<TR>
<TD>Attribute(Prefix)</TD><TD>-</TD></TR>
<TR>
<TD>Attribute(Namespace)</TD><TD>-</TD></TR>
<TR>
<TD>Content</TD><TD>350</TD></TR>
</TBODY></TABLE><BR>
</TBODY></TABLE><BR>
<TABLE border=1>
<TBODY>
<TR>
<TD>Element(QName)</TD><TD>饮料</TD></TR>
<TR>
<TD>Element(Local Name)</TD><TD>饮料</TD></TR>
<TABLE border=1>
<TBODY>
<TR>
<TD>Element(QName)</TD><TD>名称</TD></TR>
<TR>
<TD>Element(Local Name)</TD><TD>名称</TD></TR>
<TR>
<TD>Content</TD><TD>名称BJ</TD></TR>
</TBODY></TABLE><BR>
<TABLE border=1>
<TBODY>
<TR>
<TD>Element(QName)</TD><TD>种类</TD></TR>
<TR>
<TD>Element(Local Name)</TD><TD>种类</TD></TR>
<TR>
<TD>Content</TD><TD>名称BJ</TD></TR>
</TBODY></TABLE><BR>
<TABLE border=1>
<TBODY>
<TR>
<TD>Element(QName)</TD><TD>公司</TD></TR>
<TR>
<TD>Element(Local Name)</TD><TD>公司</TD></TR>
<TR>
<TD>Content</TD><TD>公司M</TD></TR>
</TBODY></TABLE><BR>
<TABLE border=1>
<TBODY>
<TR>
<TD>Element(QName)</TD><TD>价格</TD></TR>
<TR>
<TD>Element(Local Name)</TD><TD>价格</TD></TR>
<TR>
<TD>Attribute(QName)</TD><TD>货币</TD></TR>
<TR>
<TD>Attribute(Local Name)</TD><TD>货币</TD></TR>
<TR>
<TD>Attribute(Type)</TD><TD>CDATA</TD></TR>
<TR>
<TD>Attribute(Value)</TD><TD>日元</TD></TR>
<TR>
<TD>Attribute(Prefix)</TD><TD>-</TD></TR>
<TR>
<TD>Attribute(Namespace)</TD><TD>-</TD></TR>
<TR>
<TD>Content</TD><TD>88</TD></TR>
</TBODY></TABLE><BR>
<TABLE border=1>
<TBODY>
<TR>
<TD>Element(QName)</TD><TD>含量</TD></TR>
<TR>
<TD>Element(Local Name)</TD><TD>含量</TD></TR>
<TR>
<TD>Attribute(QName)</TD><TD>单位</TD></TR>
<TR>
<TD>Attribute(Local Name)</TD><TD>单位</TD></TR>
<TR>
<TD>Attribute(Type)</TD><TD>CDATA</TD></TR>
<TR>
<TD>Attribute(Value)</TD><TD>ml</TD></TR>
<TR>
<TD>Attribute(Prefix)</TD><TD>-</TD></TR>
<TR>
<TD>Attribute(Namespace)</TD><TD>-</TD></TR>
<TR>
<TD>Content</TD><TD>200</TD></TR>
</TBODY></TABLE><BR>
</TBODY></TABLE><BR>
<TABLE border=1>
<TBODY>
<TR>
<TD>Element(QName)</TD><TD>饮料</TD></TR>
<TR>
<TD>Element(Local Name)</TD><TD>饮料</TD></TR>
<TABLE border=1>
<TBODY>
<TR>
<TD>Element(QName)</TD><TD>名称</TD></TR>
<TR>
<TD>Element(Local Name)</TD><TD>名称</TD></TR>
<TR>
<TD>Content</TD><TD>名称DB</TD></TR>
</TBODY></TABLE><BR>
<TABLE border=1>
<TBODY>
<TR>
<TD>Element(QName)</TD><TD>种类</TD></TR>
<TR>
<TD>Element(Local Name)</TD><TD>种类</TD></TR>
<TR>
<TD>Content</TD><TD>饮料C</TD></TR>
</TBODY></TABLE><BR>
<TABLE border=1>
<TBODY>
<TR>
<TD>Element(QName)</TD><TD>公司</TD></TR>
<TR>
<TD>Element(Local Name)</TD><TD>公司</TD></TR>
<TR>
<TD>Content</TD><TD>公司D</TD></TR>
</TBODY></TABLE><BR>
<TABLE border=1>
<TBODY>
<TR>
<TD>Element(QName)</TD><TD>价格</TD></TR>
<TR>
<TD>Element(Local Name)</TD><TD>价格</TD></TR>
<TR>
<TD>Attribute(QName)</TD><TD>货币</TD></TR>
<TR>
<TD>Attribute(Local Name)</TD><TD>货币</TD></TR>
<TR>
<TD>Attribute(Type)</TD><TD>CDATA</TD></TR>
<TR>
<TD>Attribute(Value)</TD><TD>日元</TD></TR>
<TR>
<TD>Attribute(Prefix)</TD><TD>-</TD></TR>
<TR>
<TD>Attribute(Namespace)</TD><TD>-</TD></TR>
<TR>
<TD>Content</TD><TD>120</TD></TR>
</TBODY></TABLE><BR>
<TABLE border=1>
<TBODY>
<TR>
<TD>Element(QName)</TD><TD>含量</TD></TR>
<TR>
<TD>Element(Local Name)</TD><TD>含量</TD></TR>
<TR>
<TD>Attribute(QName)</TD><TD>单位</TD></TR>
<TR>
<TD>Attribute(Local Name)</TD><TD>单位</TD></TR>
<TR>
<TD>Attribute(Type)</TD><TD>CDATA</TD></TR>
<TR>
<TD>Attribute(Value)</TD><TD>g</TD></TR>
<TR>
<TD>Attribute(Prefix)</TD><TD>-</TD></TR>
<TR>
<TD>Attribute(Namespace)</TD><TD>-</TD></TR>
<TR>
<TD>Content</TD><TD>190</TD></TR>
</TBODY></TABLE><BR>
</TBODY></TABLE><BR>
<TABLE border=1>
<TBODY>
<TR>
<TD>Element(QName)</TD><TD>饮料</TD></TR>
<TR>
<TD>Element(Local Name)</TD><TD>饮料</TD></TR>
<TABLE border=1>
<TBODY>
<TR>
<TD>Element(QName)</TD><TD>名称</TD></TR>
<TR>
<TD>Element(Local Name)</TD><TD>名称</TD></TR>
<TR>
<TD>Content</TD><TD>名称A2</TD></TR>
</TBODY></TABLE><BR>
<TABLE border=1>
<TBODY>
<TR>
<TD>Element(QName)</TD><TD>种类</TD></TR>
<TR>
<TD>Element(Local Name)</TD><TD>种类</TD></TR>
<TR>
<TD>Content</TD><TD>饮料V</TD></TR>
</TBODY></TABLE><BR>
<TABLE border=1>
<TBODY>
<TR>
<TD>Element(QName)</TD><TD>公司</TD></TR>
<TR>
<TD>Element(Local Name)</TD><TD>公司</TD></TR>
<TR>
<TD>Content</TD><TD>公司S</TD></TR>
</TBODY></TABLE><BR>
<TABLE border=1>
<TBODY>
<TR>
<TD>Element(QName)</TD><TD>价格</TD></TR>
<TR>
<TD>Element(Local Name)</TD><TD>价格</TD></TR>
<TR>
<TD>Attribute(QName)</TD><TD>货币</TD></TR>
<TR>
<TD>Attribute(Local Name)</TD><TD>货币</TD></TR>
<TR>
<TD>Attribute(Type)</TD><TD>CDATA</TD></TR>
<TR>
<TD>Attribute(Value)</TD><TD>日元</TD></TR>
<TR>
<TD>Attribute(Prefix)</TD><TD>-</TD></TR>
<TR>
<TD>Attribute(Namespace)</TD><TD>-</TD></TR>
<TR>
<TD>Content</TD><TD>198</TD></TR>
</TBODY></TABLE><BR>
<TABLE border=1>
<TBODY>
<TR>
<TD>Element(QName)</TD><TD>含量</TD></TR>
<TR>
<TD>Element(Local Name)</TD><TD>含量</TD></TR>
<TR>
<TD>Attribute(QName)</TD><TD>单位</TD></TR>
<TR>
<TD>Attribute(Local Name)</TD><TD>单位</TD></TR>
<TR>
<TD>Attribute(Type)</TD><TD>CDATA</TD></TR>
<TR>
<TD>Attribute(Value)</TD><TD>g</TD></TR>
<TR>
<TD>Attribute(Prefix)</TD><TD>-</TD></TR>
<TR>
<TD>Attribute(Namespace)</TD><TD>-</TD></TR>
<TR>
<TD>Content</TD><TD>160</TD></TR>
</TBODY></TABLE><BR>
</TBODY></TABLE><BR>
<TABLE border=1>
<TBODY>
<TR>
<TD>Element(QName)</TD><TD>饮料</TD></TR>
<TR>
<TD>Element(Local Name)</TD><TD>饮料</TD></TR>
<TABLE border=1>
<TBODY>
<TR>
<TD>Element(QName)</TD><TD>名称</TD></TR>
<TR>
<TD>Element(Local Name)</TD><TD>名称</TD></TR>
<TR>
<TD>Content</TD><TD>名称M</TD></TR>
</TBODY></TABLE><BR>
<TABLE border=1>
<TBODY>
<TR>
<TD>Element(QName)</TD><TD>种类</TD></TR>
<TR>
<TD>Element(Local Name)</TD><TD>种类</TD></TR>
<TR>
<TD>Content</TD><TD>饮料SD</TD></TR>
</TBODY></TABLE><BR>
<TABLE border=1>
<TBODY>
<TR>
<TD>Element(QName)</TD><TD>公司</TD></TR>
<TR>
<TD>Element(Local Name)</TD><TD>公司</TD></TR>
<TR>
<TD>Content</TD><TD>公司DD</TD></TR>
</TBODY></TABLE><BR>
<TABLE border=1>
<TBODY>
<TR>
<TD>Element(QName)</TD><TD>价格</TD></TR>
<TR>
<TD>Element(Local Name)</TD><TD>价格</TD></TR>
<TR>
<TD>Attribute(QName)</TD><TD>货币</TD></TR>
<TR>
<TD>Attribute(Local Name)</TD><TD>货币</TD></TR>
<TR>
<TD>Attribute(Type)</TD><TD>CDATA</TD></TR>
<TR>
<TD>Attribute(Value)</TD><TD>日元</TD></TR>
<TR>
<TD>Attribute(Prefix)</TD><TD>-</TD></TR>
<TR>
<TD>Attribute(Namespace)</TD><TD>-</TD></TR>
<TR>
<TD>Content</TD><TD>120</TD></TR>
</TBODY></TABLE><BR>
<TABLE border=1>
<TBODY>
<TR>
<TD>Element(QName)</TD><TD>含量</TD></TR>
<TR>
<TD>Element(Local Name)</TD><TD>含量</TD></TR>
<TR>
<TD>Attribute(QName)</TD><TD>单位</TD></TR>
<TR>
<TD>Attribute(Local Name)</TD><TD>单位</TD></TR>
<TR>
<TD>Attribute(Type)</TD><TD>CDATA</TD></TR>
<TR>
<TD>Attribute(Value)</TD><TD>ml</TD></TR>
<TR>
<TD>Attribute(Prefix)</TD><TD>-</TD></TR>
<TR>
<TD>Attribute(Namespace)</TD><TD>-</TD></TR>
<TR>
<TD>Content</TD><TD>490</TD></TR>
</TBODY></TABLE><BR>
</TBODY></TABLE><BR>
<TABLE border=1>
<TBODY>
<TR>
<TD>Element(QName)</TD><TD>饮料</TD></TR>
<TR>
<TD>Element(Local Name)</TD><TD>饮料</TD></TR>
<TABLE border=1>
<TBODY>
<TR>
<TD>Element(QName)</TD><TD>名称</TD></TR>
<TR>
<TD>Element(Local Name)</TD><TD>名称</TD></TR>
<TR>
<TD>Content</TD><TD>名称H</TD></TR>
</TBODY></TABLE><BR>
<TABLE border=1>
<TBODY>
<TR>
<TD>Element(QName)</TD><TD>种类</TD></TR>
<TR>
<TD>Element(Local Name)</TD><TD>种类</TD></TR>
<TR>
<TD>Content</TD><TD>饮料J</TD></TR>
</TBODY></TABLE><BR>
<TABLE border=1>
<TBODY>
<TR>
<TD>Element(QName)</TD><TD>公司</TD></TR>
<TR>
<TD>Element(Local Name)</TD><TD>公司</TD></TR>
<TR>
<TD>Content</TD><TD>公司S2</TD></TR>
</TBODY></TABLE><BR>
<TABLE border=1>
<TBODY>
<TR>
<TD>Element(QName)</TD><TD>价格</TD></TR>
<TR>
<TD>Element(Local Name)</TD><TD>价格</TD></TR>
<TR>
<TD>Attribute(QName)</TD><TD>货币</TD></TR>
<TR>
<TD>Attribute(Local Name)</TD><TD>货币</TD></TR>
<TR>
<TD>Attribute(Type)</TD><TD>CDATA</TD></TR>
<TR>
<TD>Attribute(Value)</TD><TD>日元</TD></TR>
<TR>
<TD>Attribute(Prefix)</TD><TD>-</TD></TR>
<TR>
<TD>Attribute(Namespace)</TD><TD>-</TD></TR>
<TR>
<TD>Content</TD><TD>120</TD></TR>
</TBODY></TABLE><BR>
<TABLE border=1>
<TBODY>
<TR>
<TD>Element(QName)</TD><TD>含量</TD></TR>
<TR>
<TD>Element(Local Name)</TD><TD>含量</TD></TR>
<TR>
<TD>Attribute(QName)</TD><TD>单位</TD></TR>
<TR>
<TD>Attribute(Local Name)</TD><TD>单位</TD></TR>
<TR>
<TD>Attribute(Type)</TD><TD>CDATA</TD></TR>
<TR>
<TD>Attribute(Value)</TD><TD>ml</TD></TR>
<TR>
<TD>Attribute(Prefix)</TD><TD>-</TD></TR>
<TR>
<TD>Attribute(Namespace)</TD><TD>-</TD></TR>
<TR>
<TD>Content</TD><TD>350</TD></TR>
</TBODY></TABLE><BR>
</TBODY></TABLE><BR>
<TABLE border=1>
<TBODY>
<TR>
<TD>Element(QName)</TD><TD>饮料</TD></TR>
<TR>
<TD>Element(Local Name)</TD><TD>饮料</TD></TR>
<TABLE border=1>
<TBODY>
<TR>
<TD>Element(QName)</TD><TD>名称</TD></TR>
<TR>
<TD>Element(Local Name)</TD><TD>名称</TD></TR>
<TR>
<TD>Content</TD><TD>名称BO</TD></TR>
</TBODY></TABLE><BR>
<TABLE border=1>
<TBODY>
<TR>
<TD>Element(QName)</TD><TD>种类</TD></TR>
<TR>
<TD>Element(Local Name)</TD><TD>种类</TD></TR>
<TR>
<TD>Content</TD><TD>饮料J</TD></TR>
</TBODY></TABLE><BR>
<TABLE border=1>
<TBODY>
<TR>
<TD>Element(QName)</TD><TD>公司</TD></TR>
<TR>
<TD>Element(Local Name)</TD><TD>公司</TD></TR>
<TR>
<TD>Content</TD><TD>公司A</TD></TR>
</TBODY></TABLE><BR>
<TABLE border=1>
<TBODY>
<TR>
<TD>Element(QName)</TD><TD>价格</TD></TR>
<TR>
<TD>Element(Local Name)</TD><TD>价格</TD></TR>
<TR>
<TD>Attribute(QName)</TD><TD>货币</TD></TR>
<TR>
<TD>Attribute(Local Name)</TD><TD>货币</TD></TR>
<TR>
<TD>Attribute(Type)</TD><TD>CDATA</TD></TR>
<TR>
<TD>Attribute(Value)</TD><TD>日元</TD></TR>
<TR>
<TD>Attribute(Prefix)</TD><TD>-</TD></TR>
<TR>
<TD>Attribute(Namespace)</TD><TD>-</TD></TR>
<TR>
<TD>Content</TD><TD>100</TD></TR>
</TBODY></TABLE><BR>
<TABLE border=1>
<TBODY>
<TR>
<TD>Element(QName)</TD><TD>含量</TD></TR>
<TR>
<TD>Element(Local Name)</TD><TD>含量</TD></TR>
<TR>
<TD>Attribute(QName)</TD><TD>单位</TD></TR>
<TR>
<TD>Attribute(Local Name)</TD><TD>单位</TD></TR>
<TR>
<TD>Attribute(Type)</TD><TD>CDATA</TD></TR>
<TR>
<TD>Attribute(Value)</TD><TD>ml</TD></TR>
<TR>
<TD>Attribute(Prefix)</TD><TD>-</TD></TR>
<TR>
<TD>Attribute(Namespace)</TD><TD>-</TD></TR>
<TR>
<TD>Content</TD><TD>250</TD></TR>
</TBODY></TABLE><BR>
</TBODY></TABLE><BR>
<TABLE border=1>
<TBODY>
<TR>
<TD>Element(QName)</TD><TD>饮料</TD></TR>
<TR>
<TD>Element(Local Name)</TD><TD>饮料</TD></TR>
<TABLE border=1>
<TBODY>
<TR>
<TD>Element(QName)</TD><TD>名称</TD></TR>
<TR>
<TD>Element(Local Name)</TD><TD>名称</TD></TR>
<TR>
<TD>Content</TD><TD>名称S2</TD></TR>
</TBODY></TABLE><BR>
<TABLE border=1>
<TBODY>
<TR>
<TD>Element(QName)</TD><TD>种类</TD></TR>
<TR>
<TD>Element(Local Name)</TD><TD>种类</TD></TR>
<TR>
<TD>Content</TD><TD>饮料O</TD></TR>
</TBODY></TABLE><BR>
<TABLE border=1>
<TBODY>
<TR>
<TD>Element(QName)</TD><TD>公司</TD></TR>
<TR>
<TD>Element(Local Name)</TD><TD>公司</TD></TR>
<TR>
<TD>Content</TD><TD>公司M2</TD></TR>
</TBODY></TABLE><BR>
<TABLE border=1>
<TBODY>
<TR>
<TD>Element(QName)</TD><TD>价格</TD></TR>
<TR>
<TD>Element(Local Name)</TD><TD>价格</TD></TR>
<TR>
<TD>Attribute(QName)</TD><TD>货币</TD></TR>
<TR>
<TD>Attribute(Local Name)</TD><TD>货币</TD></TR>
<TR>
<TD>Attribute(Type)</TD><TD>CDATA</TD></TR>
<TR>
<TD>Attribute(Value)</TD><TD>日元</TD></TR>
<TR>
<TD>Attribute(Prefix)</TD><TD>-</TD></TR>
<TR>
<TD>Attribute(Namespace)</TD><TD>-</TD></TR>
<TR>
<TD>Content</TD><TD>120</TD></TR>
</TBODY></TABLE><BR>
<TABLE border=1>
<TBODY>
<TR>
<TD>Element(QName)</TD><TD>含量</TD></TR>
<TR>
<TD>Element(Local Name)</TD><TD>含量</TD></TR>
<TR>
<TD>Attribute(QName)</TD><TD>单位</TD></TR>
<TR>
<TD>Attribute(Local Name)</TD><TD>单位</TD></TR>
<TR>
<TD>Attribute(Type)</TD><TD>CDATA</TD></TR>
<TR>
<TD>Attribute(Value)</TD><TD>g</TD></TR>
<TR>
<TD>Attribute(Prefix)</TD><TD>-</TD></TR>
<TR>
<TD>Attribute(Namespace)</TD><TD>-</TD></TR>
<TR>
<TD>Content</TD><TD>190</TD></TR>
</TBODY></TABLE><BR>
</TBODY></TABLE><BR>
<TABLE border=1>
<TBODY>
<TR>
<TD>Element(QName)</TD><TD>饮料</TD></TR>
<TR>
<TD>Element(Local Name)</TD><TD>饮料</TD></TR>
<TABLE border=1>
<TBODY>
<TR>
<TD>Element(QName)</TD><TD>名称</TD></TR>
<TR>
<TD>Element(Local Name)</TD><TD>名称</TD></TR>
<TR>
<TD>Content</TD><TD>名称G</TD></TR>
</TBODY></TABLE><BR>
<TABLE border=1>
<TBODY>
<TR>
<TD>Element(QName)</TD><TD>种类</TD></TR>
<TR>
<TD>Element(Local Name)</TD><TD>种类</TD></TR>
<TR>
<TD>Content</TD><TD>饮料C</TD></TR>
</TBODY></TABLE><BR>
<TABLE border=1>
<TBODY>
<TR>
<TD>Element(QName)</TD><TD>公司</TD></TR>
<TR>
<TD>Element(Local Name)</TD><TD>公司</TD></TR>
<TR>
<TD>Content</TD><TD>公司CC</TD></TR>
</TBODY></TABLE><BR>
<TABLE border=1>
<TBODY>
<TR>
<TD>Element(QName)</TD><TD>价格</TD></TR>
<TR>
<TD>Element(Local Name)</TD><TD>价格</TD></TR>
<TR>
<TD>Attribute(QName)</TD><TD>货币</TD></TR>
<TR>
<TD>Attribute(Local Name)</TD><TD>货币</TD></TR>
<TR>
<TD>Attribute(Type)</TD><TD>CDATA</TD></TR>
<TR>
<TD>Attribute(Value)</TD><TD>日元</TD></TR>
<TR>
<TD>Attribute(Prefix)</TD><TD>-</TD></TR>
<TR>
<TD>Attribute(Namespace)</TD><TD>-</TD></TR>
<TR>
<TD>Content</TD><TD>120</TD></TR>
</TBODY></TABLE><BR>
<TABLE border=1>
<TBODY>
<TR>
<TD>Element(QName)</TD><TD>含量</TD></TR>
<TR>
<TD>Element(Local Name)</TD><TD>含量</TD></TR>
<TR>
<TD>Attribute(QName)</TD><TD>单位</TD></TR>
<TR>
<TD>Attribute(Local Name)</TD><TD>单位</TD></TR>
<TR>
<TD>Attribute(Type)</TD><TD>CDATA</TD></TR>
<TR>
<TD>Attribute(Value)</TD><TD>ml</TD></TR>
<TR>
<TD>Attribute(Prefix)</TD><TD>-</TD></TR>
<TR>
<TD>Attribute(Namespace)</TD><TD>-</TD></TR>
<TR>
<TD>Content</TD><TD>190</TD></TR>
</TBODY></TABLE><BR>
</TBODY></TABLE><BR>
<TABLE border=1>
<TBODY>
<TR>
<TD>Element(QName)</TD><TD>饮料</TD></TR>
<TR>
<TD>Element(Local Name)</TD><TD>饮料</TD></TR>
<TABLE border=1>
<TBODY>
<TR>
<TD>Element(QName)</TD><TD>名称</TD></TR>
<TR>
<TD>Element(Local Name)</TD><TD>名称</TD></TR>
<TR>
<TD>Content</TD><TD>名称R</TD></TR>
</TBODY></TABLE><BR>
<TABLE border=1>
<TBODY>
<TR>
<TD>Element(QName)</TD><TD>种类</TD></TR>
<TR>
<TD>Element(Local Name)</TD><TD>种类</TD></TR>
<TR>
<TD>Content</TD><TD>饮料S</TD></TR>
</TBODY></TABLE><BR>
<TABLE border=1>
<TBODY>
<TR>
<TD>Element(QName)</TD><TD>公司</TD></TR>
<TR>
<TD>Element(Local Name)</TD><TD>公司</TD></TR>
<TR>
<TD>Content</TD><TD>公司K2</TD></TR>
</TBODY></TABLE><BR>
<TABLE border=1>
<TBODY>
<TR>
<TD>Element(QName)</TD><TD>价格</TD></TR>
<TR>
<TD>Element(Local Name)</TD><TD>价格</TD></TR>
<TR>
<TD>Attribute(QName)</TD><TD>货币</TD></TR>
<TR>
<TD>Attribute(Local Name)</TD><TD>货币</TD></TR>
<TR>
<TD>Attribute(Type)</TD><TD>CDATA</TD></TR>
<TR>
<TD>Attribute(Value)</TD><TD>日元</TD></TR>
<TR>
<TD>Attribute(Prefix)</TD><TD>-</TD></TR>
<TR>
<TD>Attribute(Namespace)</TD><TD>-</TD></TR>
<TR>
<TD>Content</TD><TD>120</TD></TR>
</TBODY></TABLE><BR>
<TABLE border=1>
<TBODY>
<TR>
<TD>Element(QName)</TD><TD>含量</TD></TR>
<TR>
<TD>Element(Local Name)</TD><TD>含量</TD></TR>
<TR>
<TD>Attribute(QName)</TD><TD>单位</TD></TR>
<TR>
<TD>Attribute(Local Name)</TD><TD>单位</TD></TR>
<TR>
<TD>Attribute(Type)</TD><TD>CDATA</TD></TR>
<TR>
<TD>Attribute(Value)</TD><TD>ml</TD></TR>
<TR>
<TD>Attribute(Prefix)</TD><TD>-</TD></TR>
<TR>
<TD>Attribute(Namespace)</TD><TD>-</TD></TR>
<TR>
<TD>Content</TD><TD>200</TD></TR>
</TBODY></TABLE><BR>
</TBODY></TABLE><BR>
<TABLE border=1>
<TBODY>
<TR>
<TD>Element(QName)</TD><TD>饮料</TD></TR>
<TR>
<TD>Element(Local Name)</TD><TD>饮料</TD></TR>
<TABLE border=1>
<TBODY>
<TR>
<TD>Element(QName)</TD><TD>名称</TD></TR>
<TR>
<TD>Element(Local Name)</TD><TD>名称</TD></TR>
<TR>
<TD>Content</TD><TD>名称RG</TD></TR>
</TBODY></TABLE><BR>
<TABLE border=1>
<TBODY>
<TR>
<TD>Element(QName)</TD><TD>种类</TD></TR>
<TR>
<TD>Element(Local Name)</TD><TD>种类</TD></TR>
<TR>
<TD>Content</TD><TD>饮料VD</TD></TR>
</TBODY></TABLE><BR>
<TABLE border=1>
<TBODY>
<TR>
<TD>Element(QName)</TD><TD>公司</TD></TR>
<TR>
<TD>Element(Local Name)</TD><TD>公司</TD></TR>
<TR>
<TD>Content</TD><TD>公司CC</TD></TR>
</TBODY></TABLE><BR>
<TABLE border=1>
<TBODY>
<TR>
<TD>Element(QName)</TD><TD>价格</TD></TR>
<TR>
<TD>Element(Local Name)</TD><TD>价格</TD></TR>
<TR>
<TD>Attribute(QName)</TD><TD>货币</TD></TR>
<TR>
<TD>Attribute(Local Name)</TD><TD>货币</TD></TR>
<TR>
<TD>Attribute(Type)</TD><TD>CDATA</TD></TR>
<TR>
<TD>Attribute(Value)</TD><TD>日元</TD></TR>
<TR>
<TD>Attribute(Prefix)</TD><TD>-</TD></TR>
<TR>
<TD>Attribute(Namespace)</TD><TD>-</TD></TR>
<TR>
<TD>Content</TD><TD>120</TD></TR>
</TBODY></TABLE><BR>
<TABLE border=1>
<TBODY>
<TR>
<TD>Element(QName)</TD><TD>含量</TD></TR>
<TR>
<TD>Element(Local Name)</TD><TD>含量</TD></TR>
<TR>
<TD>Attribute(QName)</TD><TD>单位</TD></TR>
<TR>
<TD>Attribute(Local Name)</TD><TD>单位</TD></TR>
<TR>
<TD>Attribute(Type)</TD><TD>CDATA</TD></TR>
<TR>
<TD>Attribute(Value)</TD><TD>ml</TD></TR>
<TR>
<TD>Attribute(Prefix)</TD><TD>-</TD></TR>
<TR>
<TD>Attribute(Namespace)</TD><TD>-</TD></TR>
<TR>
<TD>Content</TD><TD>190</TD></TR>
</TBODY></TABLE><BR>
</TBODY></TABLE><BR>
<TABLE border=1>
<TBODY>
<TR>
<TD>Element(QName)</TD><TD>饮料</TD></TR>
<TR>
<TD>Element(Local Name)</TD><TD>饮料</TD></TR>
<TABLE border=1>
<TBODY>
<TR>
<TD>Element(QName)</TD><TD>名称</TD></TR>
<TR>
<TD>Element(Local Name)</TD><TD>名称</TD></TR>
<TR>
<TD>Content</TD><TD>名称L</TD></TR>
</TBODY></TABLE><BR>
<TABLE border=1>
<TBODY>
<TR>
<TD>Element(QName)</TD><TD>种类</TD></TR>
<TR>
<TD>Element(Local Name)</TD><TD>种类</TD></TR>
<TR>
<TD>Content</TD><TD>饮料S</TD></TR>
</TBODY></TABLE><BR>
<TABLE border=1>
<TBODY>
<TR>
<TD>Element(QName)</TD><TD>公司</TD></TR>
<TR>
<TD>Element(Local Name)</TD><TD>公司</TD></TR>
<TR>
<TD>Content</TD><TD>公司F</TD></TR>
</TBODY></TABLE><BR>
<TABLE border=1>
<TBODY>
<TR>
<TD>Element(QName)</TD><TD>价格</TD></TR>
<TR>
<TD>Element(Local Name)</TD><TD>价格</TD></TR>
<TR>
<TD>Attribute(QName)</TD><TD>货币</TD></TR>
<TR>
<TD>Attribute(Local Name)</TD><TD>货币</TD></TR>
<TR>
<TD>Attribute(Type)</TD><TD>CDATA</TD></TR>
<TR>
<TD>Attribute(Value)</TD><TD>日元</TD></TR>
<TR>
<TD>Attribute(Prefix)</TD><TD>-</TD></TR>
<TR>
<TD>Attribute(Namespace)</TD><TD>-</TD></TR>
<TR>
<TD>Content</TD><TD>120</TD></TR>
</TBODY></TABLE><BR>
<TABLE border=1>
<TBODY>
<TR>
<TD>Element(QName)</TD><TD>含量</TD></TR>
<TR>
<TD>Element(Local Name)</TD><TD>含量</TD></TR>
<TR>
<TD>Attribute(QName)</TD><TD>单位</TD></TR>
<TR>
<TD>Attribute(Local Name)</TD><TD>单位</TD></TR>
<TR>
<TD>Attribute(Type)</TD><TD>CDATA</TD></TR>
<TR>
<TD>Attribute(Value)</TD><TD>ml</TD></TR>
<TR>
<TD>Attribute(Prefix)</TD><TD>-</TD></TR>
<TR>
<TD>Attribute(Namespace)</TD><TD>-</TD></TR>
<TR>
<TD>Content</TD><TD>350</TD></TR>
</TBODY></TABLE><BR>
</TBODY></TABLE><BR>
<TABLE border=1>
<TBODY>
<TR>
<TD>Element(QName)</TD><TD>饮料</TD></TR>
<TR>
<TD>Element(Local Name)</TD><TD>饮料</TD></TR>
<TABLE border=1>
<TBODY>
<TR>
<TD>Element(QName)</TD><TD>名称</TD></TR>
<TR>
<TD>Element(Local Name)</TD><TD>名称</TD></TR>
<TR>
<TD>Content</TD><TD>名称P</TD></TR>
</TBODY></TABLE><BR>
<TABLE border=1>
<TBODY>
<TR>
<TD>Element(QName)</TD><TD>种类</TD></TR>
<TR>
<TD>Element(Local Name)</TD><TD>种类</TD></TR>
<TR>
<TD>Content</TD><TD>饮料O</TD></TR>
</TBODY></TABLE><BR>
<TABLE border=1>
<TBODY>
<TR>
<TD>Element(QName)</TD><TD>公司</TD></TR>
<TR>
<TD>Element(Local Name)</TD><TD>公司</TD></TR>
<TR>
<TD>Content</TD><TD>公司P</TD></TR>
</TBODY></TABLE><BR>
<TABLE border=1>
<TBODY>
<TR>
<TD>Element(QName)</TD><TD>价格</TD></TR>
<TR>
<TD>Element(Local Name)</TD><TD>价格</TD></TR>
<TR>
<TD>Attribute(QName)</TD><TD>货币</TD></TR>
<TR>
<TD>Attribute(Local Name)</TD><TD>货币</TD></TR>
<TR>
<TD>Attribute(Type)</TD><TD>CDATA</TD></TR>
<TR>
<TD>Attribute(Value)</TD><TD>日元</TD></TR>
<TR>
<TD>Attribute(Prefix)</TD><TD>-</TD></TR>
<TR>
<TD>Attribute(Namespace)</TD><TD>-</TD></TR>
<TR>
<TD>Content</TD><TD>120</TD></TR>
</TBODY></TABLE><BR>
<TABLE border=1>
<TBODY>
<TR>
<TD>Element(QName)</TD><TD>含量</TD></TR>
<TR>
<TD>Element(Local Name)</TD><TD>含量</TD></TR>
<TR>
<TD>Attribute(QName)</TD><TD>单位</TD></TR>
<TR>
<TD>Attribute(Local Name)</TD><TD>单位</TD></TR>
<TR>
<TD>Attribute(Type)</TD><TD>CDATA</TD></TR>
<TR>
<TD>Attribute(Value)</TD><TD>g</TD></TR>
<TR>
<TD>Attribute(Prefix)</TD><TD>-</TD></TR>
<TR>
<TD>Attribute(Namespace)</TD><TD>-</TD></TR>
<TR>
<TD>Content</TD><TD>190</TD></TR>
</TBODY></TABLE><BR>
</TBODY></TABLE><BR>
</TBODY></TABLE><BR>
