<?xml version="1.0" encoding="UTF-8"?><ANSIString2root><一丁七elm ABCCDEattr="ABCCDEval0"><ANSIString2_3elm>ANSIString2_3val</ANSIString2_3elm></一丁七elm><一丁七elm ABCCDEattr="ABCCDEval1"><ANSIString2_3elm>ANSIString2_3val</ANSIString2_3elm></一丁七elm><一丁七elm ABCCDEattr="ABCCDEval2"><ANSIString2_3elm>ANSIString2_3val</ANSIString2_3elm></一丁七elm><一丁七elm ABCCDEattr="ABCCDEval3"><ANSIString2_3elm>ANSIString2_3val</ANSIString2_3elm></一丁七elm><一丁七elm ABCCDEattr="ABCCDEval4"><ANSIString2_3elm>ANSIString2_3val</ANSIString2_3elm></一丁七elm><!--啊　　　 comment--></ANSIString2root>