<?xml version="1.0" encoding="UTF-8"?><表噂十豹竹敷椄root><株熏犗煻獃瑱elm ABCCDE18921壹捌玖貳壹貳參肆伍陸柒捌玖拾attr="ABCCDE18921壹捌玖貳壹貳參肆伍陸柒捌玖拾val0"><表噂十豹竹敷椄_3elm>表噂十豹竹敷椄_3val</表噂十豹竹敷椄_3elm></株熏犗煻獃瑱elm><株熏犗煻獃瑱elm ABCCDE18921壹捌玖貳壹貳參肆伍陸柒捌玖拾attr="ABCCDE18921壹捌玖貳壹貳參肆伍陸柒捌玖拾val1"><表噂十豹竹敷椄_3elm>表噂十豹竹敷椄_3val</表噂十豹竹敷椄_3elm></株熏犗煻獃瑱elm><株熏犗煻獃瑱elm ABCCDE18921壹捌玖貳壹貳參肆伍陸柒捌玖拾attr="ABCCDE18921壹捌玖貳壹貳參肆伍陸柒捌玖拾val2"><表噂十豹竹敷椄_3elm>表噂十豹竹敷椄_3val</表噂十豹竹敷椄_3elm></株熏犗煻獃瑱elm><株熏犗煻獃瑱elm ABCCDE18921壹捌玖貳壹貳參肆伍陸柒捌玖拾attr="ABCCDE18921壹捌玖貳壹貳參肆伍陸柒捌玖拾val3"><表噂十豹竹敷椄_3elm>表噂十豹竹敷椄_3val</表噂十豹竹敷椄_3elm></株熏犗煻獃瑱elm><株熏犗煻獃瑱elm ABCCDE18921壹捌玖貳壹貳參肆伍陸柒捌玖拾attr="ABCCDE18921壹捌玖貳壹貳參肆伍陸柒捌玖拾val4"><表噂十豹竹敷椄_3elm>表噂十豹竹敷椄_3val</表噂十豹竹敷椄_3elm></株熏犗煻獃瑱elm><!--表噂十豹竹敷椄 comment--></表噂十豹竹敷椄root>