<?xml version="1.0" encoding="UTF-8"?><表噂十豹竹敷椄鷗葛root><株表噂十豹竹敷椄elm 壹捌玖貳壹一丁七attr="壹捌玖貳壹一丁七val0"><ABCCDE18921壹捌玖貳壹貳參肆伍陸柒捌玖拾elm>ABCCDE18921壹捌玖貳壹貳參肆伍陸柒捌玖拾val</ABCCDE18921壹捌玖貳壹貳參肆伍陸柒捌玖拾elm></株表噂十豹竹敷椄elm><株表噂十豹竹敷椄elm 壹捌玖貳壹一丁七attr="壹捌玖貳壹一丁七val1"><ABCCDE18921壹捌玖貳壹貳參肆伍陸柒捌玖拾elm>ABCCDE18921壹捌玖貳壹貳參肆伍陸柒捌玖拾val</ABCCDE18921壹捌玖貳壹貳參肆伍陸柒捌玖拾elm></株表噂十豹竹敷椄elm><株表噂十豹竹敷椄elm 壹捌玖貳壹一丁七attr="壹捌玖貳壹一丁七val2"><ABCCDE18921壹捌玖貳壹貳參肆伍陸柒捌玖拾elm>ABCCDE18921壹捌玖貳壹貳參肆伍陸柒捌玖拾val</ABCCDE18921壹捌玖貳壹貳參肆伍陸柒捌玖拾elm></株表噂十豹竹敷椄elm><株表噂十豹竹敷椄elm 壹捌玖貳壹一丁七attr="壹捌玖貳壹一丁七val3"><ABCCDE18921壹捌玖貳壹貳參肆伍陸柒捌玖拾elm>ABCCDE18921壹捌玖貳壹貳參肆伍陸柒捌玖拾val</ABCCDE18921壹捌玖貳壹貳參肆伍陸柒捌玖拾elm></株表噂十豹竹敷椄elm><株表噂十豹竹敷椄elm 壹捌玖貳壹一丁七attr="壹捌玖貳壹一丁七val4"><ABCCDE18921壹捌玖貳壹貳參肆伍陸柒捌玖拾elm>ABCCDE18921壹捌玖貳壹貳參肆伍陸柒捌玖拾val</ABCCDE18921壹捌玖貳壹貳參肆伍陸柒捌玖拾elm></株表噂十豹竹敷椄elm><!--表噂十豹竹敷椄鷗葛 comment--></表噂十豹竹敷椄鷗葛root>