<?xml version="1.0" encoding="UTF-8"?><株表root><株表_1elm 株表_2attr="株表_2val0"><株表_3elm>株表_3val</株表_3elm></株表_1elm><株表_1elm 株表_2attr="株表_2val1"><株表_3elm>株表_3val</株表_3elm></株表_1elm><株表_1elm 株表_2attr="株表_2val2"><株表_3elm>株表_3val</株表_3elm></株表_1elm><株表_1elm 株表_2attr="株表_2val3"><株表_3elm>株表_3val</株表_3elm></株表_1elm><株表_1elm 株表_2attr="株表_2val4"><株表_3elm>株表_3val</株表_3elm></株表_1elm><!--表噂十豹竹敷～ comment--></株表root>