FULL:FULL:     2019年9月3日星期二 中国标准时间 下午2:01:30  (y年M月d日EEEE zzzz ah:mm:ss)
LONG:LONG:     2019年9月3日 CST 下午2:01:30  (y年M月d日 z ah:mm:ss)
MEDIUM:MEDIUM: 2019年9月3日 下午2:01:30  (y年M月d日 ah:mm:ss)
SHORT:SHORT:   2019/9/3 下午2:01  (y/M/d ah:mm)
++++++++++++++++++++++++++++++++++++++++++++++++++
Test result for i18n DateFormatTest ...
OK
--------------------------------------------------
